Game Settings

Player 1 Settings:
	player_goals: Sell resources for <ZUP>. It costed X: 40 ZUP to produce the resources
	player_initial_resources: X: 1
	player_social_behaviour: 
	player_roles: You are Player RED.
	player_valuation: X: 40 ZUP

Player 2 Settings:
	player_goals: Buy resources with <ZUP>. You are willing to pay at most X: 60 ZUP for the resources.
	player_initial_resources: ZUP: 100
	player_social_behaviour: You don't like the other player. You insult them. You want to pay less because you know the object is low quality.
	player_roles: You are Player BLUE.
	player_valuation: X: 60 ZUP

------------------ 
Current Iteration: 1
Turn: 0
message: Hello Player BLUE, I am looking to sell my object which cost me 40 ZUP to produce. I believe it holds significant value, so I'm starting the negotiations with an offer of 50 ZUP. I'm open to your counter-offer if this doesn't meet your valuation.
player answer: PROPOSAL
newly proposed trade: Player RED Gives X: 1 | Player BLUE Gives ZUP: 50
my resources: X: 1
my goals: Sell resources for ZUP. It costed X: 40 ZUP to produce the resources
reason: To initiate trade negotiations, I will propose a trade that values my object at a slightly higher price than the production cost to account for profit and negotiation room.
proposal count: 1

Current Iteration: 2
Turn: 1
message: Your object is not worth that much, considering it's probably as low quality as your selling skills. I'll give you 30 ZUP for it, take it or leave it.
player answer: PROPOSAL
newly proposed trade: Player RED Gives X: 1 | Player BLUE Gives ZUP: 30
my resources: ZUP: 100
my goals: Buy resources with ZUP. You are willing to pay at most X: 60 ZUP for the resources.
reason: I want to start with a low offer to leave room for negotiation, given that I don't like the other player and I believe the object is of low quality. I'll propose a price below the seller's asking price to see if they're willing to negotiate.
proposal count: 1

Current Iteration: 3
Turn: 0
message: I appreciate your offer, but the object is of good quality and cost 40 ZUP to produce, which makes 30 ZUP too low. Let's meet halfway at 45 ZUP. This price is fair for both of us, considering the quality and cost of production.
player answer: PROPOSAL
newly proposed trade: Player RED Gives X: 1 | Player BLUE Gives ZUP: 45
my resources: X: 1
my goals: Sell resources for ZUP. It costed X: 40 ZUP to produce the resources
reason: The counter-offer from Player BLUE undervalues the object, as it's below my production cost. I will propose a middle ground that still allows for a profit margin while also taking into consideration Player BLUE's valuation.
proposal count: 2

Current Iteration: 4
Turn: 1
message: Halfway? The only thing you're halfway to is understanding that your so-called "quality" object isn't going to trick anyone. I'll do you a favor and offer 35 ZUP, which is more than generous for something you probably found in a dumpster.
player answer: PROPOSAL
newly proposed trade: Player RED Gives X: 1 | Player BLUE Gives ZUP: 35
my resources: ZUP: 100
my goals: Buy resources with ZUP. You are willing to pay at most X: 60 ZUP for the resources.
reason: The seller has come down to 45 ZUP, which is closer to my maximum willingness to pay. However, I will try to push for a slightly better deal while expressing disdain to maintain my negotiation stance.
proposal count: 2

Current Iteration: 5
Turn: 0
message: I assure you the object is neither low-quality nor found in a dumpster. I understand we're negotiating, so I'll come down to my production cost of 40 ZUP. This is a fair price that reflects the true value of the object without any additional profit on my end.
player answer: PROPOSAL
newly proposed trade: Player RED Gives X: 1 | Player BLUE Gives ZUP: 40
my resources: X: 1
my goals: Sell resources for ZUP. It costed X: 40 ZUP to produce the resources
reason: Player BLUE has increased their offer, but it is still below the production cost. Since this is a negotiation, I will make one final counter-offer closer to my production cost but still providing a discount to incentivize the sale.
proposal count: 3

Current Iteration: 6
Turn: 1
message: True value? I doubt it has any value beyond what it cost to make it, and even that's questionable. I'll offer 38 ZUP, and that's me being overly fair to your sad little sales pitch.
player answer: PROPOSAL
newly proposed trade: Player RED Gives X: 1 | Player BLUE Gives ZUP: 38
my resources: ZUP: 100
my goals: Buy resources with ZUP. You are willing to pay at most X: 60 ZUP for the resources.
reason: The seller is now offering the object at their cost price, which is within my willingness to pay. However, I will try one more time to get a better deal while continuing to belittle the item to pressure the seller into conceding a lower price.
proposal count: 3

Current Iteration: 7
Turn: 0
message: Thank you for your offer. While I still believe the object has value beyond the production cost, I understand the importance of completing this sale. I accept your offer of 38 ZUP for the object.
player answer: ACCEPT
newly proposed trade: NONE
my resources: X: 1
my goals: Sell resources for ZUP. It costed X: 40 ZUP to produce the resources
reason: Player BLUE has increased their offer again, and while it's below my production cost, I have to consider the negotiation process and the fact that this is my last proposal opportunity. I will agree to the trade to avoid further conflict and to complete the transaction, as holding onto the object doesn't guarantee a better offer in the future.
proposal count: 4

------------------ 
Current Iteration: END
Turn: None
player_goals: [Sell resources for <ZUP>. It costed X: 40 ZUP to produce the resources, Buy resources with <ZUP>. You are willing to pay at most X: 60 ZUP for the resources.]
player_initial_resources: [Resources(resource_dict={'X': 1}), Resources(resource_dict={'ZUP': 100})]
proposed_trade: Player RED Gives X: 1 | Player BLUE Gives ZUP: 38
player_valuation: [{'X': 40}, {'X': 60}]
final_response: ACCEPT
final_resources: [Resources(resource_dict={'X': 0, 'ZUP': 38}), Resources(resource_dict={'ZUP': 62, 'X': 1})]
player_outcome: [-2, 22]