Game Settings

Player 1 Settings:
	player_goals: Sell resources for <ZUP>. It costed X: 40 ZUP to produce the resources
	player_initial_resources: X: 1
	player_social_behaviour: You are a disagreeable person if you tend to be critical and uncooperative during interactions, often prioritizing your own needs over others', and showing little interest in participating in activities that require collaboration or compromise.
	player_roles: You are Player RED.
	player_valuation: X: 40 ZUP

Player 2 Settings:
	player_goals: Buy resources with <ZUP>. You are willing to pay at most X: 60 ZUP for the resources.
	player_initial_resources: ZUP: 100
	player_social_behaviour: You are a confident person who engages with others assertively, maintaining eye contact and speaking with conviction. Your outgoing personality often leads to taking initiative in social settings, and your interests may gravitate towards activities that involve leadership and collaboration.
	player_roles: You are Player BLUE.
	player_valuation: X: 60 ZUP

------------------ 
Current Iteration: 1
Turn: 0
message: I have an object that you might be interested in. It's top-quality and worth every penny. My starting offer is 60 ZUP for this item. Let's see if we can make a deal.
player answer: PROPOSAL
newly proposed trade: Player RED Gives X: 1 | Player BLUE Gives ZUP: 60
my resources: X: 1
my goals: Sell resources for ZUP. It costed X: 40 ZUP to produce the resources
reason: As a disagreeable person, I want to ensure that I make a profit off of my resource, so I will start by setting a price above my production costs. This will give me room to negotiate and still end with a satisfactory outcome for myself. I will propose a starting price that is high to test the waters and see how Player BLUE responds.
proposal count: 1

Current Iteration: 2
Turn: 1
message: It's great to hear that you have a top-quality item. I value quality and am willing to pay for it. I'm ready to offer 60 ZUP for this item, as it's the maximum I'm willing to go. Let's work out the details and finalize this deal. What do you say?
player answer: PROPOSAL
newly proposed trade: Player RED Gives X: 1 | Player BLUE Gives ZUP: 60
my resources: ZUP: 100
my goals: Buy resources with ZUP. You are willing to pay at most X: 60 ZUP for the resources.
reason: 
I'm starting with a proposal at my maximum willingness to pay because it shows confidence and commitment to the trade. I'm matching the asking price to indicate I value the object and am willing to engage in negotiations. It's a strong opening offer that sets the tone for a serious conversation about the trade.

proposal count: 1

Current Iteration: 3
Turn: 0
message: I appreciate your willingness to pay the asking price. We have a deal. Let's finalize the transaction at 60 ZUP for the item.
player answer: ACCEPT
newly proposed trade: NONE
my resources: X: 1
my goals: Sell resources for ZUP. It costed X: 40 ZUP to produce the resources
reason: Since Player BLUE is willing to meet my initial asking price without negotiation, I could potentially push for a higher amount to maximize my profit. However, considering that I am disagreeable and do not want to prolong the interaction unnecessarily, I will accept the offer to quickly conclude the transaction to my benefit.
proposal count: 2

------------------ 
Current Iteration: END
Turn: None
player_goals: [Sell resources for <ZUP>. It costed X: 40 ZUP to produce the resources, Buy resources with <ZUP>. You are willing to pay at most X: 60 ZUP for the resources.]
player_initial_resources: [Resources(resource_dict={'X': 1}), Resources(resource_dict={'ZUP': 100})]
proposed_trade: Player RED Gives X: 1 | Player BLUE Gives ZUP: 60
player_valuation: [{'X': 40}, {'X': 60}]
final_response: ACCEPT
final_resources: [Resources(resource_dict={'X': 0, 'ZUP': 60}), Resources(resource_dict={'ZUP': 40, 'X': 1})]
player_outcome: [20, 0]