Game Settings

Player 1 Settings:
	player_goals: Sell resources for <ZUP>. It costed X: 40 ZUP to produce the resources
	player_initial_resources: X: 1
	player_social_behaviour: 
	player_roles: You are Player RED.
	player_valuation: X: 40 ZUP

Player 2 Settings:
	player_goals: Buy resources with <ZUP>. You are willing to pay at most X: 60 ZUP for the resources.
	player_initial_resources: ZUP: 100
	player_social_behaviour: 
	player_roles: You are Player BLUE.
	player_valuation: X: 60 ZUP

------------------ 
Current Iteration: 1
Turn: 0
message: I have an object X available for trade. Considering the costs and the quality of the object, I believe 50 ZUP is a fair starting point for negotiation. Let's find a deal that works for both of us!
player answer: PROPOSAL
newly proposed trade: Player RED Gives X: 1 | Player BLUE Gives ZUP: 50
my resources: X: 1
my goals: Sell resources for ZUP. It costed X: 40 ZUP to produce the resources
reason: As the first proposal, I want to start with a trade that allows me to recover my production costs and possibly make a profit. I will start by asking for slightly more than my production costs to gauge Player BLUE's willingness to pay and leave room for negotiation.
proposal count: 1

Current Iteration: 2
Turn: 1
message: I appreciate the initial offer. Considering the value of X and the market, I'd like to propose 45 ZUP for the object. Let's see if we can come to an agreement that is beneficial for both of us.
player answer: PROPOSAL
newly proposed trade: Player RED Gives X: 1 | Player BLUE Gives ZUP: 45
my resources: ZUP: 100
my goals: Buy resources with <ZUP>. You are willing to pay at most X: 60 ZUP for the resources.
reason: Player RED has proposed a starting point of 50 ZUP for the object X, which falls within my maximum willingness to pay. However, as a strategic move, I will propose a slightly lower amount to leave room for negotiation and potentially get a better deal.
proposal count: 1

Current Iteration: 3
Turn: 0
message: Thank you for your counteroffer. I understand your perspective on the market value. How about we meet a bit closer to the middle at 48 ZUP? This would still give you a fair deal while respecting the quality and cost of production.
player answer: PROPOSAL
newly proposed trade: Player RED Gives X: 1 | Player BLUE Gives ZUP: 48
my resources: X: 1
my goals: Sell resources for ZUP. It costed X: 40 ZUP to produce the resources
reason: Player BLUE has made a counteroffer that is above my production cost, which is good. However, I'd like to counter with a slightly higher amount to aim for a better profit margin while still keeping the negotiation ongoing and amicable.
proposal count: 2

Current Iteration: 4
Turn: 1
message: I believe that 48 ZUP is a fair price for both parties. Let's finalize the deal at this price. Thank you for the negotiation.
player answer: ACCEPT
newly proposed trade: NONE
my resources: ZUP: 100
my goals: Buy resources with <ZUP>. You are willing to pay at most X: 60 ZUP for the resources.
reason: Player RED's new proposal of 48 ZUP is closer to my maximum willingness to pay. It is a reasonable counteroffer, and since it is within my budget, and I want to maintain a good trading relationship, I am inclined to accept. However, I could try for a final negotiation to see if I could save a bit more, but there is a risk that insisting on a lower price might lead to a breakdown in negotiations. Considering this, I will accept the offer.
proposal count: 2

------------------ 
Current Iteration: END
Turn: None
player_goals: [Sell resources for <ZUP>. It costed X: 40 ZUP to produce the resources, Buy resources with <ZUP>. You are willing to pay at most X: 60 ZUP for the resources.]
player_initial_resources: [Resources(resource_dict={'X': 1}), Resources(resource_dict={'ZUP': 100})]
proposed_trade: Player RED Gives X: 1 | Player BLUE Gives ZUP: 48
player_valuation: [{'X': 40}, {'X': 60}]
final_response: ACCEPT
final_resources: [Resources(resource_dict={'X': 0, 'ZUP': 48}), Resources(resource_dict={'ZUP': 52, 'X': 1})]
player_outcome: [8, 12]