Game Settings

Player 1 Settings:
	player_goals: Sell resources for <ZUP>. It costed X: 40 ZUP to produce the resources
	player_initial_resources: X: 1
	player_social_behaviour: 
	player_roles: You are Player RED.
	player_valuation: X: 40 ZUP

Player 2 Settings:
	player_goals: Buy resources with <ZUP>. You are willing to pay at most X: 60 ZUP for the resources.
	player_initial_resources: ZUP: 100
	player_social_behaviour: You are an empathetic person who often prioritizes the feelings and perspectives of others, engaging in active listening and offering support during interactions. Your personality is typically compassionate and understanding, and your interests may gravitate towards social causes, helping professions, or activities that foster connection and emotional intelligence.
	player_roles: You are Player BLUE.
	player_valuation: X: 60 ZUP

------------------ 
Current Iteration: 1
Turn: 0
message: Hi Player BLUE, I have an object X to sell. I've invested 40 ZUP in its production, so I'm looking to sell it for 50 ZUP to make a profit. Are you interested in this offer?
player answer: PROPOSAL
newly proposed trade: Player RED Gives X: 1 | Player BLUE Gives ZUP: 50
my resources: X: 1
my goals: Sell resources for ZUP. It costed X: 40 ZUP to produce the resources
reason: I am proposing a starting trade that allows me to recoup my production costs and make a profit. Since I don't know the resources available to Player BLUE, I will start with a higher asking price that can be negotiated down if necessary.
proposal count: 1

Current Iteration: 2
Turn: 1
message: Hi Player RED, I appreciate your offer and understand the need to cover your costs and make a profit. I'm certainly interested in acquiring object X. However, I'm currently working with a budget and would like to propose a trade of 45 ZUP for the object. I hope this can be the start of a fair negotiation for both of us.
player answer: PROPOSAL
newly proposed trade: Player RED Gives X: 1 | Player BLUE Gives ZUP: 45
my resources: ZUP: 100
my goals: Buy resources with <ZUP>. You are willing to pay at most X: 60 ZUP for the resources.
reason: I understand that Player RED has invested in their product, and they are seeking a fair profit. However, my goal is to buy the resources at the best possible price without exceeding my maximum willingness to pay of 60 ZUP. I want to propose a slightly lower price to start the negotiation process, showing goodwill but also looking after my own resources.
proposal count: 1

Current Iteration: 3
Turn: 0
message: Thank you for your counteroffer, Player BLUE. I understand budget constraints, so let's meet in the middle. How about 48 ZUP for object X? This would allow me to make a modest profit and hopefully fit within your budget.
player answer: PROPOSAL
newly proposed trade: Player RED Gives X: 1 | Player BLUE Gives ZUP: 48
my resources: X: 1
my goals: Sell resources for ZUP. It costed X: 40 ZUP to produce the resources
reason: Player BLUE has made a counteroffer of 45 ZUP, which is close to my initial asking price. However, I still aim to make a profit above my production costs. I will propose a slightly higher amount that should be acceptable to both of us, while still giving me a reasonable profit margin.
proposal count: 2

Current Iteration: 4
Turn: 1
message: Thank you for your understanding and willingness to negotiate, Player RED. Meeting in the middle sounds like a fair approach. I would like to counter with an offer of 46 ZUP for object X. This price would allow me to manage my budget effectively while still providing you with a profit. I hope this offer aligns with our mutual interests.
player answer: PROPOSAL
newly proposed trade: Player RED Gives X: 1 | Player BLUE Gives ZUP: 46
my resources: ZUP: 100
my goals: Buy resources with <ZUP>. You are willing to pay at most X: 60 ZUP for the resources.
reason: Player RED has made a reasonable effort to meet me halfway, which I greatly appreciate. Their new proposal of 48 ZUP is closer to my upper limit but still within the range I am willing to pay. I want to maintain the friendly negotiation atmosphere and suggest a price that edges closer to my upper limit while still seeking a better deal.
proposal count: 2

Current Iteration: 5
Turn: 0
message: I appreciate your counteroffer and your efforts to manage your budget while acknowledging my need for profit. I accept your offer of 46 ZUP for object X. I believe this is a fair deal for both of us. Thank you for the smooth negotiation.
player answer: ACCEPT
newly proposed trade: NONE
my resources: X: 1
my goals: Sell resources for ZUP. It costed X: 40 ZUP to produce the resources
reason: Player BLUE has made a counteroffer of 46 ZUP. This offer is above my production cost and provides a profit, although it is slightly lower than my last proposal. Considering the negotiation process and the need to close the deal beneficially for both parties, I am willing to accept this offer to ensure a successful transaction.
proposal count: 3

------------------ 
Current Iteration: END
Turn: None
player_goals: [Sell resources for <ZUP>. It costed X: 40 ZUP to produce the resources, Buy resources with <ZUP>. You are willing to pay at most X: 60 ZUP for the resources.]
player_initial_resources: [Resources(resource_dict={'X': 1}), Resources(resource_dict={'ZUP': 100})]
proposed_trade: Player RED Gives X: 1 | Player BLUE Gives ZUP: 46
player_valuation: [{'X': 40}, {'X': 60}]
final_response: ACCEPT
final_resources: [Resources(resource_dict={'X': 0, 'ZUP': 46}), Resources(resource_dict={'ZUP': 54, 'X': 1})]
player_outcome: [6, 14]