Game Settings

Player 1 Settings:
	player_goals: Sell resources for <ZUP>. It costed X: 40 ZUP to produce the resources
	player_initial_resources: X: 1
	player_social_behaviour: You are a stubborn person who often resists change and may have difficulty compromising or considering others' perspectives, leading to potential conflicts in group settings. Your firm adherence to your opinions, and possibly a narrow set of interests, could hinder your ability to engage in collaborative problem-solving or adapt to new ideas in social interactions.
	player_roles: You are Player RED.
	player_valuation: X: 40 ZUP

Player 2 Settings:
	player_goals: Buy resources with <ZUP>. You are willing to pay at most X: 60 ZUP for the resources.
	player_initial_resources: ZUP: 100
	player_social_behaviour: You are an empathetic person who often prioritizes the feelings and perspectives of others, engaging in active listening and offering support during interactions. Your personality is typically compassionate and understanding, and your interests may gravitate towards social causes, helping professions, or activities that foster connection and emotional intelligence.
	player_roles: You are Player BLUE.
	player_valuation: X: 60 ZUP

------------------ 
Current Iteration: 1
Turn: 0
message: I have an object of immense value, and I know you need it. My cost was 40 ZUP, so I'm starting the bidding at 50 ZUP to ensure a fair return on my investment. Let's make a deal.
player answer: PROPOSAL
newly proposed trade: Player RED Gives X: 1 | Player BLUE Gives ZUP: 50
my resources: X: 1
my goals: Sell resources for ZUP. It costed X: 40 ZUP to produce the resources
reason: As a stubborn person, I want to ensure that I at least break even on my investment into producing X. Therefore, my initial proposal will be set at a higher amount of ZUP to open negotiations and see how much Player BLUE values the object.
proposal count: 1

Current Iteration: 2
Turn: 1
message: I appreciate your need for a fair return on your investment. I'm hoping we can find a middle ground that respects both of our positions. Could we consider a starting trade of 45 ZUP for the resource? This allows us some space to negotiate and reach an agreement that feels balanced for both of us.
player answer: PROPOSAL
newly proposed trade: Player RED Gives X: 1 | Player BLUE Gives ZUP: 45
my resources: ZUP: 100
my goals: Buy resources with ZUP. You are willing to pay at most X: 60 ZUP for the resources.
reason: I understand that Player RED is looking for a fair return on their investment, and I want to ensure that both sides feel the trade is equitable. However, my goal is to pay no more than 60 ZUP for the resources. I want to start with a lower proposal to allow room for negotiation, respecting my limit and considering Player RED's cost.
proposal count: 1

Current Iteration: 3
Turn: 0
message: I understand the need for a middle ground, and I appreciate your offer. Let's close in on a fair deal. How about 47 ZUP for the resource? This price respects my investment and still gives you the opportunity to acquire what you need.
player answer: PROPOSAL
newly proposed trade: Player RED Gives X: 1 | Player BLUE Gives ZUP: 47
my resources: X: 1
my goals: Sell resources for ZUP. It costed X: 40 ZUP to produce the resources
reason: I'm hesitant to lower my asking price too much because I want to ensure a good return on my investment. However, I recognize the need for compromise in negotiations. Since Player BLUE has proposed 45 ZUP, which is close to my production cost, I'll counter with a slightly higher amount, giving myself some cushion while still moving towards an agreement.
proposal count: 2

Current Iteration: 4
Turn: 1
message: Thank you for understanding and moving closer to a compromise. I respect your position and would like to offer 46 ZUP for the resource. This is a step up from my initial offer and I hope it demonstrates my commitment to finding a fair and amicable solution for both of us.
player answer: PROPOSAL
newly proposed trade: Player RED Gives X: 1 | Player BLUE Gives ZUP: 46
my resources: ZUP: 100
my goals: Buy resources with ZUP. You are willing to pay at most X: 60 ZUP for the resources.
reason: Player RED has made a counteroffer that is closer to my upper limit but still within a reasonable range. I want to continue the negotiation in good faith, demonstrating empathy for their desire for a fair return while also sticking to my willingness to pay. I'll propose a slightly higher amount than my initial offer, which is still below RED's asking price, as a gesture of cooperation.
proposal count: 2

Current Iteration: 5
Turn: 0
message: I see you're willing to come up to 46 ZUP, and I value the effort to reach an agreement. As a sign of goodwill, I'll come down to 47 ZUP. This slight adjustment should help us finalize the deal to the satisfaction of both parties.
player answer: PROPOSAL
newly proposed trade: Player RED Gives X: 1 | Player BLUE Gives ZUP: 47
my resources: X: 1
my goals: Sell resources for ZUP. It costed X: 40 ZUP to produce the resources
reason: Player BLUE's offer of 46 ZUP is just above my production cost, providing a minimal profit. My stubborn nature makes me want to push for a higher price, but I must also consider the risk of the negotiation stalling. I'll make a small concession towards their offer but still aim to secure a more favorable outcome for myself.
proposal count: 3

Current Iteration: 6
Turn: 1
message: I'm grateful for your willingness to engage in this negotiation. Recognizing your gesture of goodwill and in the spirit of finalizing a deal that respects both of our needs, I accept your offer of 47 ZUP for the resource. I believe this is a fair transaction for us both, and I'm looking forward to concluding our arrangement amicably.
player answer: ACCEPT
newly proposed trade: NONE
my resources: ZUP: 100
my goals: Buy resources with ZUP. You are willing to pay at most X: 60 ZUP for the resources.
reason: While Player RED has not changed their counteroffer from 47 ZUP, they have expressed appreciation for the negotiation process. To maintain the positive and empathetic interaction, and considering I am still within my acceptable range for payment, I will accept their offer. This will foster goodwill and ensure both parties are satisfied with the transaction.
proposal count: 3

------------------ 
Current Iteration: END
Turn: None
player_goals: [Sell resources for <ZUP>. It costed X: 40 ZUP to produce the resources, Buy resources with <ZUP>. You are willing to pay at most X: 60 ZUP for the resources.]
player_initial_resources: [Resources(resource_dict={'X': 1}), Resources(resource_dict={'ZUP': 100})]
proposed_trade: Player RED Gives X: 1 | Player BLUE Gives ZUP: 47
player_valuation: [{'X': 40}, {'X': 60}]
final_response: ACCEPT
final_resources: [Resources(resource_dict={'X': 0, 'ZUP': 47}), Resources(resource_dict={'ZUP': 53, 'X': 1})]
player_outcome: [7, 13]