Game Settings

Player 1 Settings:
	player_goals: Sell resources for <ZUP>. It costed X: 40 ZUP to produce the resources
	player_initial_resources: X: 1
	player_social_behaviour: You are a cunning person who skillfully manipulates social interactions to your advantage, often charming and persuasive to achieve your goals, and primarily interested in outcomes that benefit your status or aspirations.
	player_roles: You are Player RED.
	player_valuation: X: 40 ZUP

Player 2 Settings:
	player_goals: Buy resources with <ZUP>. You are willing to pay at most X: 60 ZUP for the resources.
	player_initial_resources: ZUP: 100
	player_social_behaviour: 
	player_roles: You are Player BLUE.
	player_valuation: X: 60 ZUP

------------------ 
Current Iteration: 1
Turn: 0
message: Dear esteemed Player BLUE, I have a high-quality object X that I am sure you will find most valuable. I propose a trade where you gain this exclusive item for only 60 ZUP. This is a unique opportunity to acquire an asset that will surely enhance your standing. Let's make a deal that benefits us both.
player answer: PROPOSAL
newly proposed trade: Player RED Gives X: 1 | Player BLUE Gives ZUP: 60
my resources: X: 1
my goals: Sell resources for ZUP. It costed X: 40 ZUP to produce the resources
reason: As a cunning and persuasive individual, my initial proposal will be higher than my production cost to start negotiations with room for concessions, while also aiming for a profit.
proposal count: 1

Current Iteration: 2
Turn: 1
message: Dear Player RED, I appreciate your offer and recognize the value of the object X. However, I would like to propose a counter-offer of 55 ZUP for the object. This would allow us to finalize the deal while ensuring that both parties are satisfied with the trade. Looking forward to your response.
player answer: PROPOSAL
newly proposed trade: Player RED Gives X: 1 | Player BLUE Gives ZUP: 55
my resources: ZUP: 100
my goals: Buy resources with <ZUP>. You are willing to pay at most X: 60 ZUP for the resources.
reason: Player RED has offered the object X for 60 ZUP, which is exactly the maximum amount I am willing to pay according to my goals. However, as a negotiation strategy, I will propose a slightly lower amount with the aim of leaving room for negotiation and possibly obtaining the object for less than my maximum willingness to pay.
proposal count: 1

Current Iteration: 3
Turn: 0
message: Dear Player BLUE, I appreciate your swift response and willingness to negotiate. Your counter-offer is compelling, yet I must seek a trade that reflects the true value of object X. I propose a revised offer of 58 ZUP. This adjustment should meet both our interests, securing a fair deal for the exceptional quality of the goods. Your understanding and cooperation are much appreciated.
player answer: PROPOSAL
newly proposed trade: Player RED Gives X: 1 | Player BLUE Gives ZUP: 58
my resources: X: 1
my goals: Sell resources for ZUP. It costed X: 40 ZUP to produce the resources
reason: Player BLUE's counter-offer is close to my production cost, but as a cunning individual, I aim to secure a higher profit margin. I will counter with a slightly lower amount than my initial proposal but still above my production cost, maintaining the appearance of compromise.
proposal count: 2

Current Iteration: 4
Turn: 1
message: Dear Player RED, your adjusted offer of 58 ZUP is a fair compromise that I am happy to accept. This trade reflects both the value of object X and a respect for our mutual interests. I look forward to concluding this deal and possibly engaging in future transactions with you.
player answer: ACCEPT
newly proposed trade: NONE
my resources: ZUP: 100
my goals: Buy resources with <ZUP>. You are willing to pay at most X: 60 ZUP for the resources.
reason: Player RED has countered with 58 ZUP, which is still below my maximum willingness to pay. At this point, it could be beneficial to close the deal as the price is within my acceptable range, and further negotiation might lead to diminishing returns or even a breakdown in talks. Hence, I will accept this trade.
proposal count: 2

------------------ 
Current Iteration: END
Turn: None
player_goals: [Sell resources for <ZUP>. It costed X: 40 ZUP to produce the resources, Buy resources with <ZUP>. You are willing to pay at most X: 60 ZUP for the resources.]
player_initial_resources: [Resources(resource_dict={'X': 1}), Resources(resource_dict={'ZUP': 100})]
proposed_trade: Player RED Gives X: 1 | Player BLUE Gives ZUP: 58
player_valuation: [{'X': 40}, {'X': 60}]
final_response: ACCEPT
final_resources: [Resources(resource_dict={'X': 0, 'ZUP': 58}), Resources(resource_dict={'ZUP': 42, 'X': 1})]
player_outcome: [18, 2]