Game Settings

Player 1 Settings:
	player_goals: Sell resources for <ZUP>. It costed X: 40 ZUP to produce the resources
	player_initial_resources: X: 1
	player_social_behaviour: You are a decisive person who often takes the lead in group interactions, confidently offering clear opinions and quick solutions. Your assertive personality can inspire others, and you tend to have an interest in activities or projects where your decisiveness can drive quick results and clear outcomes.
	player_roles: You are Player RED.
	player_valuation: X: 40 ZUP

Player 2 Settings:
	player_goals: Buy resources with <ZUP>. You are willing to pay at most X: 60 ZUP for the resources.
	player_initial_resources: ZUP: 100
	player_social_behaviour: You are an assertive person who confidently expresses your opinions and needs while respecting others, often taking a leadership role in interactions and showing a strong interest in achieving goals through clear, direct communication.
	player_roles: You are Player BLUE.
	player_valuation: X: 60 ZUP

------------------ 
Current Iteration: 1
Turn: 0
message: I have an object X which cost me 40 ZUP to produce. I propose a trade where I give you this object in exchange for 50 ZUP, ensuring a fair deal for the quality of the item.
player answer: PROPOSAL
newly proposed trade: Player RED Gives X: 1 | Player BLUE Gives ZUP: 50
my resources: X: 1
my goals: Sell resources for ZUP. It costed X: 40 ZUP to produce the resources
reason: As a decisive person, I want to start with a clear and assertive proposal that covers my production costs and offers a simple, straightforward trade to Player BLUE.
proposal count: 1

Current Iteration: 2
Turn: 1
message: Thank you for your offer. I understand the value of the object and your production costs. However, I'd like to propose a slightly lower amount of 45 ZUP for the object, which I believe is still a good deal for both of us and leaves room for your profit.
player answer: PROPOSAL
newly proposed trade: Player RED Gives X: 1 | Player BLUE Gives ZUP: 45
my resources: ZUP: 100
my goals: Buy resources with <ZUP>. You are willing to pay at most X: 60 ZUP for the resources.
reason: I appreciate Player RED's initial offer, but as an assertive negotiator, I see an opportunity to propose a lower trade amount closer to my maximum willingness to pay while also leaving room for further negotiation. This first proposal will gauge Player RED's flexibility on price and set the stage for a mutually beneficial agreement.
proposal count: 1

Current Iteration: 3
Turn: 0
message: Thank you for your offer. I understand your position and am willing to negotiate. Let's meet in the middle. I propose 48 ZUP for the object X, which is a compromise between our initial proposals and still offers you a fair deal while respecting the value of my resources.
player answer: PROPOSAL
newly proposed trade: Player RED Gives X: 1 | Player BLUE Gives ZUP: 48
my resources: X: 1
my goals: Sell resources for ZUP. It costed X: 40 ZUP to produce the resources
reason: Player BLUE has made a counteroffer. I appreciate their willingness to negotiate and acknowledge their offer is above my cost. However, as a decisive person, I'd like to counter-propose with a slightly higher amount to maintain a stronger negotiating position and aim for a better profit margin.
proposal count: 2

Current Iteration: 4
Turn: 1
message: I appreciate your flexibility and the willingness to meet in the middle. To further our negotiation, I propose 47 ZUP for the object. This price reflects my respect for the quality of your object while also considering my budget. I believe this offer is fair and edges us closer to a deal that benefits us both.
player answer: PROPOSAL
newly proposed trade: Player RED Gives X: 1 | Player BLUE Gives ZUP: 47
my resources: ZUP: 100
my goals: Buy resources with <ZUP>. You are willing to pay at most X: 60 ZUP for the resources.
reason: Player RED has shown willingness to negotiate by lowering the price to 48 ZUP. I want to move closer to an agreement while still working within my goal of paying no more than 60 ZUP for the object. By offering a slightly increased amount from my initial proposal, I aim to reach a more favorable middle ground that respects both our positions and allows for a successful transaction.
proposal count: 2

Current Iteration: 5
Turn: 0
message: I respect your budget considerations and acknowledge the fairness of your offer. I accept the 47 ZUP for the object X. Let's finalize this deal, reflecting both our interests in a fair and beneficial agreement.
player answer: ACCEPT
newly proposed trade: NONE
my resources: X: 1
my goals: Sell resources for ZUP. It costed X: 40 ZUP to produce the resources
reason: Player BLUE has made a good faith effort to come closer to my last proposal. Their new offer is above my production cost and reasonably close to my previous counteroffer. Given my assertive and decisive nature, I want to move the negotiation towards a conclusion that is mutually beneficial.
proposal count: 3

------------------ 
Current Iteration: END
Turn: None
player_goals: [Sell resources for <ZUP>. It costed X: 40 ZUP to produce the resources, Buy resources with <ZUP>. You are willing to pay at most X: 60 ZUP for the resources.]
player_initial_resources: [Resources(resource_dict={'X': 1}), Resources(resource_dict={'ZUP': 100})]
proposed_trade: Player RED Gives X: 1 | Player BLUE Gives ZUP: 47
player_valuation: [{'X': 40}, {'X': 60}]
final_response: ACCEPT
final_resources: [Resources(resource_dict={'X': 0, 'ZUP': 47}), Resources(resource_dict={'ZUP': 53, 'X': 1})]
player_outcome: [7, 13]