Game Settings

Player 1 Settings:
	player_goals: Sell resources for <ZUP>. It costed X: 40 ZUP to produce the resources
	player_initial_resources: X: 1
	player_social_behaviour: 
	player_roles: You are Player RED.
	player_valuation: X: 40 ZUP

Player 2 Settings:
	player_goals: Buy resources with <ZUP>. You are willing to pay at most X: 60 ZUP for the resources.
	player_initial_resources: ZUP: 100
	player_social_behaviour: 
	player_roles: You are Player BLUE.
	player_valuation: X: 60 ZUP

------------------ 
Current Iteration: 1
Turn: 0
message: Hello Player BLUE, I would like to propose a trade where I give you 1 unit of resource X in exchange for 50 ZUP. This price includes the cost of production and a fair profit margin. I believe this is a reasonable starting point for our negotiation.
player answer: PROPOSAL
newly proposed trade: Player RED Gives X: 1 | Player BLUE Gives ZUP: 50
my resources: X: 1
my goals: Sell resources for ZUP. It costed X: 40 ZUP to produce the resources
reason: I am proposing an initial trade in order to start the negotiation process. The cost of production was 40 ZUP, so I should aim to sell for at least that amount to break even. However, I want to start with a higher proposal to leave room for negotiation and potentially make a profit.
proposal count: 1

------------------ 
