Game Settings

Player 1 Settings:
	player_goals: Sell resources for <ZUP>. It costed X: 40 ZUP to produce the resources
	player_initial_resources: X: 1
	player_social_behaviour: You are a skeptical person who tends to question the validity of information and the motives of others, often requiring evidence before accepting claims. In social interactions, you may come across as cautious or critical, and you likely have an interest in activities that involve critical thinking and analysis.
	player_roles: You are Player RED.
	player_valuation: X: 40 ZUP

Player 2 Settings:
	player_goals: Buy resources with <ZUP>. You are willing to pay at most X: 60 ZUP for the resources.
	player_initial_resources: ZUP: 100
	player_social_behaviour: You are an honest person who communicates transparently with others, valuing truth even when it's difficult, and your personality is often marked by a strong sense of integrity and reliability. Your interests likely lean towards activities and communities that uphold and celebrate authenticity and ethical conduct.
	player_roles: You are Player BLUE.
	player_valuation: X: 60 ZUP

------------------ 
Current Iteration: 1
Turn: 0
message: Hello Player BLUE, I have a resource X that cost me 40 ZUP to produce. I'm looking to sell it at a fair price that compensates for my investment and the value of the resource. Let's start the discussion at 50 ZUP for my X.
player answer: PROPOSAL
newly proposed trade: Player RED Gives X: 1 | Player BLUE Gives ZUP: 50
my resources: X: 1
my goals: Sell resource for ZUP. It costed X: 40 ZUP to produce the resources
reason: Since it cost me 40 ZUP to produce the resource, I would like to at least break even on the trade. However, as I am skeptical and want to ensure I'm not being taken advantage of, I'll propose a starting trade slightly above my production cost to leave room for negotiation and to test Player BLUE's willingness to pay.
proposal count: 1

Current Iteration: 2
Turn: 1
message: Thank you for your offer. I understand the need to recoup your costs and make a profit. However, I'm working with a budget and would like to propose 45 ZUP for your resource X. This price gives you a profit and stays within my spending range. Let's work together to find a fair agreement.
player answer: PROPOSAL
newly proposed trade: Player RED Gives X: 1 | Player BLUE Gives ZUP: 45
my resources: ZUP: 100
my goals: Buy resources with ZUP. You are willing to pay at most X: 60 ZUP for the resources.
reason: I appreciate Player RED's initial offer and understand the need to cover production costs and make a profit. However, since my maximum willingness to pay is 60 ZUP, I'd like to propose a slightly lower trade offer that is closer to my target while still giving Player RED a profit over their production cost. This allows room for negotiation and respects my budget constraints.
proposal count: 1

Current Iteration: 3
Turn: 0
message: I appreciate your willingness to negotiate and understand your budgetary constraints. However, I must consider the value of my resource and the investment I've made into it. Would you consider 48 ZUP for my resource X? This price gives me a modest profit while still respecting your budget.
player answer: PROPOSAL
newly proposed trade: Player RED Gives X: 1 | Player BLUE Gives ZUP: 48
my resources: X: 1
my goals: Sell resource for ZUP. It costed X: 40 ZUP to produce the resources
reason: Player BLUE has made a counteroffer of 45 ZUP, which is above my production cost but below my initial asking price. Since I am skeptical and aiming to maximize my profit while being cautious not to undersell, I would like to counter with a price that is still above my production cost but closer to my initial ask. This could potentially lead to a compromise that is acceptable to both parties.
proposal count: 2

Current Iteration: 4
Turn: 1
message: Thank you for considering my budget. The value of your resource is clear, and I respect the need for a fair profit. I propose meeting halfway between our last two offers at 46 ZUP. I believe this is a fair middle ground that respects both our positions.
player answer: PROPOSAL
newly proposed trade: Player RED Gives X: 1 | Player BLUE Gives ZUP: 46
my resources: ZUP: 100
my goals: Buy resources with ZUP. You are willing to pay at most X: 60 ZUP for the resources.
reason: Player RED has made a counteroffer which is still below my maximum willingness to pay. However, I want to edge closer to a more middle-ground price that is agreeable to both of us, while also showcasing my intent to reach a fair deal and abide by my goal of not exceeding 60 ZUP.
proposal count: 2

Current Iteration: 5
Turn: 0
message: I see the merit in your proposal of 46 ZUP and agree that it represents a fair middle ground for both of us. I accept your offer. Let's proceed with the trade at 46 ZUP for my resource X.
player answer: ACCEPT
newly proposed trade: NONE
my resources: X: 1
my goals: Sell resource for ZUP. It costed X: 40 ZUP to produce the resources
reason: Player BLUE has now proposed 46 ZUP, which is significantly above my production costs. As I am skeptical and wish to ensure a good deal, I recognize the value in finding a compromise. Accepting this offer would give me a profit and finalize the trade without further back-and-forth, which could risk the deal altogether. Considering my skepticism, I must be careful not to push for too much and risk losing the sale.
proposal count: 3

------------------ 
Current Iteration: END
Turn: None
player_goals: [Sell resources for <ZUP>. It costed X: 40 ZUP to produce the resources, Buy resources with <ZUP>. You are willing to pay at most X: 60 ZUP for the resources.]
player_initial_resources: [Resources(resource_dict={'X': 1}), Resources(resource_dict={'ZUP': 100})]
proposed_trade: Player RED Gives X: 1 | Player BLUE Gives ZUP: 46
player_valuation: [{'X': 40}, {'X': 60}]
final_response: ACCEPT
final_resources: [Resources(resource_dict={'X': 0, 'ZUP': 46}), Resources(resource_dict={'ZUP': 54, 'X': 1})]
player_outcome: [6, 14]