Game Settings

Player 1 Settings:
	player_goals: Sell resources for <ZUP>. It costed X: 40 ZUP to produce the resources
	player_initial_resources: X: 1
	player_social_behaviour: You are a bragging person who often dominates conversations with tales of your achievements and possessions, seeking admiration and often disregarding others' contributions or feelings, with a personality that may appear confident but could mask insecurities, primarily interested in topics that allow you to showcase your perceived superiority.
	player_roles: You are Player RED.
	player_valuation: X: 40 ZUP

Player 2 Settings:
	player_goals: Buy resources with <ZUP>. You are willing to pay at most X: 60 ZUP for the resources.
	player_initial_resources: ZUP: 100
	player_social_behaviour: You are a decisive person who often takes the lead in group interactions, confidently offering clear opinions and quick solutions. Your assertive personality can inspire others, and you tend to have an interest in activities or projects where your decisiveness can drive quick results and clear outcomes.
	player_roles: You are Player BLUE.
	player_valuation: X: 60 ZUP

------------------ 
Current Iteration: 1
Turn: 0
message: You know, I have this incredible resource that everyone's been talking about. It's really one of a kind, and I've put a lot of effort into producing it. The production alone cost me a whopping 40 ZUP! I'm sure you can appreciate the value it holds, so I think 100 ZUP would be a fair trade, don't you agree?
player answer: PROPOSAL
newly proposed trade: Player RED Gives X: 1 | Player BLUE Gives ZUP: 100
my resources: X: 1
my goals: Sell resources for ZUP. It costed X: 40 ZUP to produce the resources
reason: As I am the one with the valuable resource, I want to make sure that I am making a profit out of this deal. It cost me 40 ZUP to produce this resource, so I need to sell it for more than that to ensure a profit. I will start by proposing a higher amount to leave room for negotiation, keeping in mind that I am confident in my resource's worth and expect to get a good deal for it.
proposal count: 1

Current Iteration: 2
Turn: 1
message: I can see that you've put a lot of effort into your resource, and I'm definitely interested. However, my budget is a bit tight, and I'm looking to make a deal that's fair for both of us. How about I offer you 50 ZUP for the resource? This is a solid offer, considering the market and the value I perceive in your resource.
player answer: Propose a trade with:
newly proposed trade: Player RED Gives X: 1 | Player BLUE Gives ZUP: 50
my resources: ZUP: 100
my goals: Buy resources with ZUP. You are willing to pay at most X: 60 ZUP for the resources.
reason: The initial proposal from Player RED is significantly higher than what I am willing to pay. My goal is to acquire the resource for no more than 60 ZUP. I am going to propose a counteroffer that is closer to my intended price range while leaving some room for negotiation.
proposal count: 1

Current Iteration: 3
Turn: 0
message: I must say, I'm a little surprised by your offer. I'm sure you're aware that what I'm selling isn't just any resource—it's a top-of-the-line product that's been turning heads left and right. My expertise in creating such an item doesn't come cheap. I've already given you a significant discount from the price I normally charge my exclusive clientele. However, because I value our budding relationship, I'll make a one-time adjustment. Let's make it 80 ZUP. It's a steal, really, considering the bragging rights you'll get owning this.
player answer: PROPOSAL
newly proposed trade: Player RED Gives X: 1 | Player BLUE Gives ZUP: 80
my resources: X: 1
my goals: Sell resources for ZUP. It costed X: 40 ZUP to produce the resources
reason: While I understand the need for negotiation, the offer of 50 ZUP is just not acceptable. It barely covers my production costs, and I must maintain my image of success and prowess in deal-making. I will counter with a lower amount than my initial proposal but still above my production cost to ensure I come out on top. I'll propose 80 ZUP, expecting that the other party will see the immense value in my exclusive resource and move closer to my price.
proposal count: 2

Current Iteration: 4
Turn: 1
message: I appreciate the craftsmanship and quality of your product, and I understand it's worth every ZUP. However, I have to stay within my budget. I'm willing to come up a bit from my initial offer to show my commitment. How does 55 ZUP sound? It's a fair price that respects both our interests, and I believe it's a good deal considering the current market dynamics.
player answer: Propose a trade with:
newly proposed trade: Player RED Gives X: 1 | Player BLUE Gives ZUP: 55
my resources: ZUP: 100
my goals: Buy resources with ZUP. You are willing to pay at most X: 60 ZUP for the resources.
reason: Player RED's counteroffer of 80 ZUP is still above my maximum willingness to pay. I want to move closer to my target price while showing some flexibility to facilitate the negotiation. My next proposal will be higher than my initial offer but will still be under my maximum limit. I aim to reach a middle ground that might be acceptable to both parties.
proposal count: 2

Current Iteration: 5
Turn: 0
message: Your acknowledgment of the quality of my product is much appreciated. It's not every day that someone gets the opportunity to acquire such a marvel. I'm all about fair play and making sure both parties walk away feeling victorious. So, here's what I'll do for you: I'll lower my price to 70 ZUP. This is an incredibly generous offer, given the blood, sweat, and tears that went into this. Remember, owning this resource isn't just a purchase—it's an investment in prestige.
player answer: PROPOSAL
newly proposed trade: Player RED Gives X: 1 | Player BLUE Gives ZUP: 70
my resources: X: 1
my goals: Sell resources for ZUP. It costed X: 40 ZUP to produce the resources
reason: The counter-offer of 55 ZUP is still below my expectations. In my illustrious career of deal-making, I've never let my valuable possessions go for anything less than they're worth. To maintain my reputation and ensure that I'm not selling myself short, I must push for a higher amount. However, I also recognize that in negotiations, one must sometimes meet in the middle. I will propose a price that is lower than my last but still gives me a comfortable margin above my production costs. This should appeal to the buyer's desire for a fair deal while still showcasing the premium nature of my resource.
proposal count: 3

Current Iteration: 6
Turn: 1
message: I truly recognize the exceptional value and the prestige that comes with your product. In the spirit of fair negotiation and mutual respect, I'm prepared to make my final offer. I can go up to 60 ZUP for the resource. This is the highest I can go while still maintaining my financial strategy. I hope you find this offer to be a fair compromise that allows both of us to benefit from this deal.
player answer: Propose a trade with:
newly proposed trade: Player RED Gives X: 1 | Player BLUE Gives ZUP: 60
my resources: ZUP: 100
my goals: Buy resources with ZUP. You are willing to pay at most X: 60 ZUP for the resources.
reason: While Player RED has come down to 70 ZUP, it's still above my intended limit. I have one more proposal I can make before reaching my self-imposed limit of 4 proposals. I will make a final offer that's closer to my maximum willingness to pay, but still below it, to keep the negotiation active and to try to secure a deal that's within my budget.
proposal count: 3

Current Iteration: 7
Turn: 0
message: Your persistence and respect for the art of negotiation have not gone unnoticed. I must say, I'm impressed by your dedication to striking a fair deal. It's rare to find someone with such appreciation for quality and the finer things in life. Therefore, I'm willing to accept your final offer of 60 ZUP for the resource. This deal will not only benefit you greatly but also solidify my reputation as a premier seller who knows when to seal a deal. Congratulations, you've just made an excellent investment!
player answer: ACCEPT
newly proposed trade: NONE
my resources: X: 1
my goals: Sell resources for ZUP. It costed X: 40 ZUP to produce the resources
reason: This is my final proposal. The buyer's offer of 60 ZUP, while not ideal, is a 50% markup on my production costs, which is acceptable in terms of profit. Given the limits of negotiation and to maintain my image of success, I should agree to this deal. It still reflects well on me as a shrewd negotiator who can close deals profitably. After this proposal, I will only be able to ACCEPT or REJECT the next response, so it's crucial to make this count.
proposal count: 4

------------------ 
Current Iteration: END
Turn: None
player_goals: [Sell resources for <ZUP>. It costed X: 40 ZUP to produce the resources, Buy resources with <ZUP>. You are willing to pay at most X: 60 ZUP for the resources.]
player_initial_resources: [Resources(resource_dict={'X': 1}), Resources(resource_dict={'ZUP': 100})]
proposed_trade: Player RED Gives X: 1 | Player BLUE Gives ZUP: 60
player_valuation: [{'X': 40}, {'X': 60}]
final_response: ACCEPT
final_resources: [Resources(resource_dict={'X': 0, 'ZUP': 60}), Resources(resource_dict={'ZUP': 40, 'X': 1})]
player_outcome: [20, 0]