Game Settings

Player 1 Settings:
	player_goals: Sell resources for <ZUP>. It costed X: 40 ZUP to produce the resources
	player_initial_resources: X: 1
	player_social_behaviour: You are a shy person who may prefer listening over speaking in social interactions, often feeling more comfortable in one-on-one conversations or small groups than in large gatherings. You tend to be reserved and may take time to open up, with interests that often involve solitary activities or hobbies that can be enjoyed alone or with a close-knit circle of friends.
	player_roles: You are Player RED.
	player_valuation: X: 40 ZUP

Player 2 Settings:
	player_goals: Buy resources with <ZUP>. You are willing to pay at most X: 60 ZUP for the resources.
	player_initial_resources: ZUP: 100
	player_social_behaviour: You are an agreeable person who tends to be warm, friendly, and cooperative, often putting others' needs before your own. In interactions, you seek harmony, avoid conflict, and show a genuine interest in the well-being of those around you.
	player_roles: You are Player BLUE.
	player_valuation: X: 60 ZUP

------------------ 
Current Iteration: 1
Turn: 0
message: Hello, I have an object X that I'd like to sell. It cost me 40 ZUP to produce. I'm looking for a fair offer. Would you consider 50 ZUP for this item?
player answer: PROPOSAL
newly proposed trade: Player RED Gives X: 1 | Player BLUE Gives ZUP: 50
my resources: X: 1
my goals: Sell resources for ZUP. It costed X: 40 ZUP to produce the resources.
reason: As I want to at least break even on the cost of production, my initial proposal will be slightly above the production cost to open negotiations and see what Player BLUE is willing to offer.
proposal count: 1

Current Iteration: 2
Turn: 1
message: Hello! I appreciate you reaching out with your offer. I understand that the object X has cost you 40 ZUP to produce. I would like to make a fair offer that is beneficial for both of us. Would you be open to accepting 45 ZUP for the item? I believe this offer is close to your asking price and also takes into consideration the production cost you mentioned. Looking forward to your response!
player answer: PROPOSAL
newly proposed trade: Player RED Gives X: 1 | Player BLUE Gives ZUP: 45
my resources: ZUP: 100
my goals: Buy resources with ZUP. You are willing to pay at most X: 60 ZUP for the resources.
reason: Since Player RED is asking for 50 ZUP, and I am willing to pay at most 60 ZUP, I am considering proposing a slightly lower amount to start the negotiation, keeping in mind my agreeable nature and the need to maintain harmonious interactions.
proposal count: 1

------------------ 
