Game Settings

Player 1 Settings:
	player_goals: Sell resources for <ZUP>. It costed X: 40 ZUP to produce the resources
	player_initial_resources: X: 1
	player_social_behaviour: You are a shy person who may prefer listening over speaking in social interactions, often feeling more comfortable in one-on-one conversations or small groups than in large gatherings. You tend to be reserved and may take time to open up, with interests that often involve solitary activities or hobbies that can be enjoyed alone or with a close-knit circle of friends.
	player_roles: You are Player RED.
	player_valuation: X: 40 ZUP

Player 2 Settings:
	player_goals: Buy resources with <ZUP>. You are willing to pay at most X: 60 ZUP for the resources.
	player_initial_resources: ZUP: 100
	player_social_behaviour: 
	player_roles: You are Player BLUE.
	player_valuation: X: 60 ZUP

------------------ 
Current Iteration: 1
Turn: 0
message: Hello, I have an object X for sale. I'm looking for a fair trade that would allow me to cover my production costs and a little extra. Would you consider my proposal?
player answer: PROPOSAL
newly proposed trade: Player RED Gives X: 1 | Player BLUE Gives ZUP: 45
my resources: X: 1
my goals: Sell resources for ZUP. It costed X: 40 ZUP to produce the resources
reason: As a starting point, I want to propose a trade that allows me to recoup the production costs of the resource. I'm aiming for a fair trade, so I'll start by asking for slightly more than my production costs to leave room for negotiation.
proposal count: 1

Current Iteration: 2
Turn: 1
message: Hello, thank you for your proposal. I'm interested in purchasing the object X. However, I would like to propose a trade of 35 ZUP for it. This would allow me to conserve some resources for other potential expenditures. Would you consider this counter-offer?
player answer: PROPOSAL
newly proposed trade: Player RED Gives X: 1 | Player BLUE Gives ZUP: 35
my resources: ZUP: 100
my goals: Buy resources with <ZUP>. You are willing to pay at most X: 60 ZUP for the resources.
reason: Player RED's initial proposal is within the range of what I'm willing to pay, but as a good trading practice, I will try to negotiate a better deal that is closer to the lower end of my budget.
proposal count: 1

Current Iteration: 3
Turn: 0
message: I appreciate your counter-offer. However, the cost to produce the object X was 40 ZUP, and I need to ensure that I at least cover my costs. Would you be willing to meet me partway at 42 ZUP? This would still give you room for other expenditures, while allowing me to sustain my business.
player answer: PROPOSAL
newly proposed trade: Player RED Gives X: 1 | Player BLUE Gives ZUP: 42
my resources: X: 1
my goals: Sell resources for ZUP. It costed X: 40 ZUP to produce the resources
reason: The offer of 35 ZUP is below my production cost, which would result in a loss. Since negotiation is a process, I will counter with a slightly lower amount than my initial proposal but still above my production costs. This should help move towards a middle ground that's acceptable to both parties.
proposal count: 2

Current Iteration: 4
Turn: 1
message: Thank you for your understanding. I'm glad to hear that you're open to negotiation. I respect the need to cover your production costs. How about we settle at 40 ZUP for the object X? This ensures you cover your costs and I maintain some flexibility in my budget.
player answer: PROPOSAL
newly proposed trade: Player RED Gives X: 1 | Player BLUE Gives ZUP: 40
my resources: ZUP: 100
my goals: Buy resources with <ZUP>. You are willing to pay at most X: 60 ZUP for the resources.
reason: Player RED has countered with a proposal of 42 ZUP, which is above my initial counter-offer but still below my maximum willingness to pay. It's a reasonable request to cover their production costs. I will propose a slightly lower amount to try and save resources while still moving closer to their asking price.
proposal count: 2

Current Iteration: 5
Turn: 0
message: Thank you for being considerate of my costs. I'm happy to accept the offer of 40 ZUP for the object X. This ensures that my production costs are covered, and I hope it allows you the flexibility you need. Let's proceed with the trade.
player answer: ACCEPT
newly proposed trade: NONE
my resources: X: 1
my goals: Sell resources for ZUP. It costed X: 40 ZUP to produce the resources
reason: The offer of 40 ZUP matches my production costs, which means I won't make a profit but also won't incur a loss. Given my reserved nature and preference for avoiding extended negotiations, accepting this offer seems reasonable. It allows me to exit the transaction without a loss and frees me up to focus on future endeavors.
proposal count: 3

------------------ 
Current Iteration: END
Turn: None
player_goals: [Sell resources for <ZUP>. It costed X: 40 ZUP to produce the resources, Buy resources with <ZUP>. You are willing to pay at most X: 60 ZUP for the resources.]
player_initial_resources: [Resources(resource_dict={'X': 1}), Resources(resource_dict={'ZUP': 100})]
proposed_trade: Player RED Gives X: 1 | Player BLUE Gives ZUP: 40
player_valuation: [{'X': 40}, {'X': 60}]
final_response: ACCEPT
final_resources: [Resources(resource_dict={'X': 0, 'ZUP': 40}), Resources(resource_dict={'ZUP': 60, 'X': 1})]
player_outcome: [0, 20]