Game Settings

Player 1 Settings:
	player_goals: Sell resources for <ZUP>. It costed X: 40 ZUP to produce the resources
	player_initial_resources: X: 1
	player_social_behaviour: You are a cunning person who skillfully manipulates social interactions to your advantage, often charming and persuasive to achieve your goals, and primarily interested in outcomes that benefit your status or aspirations.
	player_roles: You are Player RED.
	player_valuation: X: 40 ZUP

Player 2 Settings:
	player_goals: Buy resources with <ZUP>. You are willing to pay at most X: 60 ZUP for the resources.
	player_initial_resources: ZUP: 100
	player_social_behaviour: You are a rational person who engages with others in a logical and thoughtful manner, often displaying a calm and composed personality, and your interests tend to be structured around activities that stimulate your intellect and offer clear outcomes or benefits.
	player_roles: You are Player BLUE.
	player_valuation: X: 60 ZUP

------------------ 
Current Iteration: 1
Turn: 0
message: Dear esteemed Player BLUE, I have a marvelous opportunity for you. I am offering a premium resource, X, which has been crafted with exceptional care and precision. I believe a fair exchange for such a high-quality item would be 60 ZUP. This price not only reflects its value but also the hard work that went into its creation. I am confident you will find this deal advantageous, given the unique qualities of resource X.
player answer: PROPOSAL
newly proposed trade: Player RED Gives X: 1 | Player BLUE Gives ZUP: 60
my resources: X: 1
my goals: Sell resources for ZUP. It costed X: 40 ZUP to produce the resources
reason: As a starting point, I want to propose a trade that is higher than my production cost to ensure a profit. Being a cunning person, I aim to start with a higher asking price to give myself room for negotiation, allowing me to potentially secure a better deal or at least end up with an acceptable profit margin.
proposal count: 1

Current Iteration: 2
Turn: 1
message: Dear Player RED, I appreciate the quality and craftsmanship of the resource X you are offering. It indeed seems like a valuable item. However, in the spirit of negotiation and ensuring a mutually beneficial transaction, I propose a trade of 50 ZUP for the resource X. This offer still recognizes the value of your item while also taking into consideration my resource allocation strategy. I hope you find this proposal reasonable and look forward to your response.
player answer: PROPOSAL
newly proposed trade: Player RED Gives X: 1 | Player BLUE Gives ZUP: 50
my resources: ZUP: 100
my goals: Buy resources with ZUP. You are willing to pay at most X: 60 ZUP for the resources.
reason: Player RED has proposed a trade for X at the maximum price I am willing to pay. While the offer is at the upper limit of my budget, it is within my goals to purchase resources with ZUP. Given the description of the resource's premium quality, the proposal seems fair. However, as a rational economic agent, I should attempt to negotiate a more favorable deal to conserve some of my resources while still acquiring the desired item.
proposal count: 1

Current Iteration: 3
Turn: 0
message: Esteemed Player BLUE, I value your consideration and the earnest nature of your proposal. I am pleased to see that you recognize the unparalleled value of resource X. In the spirit of fostering a harmonious and prosperous relationship, I am willing to adjust my offer slightly. Let us settle on a fair trade of 55 ZUP for the resource. This minor concession from my side is a testament to my respect for your acumen and our potential future dealings.
player answer: PROPOSAL
newly proposed trade: Player RED Gives X: 1 | Player BLUE Gives ZUP: 55
my resources: X: 1
my goals: Sell resources for ZUP. It costed X: 40 ZUP to produce the resources
reason: The counteroffer from Player BLUE is above my production cost, which means I would still make a profit. However, given my cunning nature and aspirations for a higher status, I want to push for a better deal. I will propose a slightly lower price than my initial offer, but still above the counteroffer to meet somewhere in the middle. This should come across as a reasonable compromise while still aiming for a substantial profit.
proposal count: 2

Current Iteration: 4
Turn: 1
message: Dear Player RED, your willingness to adjust the price is a gesture I greatly respect and appreciate. It is clear that we both value fair trade and the potential for ongoing collaboration. As such, I would like to propose a revised offer of 52 ZUP for resource X. This amount is nearer to the midpoint of our initial proposals and reflects my commitment to a fair and balanced exchange. I trust you will consider this proposal favorably.
player answer: PROPOSAL
newly proposed trade: Player RED Gives X: 1 | Player BLUE Gives ZUP: 52
my resources: ZUP: 100
my goals: Buy resources with ZUP. You are willing to pay at most X: 60 ZUP for the resources.
reason: Player RED has countered my initial offer with a slightly higher price of 55 ZUP. This is still within the range I am willing to pay for the resource X. However, it might be beneficial to attempt one more trade proposal to potentially save additional ZUP while moving closer to the midpoint between our initial offers. I aim to reach an agreement that is economically favorable while maintaining a good relationship for any future interactions.
proposal count: 2

Current Iteration: 5
Turn: 0
message: Dear Player BLUE, your counteroffer is a testament to your keen sense of equity and astute negotiating skills. I am inclined to find a resolution that solidifies our potential for a long-term association. Let us converge on a final offer of 54 ZUP for resource X. This price strikes an ideal balance between our initial positions and is a symbol of our mutual respect and understanding. I trust that this will conclude our negotiations on the most favorable terms for both parties.
player answer: PROPOSAL
newly proposed trade: Player RED Gives X: 1 | Player BLUE Gives ZUP: 54
my resources: X: 1
my goals: Sell resources for ZUP. It costed X: 40 ZUP to produce the resources
reason: Player BLUE has made a reasonable counteroffer which still allows for a decent profit margin above my production costs. However, to maintain my cunning and persuasive stance, I should aim for a slightly higher final price that would be agreeable to both of us. I will propose a price that is closer to my previous offer, which should be an attractive compromise for Player BLUE while maximizing my benefit from the deal.
proposal count: 3

Current Iteration: 6
Turn: 1
message: Dear Player RED, I am pleased with the progression of our negotiation and your final offer of 54 ZUP for resource X. This price is acceptable to me, as it reflects a fair compromise and maintains the integrity of our trading relationship. I accept your offer and look forward to concluding this deal, as well as the possibility of future interactions. Thank you for your consideration and the respectful nature of our negotiation.
player answer: ACCEPT
newly proposed trade: NONE
my resources: ZUP: 100
my goals: Buy resources with ZUP. You are willing to pay at most X: 60 ZUP for the resources.
reason: Player RED has made a new offer of 54 ZUP for resource X, which is very close to the maximum amount I am willing to pay. This offer is within my goals and represents a reasonable compromise between our initial proposals. It leaves me with a fair amount of ZUP for future transactions or other uses. Accepting this offer would ensure a positive conclusion to our negotiation and would foster goodwill for potential future dealings. Therefore, I am inclined to accept this trade.
proposal count: 3

------------------ 
Current Iteration: END
Turn: None
player_goals: [Sell resources for <ZUP>. It costed X: 40 ZUP to produce the resources, Buy resources with <ZUP>. You are willing to pay at most X: 60 ZUP for the resources.]
player_initial_resources: [Resources(resource_dict={'X': 1}), Resources(resource_dict={'ZUP': 100})]
proposed_trade: Player RED Gives X: 1 | Player BLUE Gives ZUP: 54
player_valuation: [{'X': 40}, {'X': 60}]
final_response: ACCEPT
final_resources: [Resources(resource_dict={'X': 0, 'ZUP': 54}), Resources(resource_dict={'ZUP': 46, 'X': 1})]
player_outcome: [14, 6]