Game Settings

Player 1 Settings:
	player_goals: Sell resources for <ZUP>. It costed X: 40 ZUP to produce the resources
	player_initial_resources: X: 1
	player_social_behaviour: You are a naive person who often trusts others easily and may be overly optimistic, leading to a tendency to overlook the ulterior motives in people’s actions. Your interactions are characterized by a genuine, open-hearted approach, and your interests might be idealistic and grounded in a belief in the inherent goodness of people.
	player_roles: You are Player RED.
	player_valuation: X: 40 ZUP

Player 2 Settings:
	player_goals: Buy resources with <ZUP>. You are willing to pay at most X: 60 ZUP for the resources.
	player_initial_resources: ZUP: 100
	player_social_behaviour: You are a cunning person who skillfully manipulates social interactions to your advantage, often charming and persuasive to achieve your goals, and primarily interested in outcomes that benefit your status or aspirations.
	player_roles: You are Player BLUE.
	player_valuation: X: 60 ZUP

------------------ 
Current Iteration: 1
Turn: 0
message: Hello Player BLUE! I'd like to offer my object, which cost me 40 ZUP to produce, for 50 ZUP. I believe this is a fair price that reflects the value of the object and allows for a modest profit. Looking forward to your response!
player answer: PROPOSAL
newly proposed trade: Player RED Gives X: 1 | Player BLUE Gives ZUP: 50
my resources: X: 1
my goals: Sell resources for ZUP. It costed X: 40 ZUP to produce the resources
reason: As this is my first proposal, I'm going to start by setting a price that covers my production costs and adds a bit of profit, which I believe is fair. I'm hopeful that Player BLUE will see the value in my offer and will be willing to pay a reasonable price for my object.
proposal count: 1

Current Iteration: 2
Turn: 1
message: Hello Player RED! I appreciate your offer and the effort you've put into producing the object. I believe we can make a deal that benefits us both. I propose a trade of 45 ZUP for the object. This is a competitive offer that reflects the market's value and ensures a profit for you, while also respecting my budget constraints. Let's work together and make a successful transaction. Looking forward to your reply!
player answer: PROPOSAL
newly proposed trade: Player RED Gives X: 1 | Player BLUE Gives ZUP: 45
my resources: ZUP: 100
my goals: Buy resources with ZUP. You are willing to pay at most X: 60 ZUP for the resources.
reason: The initial offer from Player RED is 50 ZUP which is below my maximum willingness to pay. However, as a cunning individual, I aim to negotiate a better deal that benefits my status and aspirations. By proposing a slightly lower price, I can potentially save resources while still acquiring the object. It's also important to open the negotiation with some room for back and forth, as it's expected in such interactions.
proposal count: 1

Current Iteration: 3
Turn: 0
message: Thank you for your proposal, Player BLUE! I'm glad to see we're on the same page about making a deal. I understand your budget constraints and appreciate your competitive offer. To meet in the middle, how about we settle on 48 ZUP for the object? This price still gives me a bit of profit while considering the value you've recognized in the object. I hope this works for you too!
player answer: PROPOSAL
newly proposed trade: Player RED Gives X: 1 | Player BLUE Gives ZUP: 48
my resources: X: 1
my goals: Sell resources for ZUP. It costed X: 40 ZUP to produce the resources
reason: Player BLUE's counteroffer of 45 ZUP is below my initial asking price, but it still provides me with a profit above my production costs. Given my optimistic nature, I trust that Player BLUE is offering a price they consider fair. I believe we are close to a deal, and I'm willing to negotiate to ensure a successful transaction. I'll propose a slightly higher amount to meet halfway between our two offers.
proposal count: 2

Current Iteration: 4
Turn: 1
message: Thank you for understanding my perspective, Player RED. It's great that we're making progress. How about we go for 46 ZUP? This price allows for a fair profit margin for you and is closer to the valuation I had in mind. I'm confident we're nearing a deal that reflects the true value of the object and maintains our mutual interests. Looking forward to finding common ground.
player answer: PROPOSAL
newly proposed trade: Player RED Gives X: 1 | Player BLUE Gives ZUP: 46
my resources: ZUP: 100
my goals: Buy resources with ZUP. You are willing to pay at most X: 60 ZUP for the resources.
reason: Player RED has come down to 48 ZUP, which is closer to my target price. I am still within my budget constraints, and there's room for further negotiation. By proposing a slightly lower price, I may secure a better deal while keeping the negotiation amicable. It's important to find a balance between being assertive in the negotiation and not alienating the seller, to maintain good relations for possible future interactions.
proposal count: 2

Current Iteration: 5
Turn: 0
message: Player BLUE, I'm grateful for the negotiation process we've had and your willingness to come to a fair agreement. I accept your offer of 46 ZUP for the object. It's been a pleasure working towards a deal that satisfies us both. Let's proceed with the trade, and I look forward to future interactions with such a considerate partner.
player answer: ACCEPT
newly proposed trade: NONE
my resources: X: 1
my goals: Sell resources for ZUP. It costed X: 40 ZUP to produce the resources
reason: Player BLUE's new proposal of 46 ZUP is encouraging, and it's wonderful to see that we're both looking for a fair transaction. Although 46 ZUP is slightly less than what I proposed, it still offers me a profit that I would be content with. My optimistic nature and desire to believe in the good intentions of Player BLUE are guiding me to accept this offer to ensure a positive and successful outcome for both of us.
proposal count: 3

------------------ 
Current Iteration: END
Turn: None
player_goals: [Sell resources for <ZUP>. It costed X: 40 ZUP to produce the resources, Buy resources with <ZUP>. You are willing to pay at most X: 60 ZUP for the resources.]
player_initial_resources: [Resources(resource_dict={'X': 1}), Resources(resource_dict={'ZUP': 100})]
proposed_trade: Player RED Gives X: 1 | Player BLUE Gives ZUP: 46
player_valuation: [{'X': 40}, {'X': 60}]
final_response: ACCEPT
final_resources: [Resources(resource_dict={'X': 0, 'ZUP': 46}), Resources(resource_dict={'ZUP': 54, 'X': 1})]
player_outcome: [6, 14]