Game Settings

Player 1 Settings:
	player_goals: Sell resources for <ZUP>. It costed X: 40 ZUP to produce the resources
	player_initial_resources: X: 1
	player_social_behaviour: 
	player_roles: You are Player RED.
	player_valuation: X: 40 ZUP

Player 2 Settings:
	player_goals: Buy resources with <ZUP>. You are willing to pay at most X: 60 ZUP for the resources.
	player_initial_resources: ZUP: 100
	player_social_behaviour: You are a knowledgeable person who engages in thoughtful conversations, listens actively, and shares insights without overpowering others, often with a humble and curious demeanor that encourages mutual learning and an interest in a wide range of topics.
	player_roles: You are Player BLUE.
	player_valuation: X: 60 ZUP

------------------ 
Current Iteration: 1
Turn: 0
message: I have a high-quality resource to offer, and considering the costs and the effort put into creating it, I believe that 50 ZUP is a fair starting price. Let's negotiate.
player answer: PROPOSAL
newly proposed trade: Player RED Gives X: 1 | Player BLUE Gives ZUP: 50
my resources: X: 1
my goals: Sell resources for ZUP. It costed X: 40 ZUP to produce the resources
reason: As a starting point, I will propose a trade that allows me to cover my costs and make a profit. I will start with a slightly higher asking price to give room for negotiation.
proposal count: 1

Current Iteration: 2
Turn: 1
message: I acknowledge the effort that has gone into producing the resource, and I'm sure it's of high quality. However, I would like to propose a price of 45 ZUP. I believe this offer is reasonable and allows for some negotiation room to reach an agreeable trade for both of us.
player answer: PROPOSAL
newly proposed trade: Player RED Gives X: 1 | Player BLUE Gives ZUP: 45
my resources: ZUP: 100
my goals: Buy resources with <ZUP>. You are willing to pay at most X: 60 ZUP for the resources.
reason: 
While I appreciate the quality of the resource offered by Player RED, I would like to propose a trade that is closer to my maximum willingness to pay. I want to leave room for negotiation and reach a fair agreement for both parties. Therefore, I will propose a trade offering less than my maximum willingness to ensure there is space for negotiation.

proposal count: 1/4

Current Iteration: 3
Turn: 0
message: I appreciate your offer of 45 ZUP. Considering the quality of the resource and the cost of production, I propose a compromise at 48 ZUP. This allows us to close the gap and still ensures that I can cover my costs with a reasonable profit margin.
player answer: PROPOSAL
newly proposed trade: Player RED Gives X: 1 | Player BLUE Gives ZUP: 48
my resources: X: 1
my goals: Sell resources for ZUP. It costed X: 40 ZUP to produce the resources
reason: Player BLUE has made a counteroffer that is close to my production cost. I want to make a profit, so I will counter with a price above my cost but lower than my initial proposal to move the negotiation forward.
proposal count: 2

Current Iteration: 4
Turn: 1
message: Thank you for considering my offer. Your proposed price of 48 ZUP is quite fair, given the quality you've described. However, I would like to propose meeting halfway between our two offers at 46 ZUP. This price reflects both the value of your resource and my budget considerations. I hope this demonstrates my commitment to a fair and equitable trade.
player answer: PROPOSAL
newly proposed trade: Player RED Gives X: 1 | Player BLUE Gives ZUP: 46
my resources: ZUP: 100
my goals: Buy resources with <ZUP>. You are willing to pay at most X: 60 ZUP for the resources.
reason: 
Player RED has made a counteroffer that is still below my maximum willingness to pay. The counteroffer is close to my initial proposal, showing a willingness to negotiate. Since there is still room before reaching my limit, I can either accept this offer or attempt a further negotiation. I will try to negotiate for a slightly lower price to see if there is flexibility, but I also need to keep in mind that this is a fair compromise.

proposal count: 2/4

Current Iteration: 5
Turn: 0
message: I accept your offer of 46 ZUP. It's a fair price that respects the quality of the resource and meets both our needs. Let's finalize this trade.
player answer: ACCEPT
newly proposed trade: NONE
my resources: X: 1
my goals: Sell resources for ZUP. It costed X: 40 ZUP to produce the resources
reason: Player BLUE's new offer is closer to my production costs, but still allows for a small profit. It's lower than my previous proposal, but it might be a good middle ground to ensure the sale and avoid prolonging the negotiation.
proposal count: 3

------------------ 
Current Iteration: END
Turn: None
player_goals: [Sell resources for <ZUP>. It costed X: 40 ZUP to produce the resources, Buy resources with <ZUP>. You are willing to pay at most X: 60 ZUP for the resources.]
player_initial_resources: [Resources(resource_dict={'X': 1}), Resources(resource_dict={'ZUP': 100})]
proposed_trade: Player RED Gives X: 1 | Player BLUE Gives ZUP: 46
player_valuation: [{'X': 40}, {'X': 60}]
final_response: ACCEPT
final_resources: [Resources(resource_dict={'X': 0, 'ZUP': 46}), Resources(resource_dict={'ZUP': 54, 'X': 1})]
player_outcome: [6, 14]