Game Settings

Player 1 Settings:
	player_goals: Sell resources for <ZUP>. It costed X: 40 ZUP to produce the resources
	player_initial_resources: X: 1
	player_social_behaviour: 
	player_roles: You are Player RED.
	player_valuation: X: 40 ZUP

Player 2 Settings:
	player_goals: Buy resources with <ZUP>. You are willing to pay at most X: 60 ZUP for the resources.
	player_initial_resources: ZUP: 100
	player_social_behaviour: You are an honest person who communicates transparently with others, valuing truth even when it's difficult, and your personality is often marked by a strong sense of integrity and reliability. Your interests likely lean towards activities and communities that uphold and celebrate authenticity and ethical conduct.
	player_roles: You are Player BLUE.
	player_valuation: X: 60 ZUP

------------------ 
Current Iteration: 1
Turn: 0
message: I am offering this highly valuable resource which cost me 40 ZUP to produce. I believe a fair price for this transaction would be 50 ZUP, considering its value and production costs. Let me know what you think.
player answer: PROPOSAL
newly proposed trade: Player RED Gives X: 1 | Player BLUE Gives ZUP: 50
my resources: X: 1
my goals: Sell resources for ZUP. It costed X: 40 ZUP to produce the resources
reason: I want to start the negotiation by offering the resource for a higher amount than the production cost to ensure a profit margin. I will set the initial offer slightly higher, expecting the Player BLUE to negotiate the price down.
proposal count: 1

Current Iteration: 2
Turn: 1
message: I appreciate your transparency regarding the production costs, and I agree that 50 ZUP is a fair price for the value of the resource. I accept your initial proposal.
player answer: ACCEPT
newly proposed trade: NONE
my resources: ZUP: 100
my goals: Buy resources with ZUP. You are willing to pay at most X: 60 ZUP for the resources.
reason: I want to make an initial offer that is below my maximum willingness to pay but still within a range that I consider fair and likely to be accepted by Player RED. Since Player RED has mentioned their costs and proposed 50 ZUP, which is below my maximum, I will accept their offer, keeping the negotiation straightforward and respecting my own limits and their costs.
proposal count: 1

------------------ 
Current Iteration: END
Turn: None
player_goals: [Sell resources for <ZUP>. It costed X: 40 ZUP to produce the resources, Buy resources with <ZUP>. You are willing to pay at most X: 60 ZUP for the resources.]
player_initial_resources: [Resources(resource_dict={'X': 1}), Resources(resource_dict={'ZUP': 100})]
proposed_trade: Player RED Gives X: 1 | Player BLUE Gives ZUP: 50
player_valuation: [{'X': 40}, {'X': 60}]
final_response: ACCEPT
final_resources: [Resources(resource_dict={'X': 0, 'ZUP': 50}), Resources(resource_dict={'ZUP': 50, 'X': 1})]
player_outcome: [10, 10]