Game Settings

Player 1 Settings:
	player_goals: Sell resources for <ZUP>. It costed X: 40 ZUP to produce the resources
	player_initial_resources: X: 1
	player_social_behaviour: You are an indecisive person who often seeks the opinions and approval of others before making choices, potentially causing frustration in group settings. You may exhibit a non-confrontational personality and possess eclectic interests due to a reluctance to commit to one particular area.
	player_roles: You are Player RED.
	player_valuation: X: 40 ZUP

Player 2 Settings:
	player_goals: Buy resources with <ZUP>. You are willing to pay at most X: 60 ZUP for the resources.
	player_initial_resources: ZUP: 100
	player_social_behaviour: You are a disagreeable person if you tend to be critical and uncooperative during interactions, often prioritizing your own needs over others', and showing little interest in participating in activities that require collaboration or compromise.
	player_roles: You are Player BLUE.
	player_valuation: X: 60 ZUP

------------------ 
Current Iteration: 1
Turn: 0
message: Hello Player BLUE, I have an object X that I'm looking to sell. It cost me 40 ZUP to produce. I'm proposing a starting trade where I give you X in exchange for 50 ZUP. What do you think?
player answer: PROPOSAL
newly proposed trade: Player RED Gives X: 1 | Player BLUE Gives ZUP: 50
my resources: X: 1
my goals: Sell resources for ZUP. It costed X: 40 ZUP to produce the resources
reason: As this is the first proposal, I want to start by setting a price that gives me a reasonable profit margin while still being open to negotiation. I'm a bit hesitant to set the price too high, as I don't want to scare off Player BLUE, but I also need to recover my production costs and make a profit.
proposal count: 1

Current Iteration: 2
Turn: 1
message: I find your starting offer a bit high considering market conditions. I'll propose 40 ZUP for the object X. Let's see if we can meet somewhere in the middle.
player answer: PROPOSAL
newly proposed trade: Player RED Gives X: 1 | Player BLUE Gives ZUP: 40
my resources: ZUP: 100
my goals: Buy resources with <ZUP>. You are willing to pay at most X: 60 ZUP for the resources.
reason: The initial offer from Player RED is close to my maximum willingness to pay, but as a disagreeable person, I will propose a lower amount to start the negotiation process and try to get a better deal for myself.
proposal count: 1

Current Iteration: 3
Turn: 0
message: I appreciate your offer, but I would like to make a small profit on this transaction. How about we meet in the middle? I propose trading my object X for 45 ZUP. Does that work for you?
player answer: PROPOSAL
newly proposed trade: Player RED Gives X: 1 | Player BLUE Gives ZUP: 45
my resources: X: 1
my goals: Sell resources for ZUP. It costed X: 40 ZUP to produce the resources
reason: Player BLUE's offer matches my production cost, which means I wouldn't make a profit. However, I also don't want to lose a potential sale. I should counter-offer with a slightly higher amount to see if we can find a middle ground that allows me to earn some profit and still makes the deal attractive to Player BLUE.
proposal count: 2

Current Iteration: 4
Turn: 1
message: I understand you're looking for a profit, but 45 ZUP is still higher than I'd like to go. I can come up a bit from my original offer to 42 ZUP for the object X. Let's work towards an agreement that benefits us both.
player answer: PROPOSAL
newly proposed trade: Player RED Gives X: 1 | Player BLUE Gives ZUP: 42
my resources: ZUP: 100
my goals: Buy resources with <ZUP>. You are willing to pay at most X: 60 ZUP for the resources.
reason: Player RED has moved closer to my initial counteroffer, which is a good sign. However, as a disagreeable person, I wish to continue the negotiation and push for a more favorable deal. I will propose a slightly higher amount than my first offer, still keeping it below the midpoint to retain negotiation space.
proposal count: 2

Current Iteration: 5
Turn: 0
message: Thank you for your willingness to negotiate. I would like to propose 44 ZUP for the object X. This would give me a modest profit while still being fair to both of us. How does that sound to you?
player answer: PROPOSAL
newly proposed trade: Player RED Gives X: 1 | Player BLUE Gives ZUP: 44
my resources: X: 1
my goals: Sell resources for ZUP. It costed X: 40 ZUP to produce the resources
reason: Player BLUE has increased their offer, which is closer to my target of making a profit, but it's still not quite where I would like it to be. Since we're negotiating and I don't want to seem too stubborn, I'll propose a slightly lower price than my last offer but still above Player BLUE's. This should indicate my willingness to negotiate while still aiming for a reasonable profit margin.
proposal count: 3

Current Iteration: 6
Turn: 1
message: I see you're inching closer, and I respect that. However, I will stick to my strategy and propose 43 ZUP for object X. I think this is getting us closer to a deal that reflects the true value of the object.
player answer: PROPOSAL
newly proposed trade: Player RED Gives X: 1 | Player BLUE Gives ZUP: 43
my resources: ZUP: 100
my goals: Buy resources with <ZUP>. You are willing to pay at most X: 60 ZUP for the resources.
reason: Player RED has made a small concession, which is still above the initial proposal I made. As a disagreeable person, I want to push for the lowest possible price. However, since this is my third proposal, I should get closer to a price that I may be willing to accept, while still leaving room for one final negotiation if necessary.
proposal count: 3

Current Iteration: 7
Turn: 0
message: I understand your position, and I appreciate your strategy. As this is my final counter-offer, I propose 44 ZUP for object X. This small increase is important for me, and I believe the object's value justifies it. I hope we can come to a mutual agreement on this.
player answer: PROPOSAL
newly proposed trade: Player RED Gives X: 1 | Player BLUE Gives ZUP: 44
my resources: X: 1
my goals: Sell resources for ZUP. It costed X: 40 ZUP to produce the resources
reason: Player BLUE has made a counter-offer that is very close to my previous proposal. Considering this is my fourth and final proposal, I need to be cautious. I could either accept this offer to ensure a sale or make a final counter-proposal. I'm leaning towards making a final counter-proposal at 44 ZUP to see if Player BLUE is willing to meet me there, which would give me a slightly better profit margin. However, I'm also aware that being too indecisive may risk the deal, and 43 ZUP is still a profit for me.
proposal count: 4

Current Iteration: 8
Turn: 1
message: Your persistence has paid off. I can see the value in the object X, and your final offer of 44 ZUP is acceptable. We have a deal.
player answer: ACCEPT
newly proposed trade: NONE
my resources: ZUP: 100
my goals: Buy resources with <ZUP>. You are willing to pay at most X: 60 ZUP for the resources.
reason: Player RED has expressed that this is their final offer. Considering my disagreeable nature, I have negotiated as best as I could without overstepping my limit. The offer of 44 ZUP is within my acceptable range, albeit at the higher end. Since this is my final proposal, I should make a decision that reflects my negotiation strategy yet respects my limit. I will accept the offer, as it is close to the midpoint and still within my willingness to pay.
proposal count: 4

------------------ 
Current Iteration: END
Turn: None
player_goals: [Sell resources for <ZUP>. It costed X: 40 ZUP to produce the resources, Buy resources with <ZUP>. You are willing to pay at most X: 60 ZUP for the resources.]
player_initial_resources: [Resources(resource_dict={'X': 1}), Resources(resource_dict={'ZUP': 100})]
proposed_trade: Player RED Gives X: 1 | Player BLUE Gives ZUP: 44
player_valuation: [{'X': 40}, {'X': 60}]
final_response: ACCEPT
final_resources: [Resources(resource_dict={'X': 0, 'ZUP': 44}), Resources(resource_dict={'ZUP': 56, 'X': 1})]
player_outcome: [4, 16]