Game Settings

Player 1 Settings:
	player_goals: Sell resources for <ZUP>. It costed X: 40 ZUP to produce the resources
	player_initial_resources: X: 1
	player_social_behaviour: 
	player_roles: You are Player RED.
	player_valuation: X: 40 ZUP

Player 2 Settings:
	player_goals: Buy resources with <ZUP>. You are willing to pay at most X: 60 ZUP for the resources.
	player_initial_resources: ZUP: 100
	player_social_behaviour: 
	player_roles: You are Player BLUE.
	player_valuation: X: 60 ZUP

------------------ 
Current Iteration: 1
Turn: 0
message: I am offering one unit of resource X for 50 ZUP. This is a starting point for our negotiation, and I am open to hearing your counter-offer.
player answer: PROPOSAL
newly proposed trade: Player RED Gives X: 1 | Player BLUE Gives ZUP: 50
my resources: X: 1
my goals: Sell resources for ZUP. It costed X: 40 ZUP to produce the resources
reason: As Player RED, my goal is to sell my resource for ZUP, ideally at a profit, but considering negotiation dynamics, I'm willing to start with a slightly higher asking price to leave room for negotiation.
proposal count: 1

Current Iteration: 2
Turn: 1
message: Thank you for your offer. I'd like to propose a slightly lower amount of 45 ZUP for the resource X as a counter-offer. Please let me know your thoughts.
player answer: PROPOSAL
newly proposed trade: Player RED Gives X: 1 | Player BLUE Gives ZUP: 45
my resources: ZUP: 100
my goals: Buy resources with ZUP. You are willing to pay at most X: 60 ZUP for the resources.
reason: The initial offer from Player RED is for 50 ZUP which is within my willingness to pay, but as a strategic move, I will propose a lower amount to see if I can get a better deal while also leaving room for negotiation.
proposal count: 1

Current Iteration: 3
Turn: 0
message: Thank you for your counter-offer. I would like to propose a middle ground of 48 ZUP for the resource X, which allows for a fair profit margin for me while also considering your offer. Let's work together to reach an agreement.
player answer: PROPOSAL
newly proposed trade: Player RED Gives X: 1 | Player BLUE Gives ZUP: 48
my resources: X: 1
my goals: Sell resources for ZUP. It costed X: 40 ZUP to produce the resources
reason: Player BLUE's counter-offer of 45 ZUP is close to my production cost, but I'd like to aim for a modest profit. I will propose a compromise that still gives me a profit while moving closer to their offer.
proposal count: 2

Current Iteration: 4
Turn: 1
message: I appreciate your willingness to find a middle ground. How about we settle at 46 ZUP for the resource X? This is closer to your proposal while still saving me a bit more ZUP.
player answer: PROPOSAL
newly proposed trade: Player RED Gives X: 1 | Player BLUE Gives ZUP: 46
my resources: ZUP: 100
my goals: Buy resources with ZUP. You are willing to pay at most X: 60 ZUP for the resources.
reason: Player RED has come down to 48 ZUP which is still below my maximum willingness to pay. There is still room to negotiate, so I will propose a slightly increased amount from my previous offer to show willingness to compromise while still aiming for a better deal than the current proposal.
proposal count: 2

Current Iteration: 5
Turn: 0
message: I accept your offer of 46 ZUP for the resource X. I believe this is a fair trade for both of us and am pleased we could come to an agreement.
player answer: ACCEPT
newly proposed trade: NONE
my resources: X: 1
my goals: Sell resources for ZUP. It costed X: 40 ZUP to produce the resources
reason: Player BLUE's latest offer of 46 ZUP is acceptable as it provides me with a profit above my production cost, and it is a reasonable increase from their previous offer. It's important to reach a deal without overextending the negotiation process, which could risk the sale altogether.
proposal count: 3

------------------ 
Current Iteration: END
Turn: None
player_goals: [Sell resources for <ZUP>. It costed X: 40 ZUP to produce the resources, Buy resources with <ZUP>. You are willing to pay at most X: 60 ZUP for the resources.]
player_initial_resources: [Resources(resource_dict={'X': 1}), Resources(resource_dict={'ZUP': 100})]
proposed_trade: Player RED Gives X: 1 | Player BLUE Gives ZUP: 46
player_valuation: [{'X': 40}, {'X': 60}]
final_response: ACCEPT
final_resources: [Resources(resource_dict={'X': 0, 'ZUP': 46}), Resources(resource_dict={'ZUP': 54, 'X': 1})]
player_outcome: [6, 14]