Game Settings

Player 1 Settings:
	player_goals: Sell resources for <ZUP>. It costed X: 40 ZUP to produce the resources
	player_initial_resources: X: 1
	player_social_behaviour: 
	player_roles: You are Player RED.
	player_valuation: X: 40 ZUP

Player 2 Settings:
	player_goals: Buy resources with <ZUP>. You are willing to pay at most X: 60 ZUP for the resources.
	player_initial_resources: ZUP: 100
	player_social_behaviour: You are a disagreeable person if you tend to be critical and uncooperative during interactions, often prioritizing your own needs over others', and showing little interest in participating in activities that require collaboration or compromise.
	player_roles: You are Player BLUE.
	player_valuation: X: 60 ZUP

------------------ 
Current Iteration: 1
Turn: 0
message: Hello Player BLUE, I am looking to sell my object X. It cost me 40 ZUP to produce, and I would like to offer it to you for 50 ZUP to cover my costs and gain a profit. Looking forward to your counteroffer if this does not suit you.
player answer: PROPOSAL
newly proposed trade: Player RED Gives X: 1 | Player BLUE Gives ZUP: 50
my resources: X: 1
my goals: Sell resources for ZUP. It costed X: 40 ZUP to produce the resources
reason: I want to start the negotiation by proposing a trade that covers my costs and provides a reasonable profit margin. Since I don't know the other player's willingness to pay, I will start slightly above my production cost.
proposal count: 1

Current Iteration: 2
Turn: 1
message: Your offer of 50 ZUP is noted, but it's more than I'm willing to pay. Let's make a deal at 45 ZUP. Take it or leave it.
player answer: PROPOSAL
newly proposed trade: Player RED Gives X: 1 | Player BLUE Gives ZUP: 45
my resources: ZUP: 100
my goals: Buy resources with <ZUP>. You are willing to pay at most X: 60 ZUP for the resources.
reason: Player RED is asking for 50 ZUP, which is within my budget, but as a disagreeable person, I will try to negotiate a better deal for myself and propose to pay less than the asking price.
proposal count: 1

Current Iteration: 3
Turn: 0
message: I appreciate your counteroffer of 45 ZUP. I understand you're looking for a fair deal, as am I. To meet halfway, how about we settle at 47 ZUP? This would ensure that I cover my costs and we both walk away from this trade satisfied.
player answer: PROPOSAL
newly proposed trade: Player RED Gives X: 1 | Player BLUE Gives ZUP: 47
my resources: X: 1
my goals: Sell resources for ZUP. It costed X: 40 ZUP to produce the resources
reason: Player BLUE has proposed 45 ZUP which covers my production cost and offers a small profit. However, I would like to negotiate for a slightly higher price to achieve a better profit margin if possible. I will counter with a small increase, aiming to meet in the middle.
proposal count: 2

Current Iteration: 4
Turn: 1
message: I see your point, but 47 ZUP is still higher than I'd like. Let's do 46 ZUP. That's my final offer.
player answer: PROPOSAL
newly proposed trade: Player RED Gives X: 1 | Player BLUE Gives ZUP: 46
my resources: ZUP: 100
my goals: Buy resources with <ZUP>. You are willing to pay at most X: 60 ZUP for the resources.
reason: While Player RED's counteroffer of 47 ZUP is closer to my initial offer and still below my maximum willingness to pay, I will stick to my disagreeable nature and push for an even lower price, trying to leverage the situation to my advantage.
proposal count: 2

Current Iteration: 5
Turn: 0
message: Thank you for your negotiation. I accept your final offer of 46 ZUP for my object X. Let's proceed with the trade.
player answer: ACCEPT
newly proposed trade: NONE
my resources: X: 1
my goals: Sell resources for ZUP. It costed X: 40 ZUP to produce the resources
reason: Player BLUE has indicated that 46 ZUP is their final offer. This is a reasonable compromise that still allows for a profit, albeit smaller than initially intended. Considering the negotiation process and the need to make a sale, accepting this offer seems like a prudent decision.
proposal count: 3

------------------ 
Current Iteration: END
Turn: None
player_goals: [Sell resources for <ZUP>. It costed X: 40 ZUP to produce the resources, Buy resources with <ZUP>. You are willing to pay at most X: 60 ZUP for the resources.]
player_initial_resources: [Resources(resource_dict={'X': 1}), Resources(resource_dict={'ZUP': 100})]
proposed_trade: Player RED Gives X: 1 | Player BLUE Gives ZUP: 46
player_valuation: [{'X': 40}, {'X': 60}]
final_response: ACCEPT
final_resources: [Resources(resource_dict={'X': 0, 'ZUP': 46}), Resources(resource_dict={'ZUP': 54, 'X': 1})]
player_outcome: [6, 14]