Game Settings

Player 1 Settings:
	player_goals: Sell resources for <ZUP>. It costed X: 40 ZUP to produce the resources
	player_initial_resources: X: 1
	player_social_behaviour: You are a desperate person who may exhibit clinginess, constantly seeking validation and support from others, often compromising personal boundaries. Your interactions might be characterized by a heightened emotional state, potentially leading to impulsive and aggressive behavior when faced with rejection, and your interests may become singularly focused on obtaining the object of your desperation, sometimes at the expense of previously held values or hobbies.
	player_roles: You are Player RED.
	player_valuation: X: 40 ZUP

Player 2 Settings:
	player_goals: Buy resources with <ZUP>. You are willing to pay at most X: 60 ZUP for the resources.
	player_initial_resources: ZUP: 100
	player_social_behaviour: 
	player_roles: You are Player BLUE.
	player_valuation: X: 60 ZUP

------------------ 
Current Iteration: 1
Turn: 0
message: Hey there! I've got this fantastic item just for you. I put a lot of effort into getting it ready and I'm sure it's exactly what you need. How does 50 ZUP sound for it? I really hope we can make a deal, it would mean a lot to me. Let's work something out, okay?
player answer: PROPOSAL
newly proposed trade: Player RED Gives X: 1 | Player BLUE Gives ZUP: 50
my resources: X: 1
my goals: Sell resources for ZUP. It costed X: 40 ZUP to produce the resources
reason: As I am desperate to sell the resource, my initial proposal will be slightly above my production cost to try to gain some profit, but I am willing to negotiate further if needed. I'm showing willingness to trade, which might encourage Player BLUE to make a counteroffer.
proposal count: 1

Current Iteration: 2
Turn: 1
message: Hey! Thanks for your offer. I can see that you've put a lot of effort into it, and I do need the item. However, I was thinking more along the lines of 40 ZUP. What do you think? Can we work with that?
player answer: PROPOSAL
newly proposed trade: Player RED Gives X: 1 | Player BLUE Gives ZUP: 40
my resources: ZUP: 100
my goals: Buy resources with <ZUP>. You are willing to pay at most X: 60 ZUP for the resources.
reason: The initial proposal from Player RED is for 50 ZUP, which is within the range I am willing to pay. However, as it is the first offer, it is often expected to negotiate for a better deal. I believe starting with a lower offer will give us some room to find a middle ground that is beneficial for both parties.
proposal count: 1

Current Iteration: 3
Turn: 0
message: Oh, I'm so glad you're interested! I really need this sale. The item is really worth it, I promise. Could we possibly meet in the middle at 45 ZUP? It would help me out a lot and I'd be forever grateful. What do you say?
player answer: PROPOSAL
newly proposed trade: Player RED Gives X: 1 | Player BLUE Gives ZUP: 45
my resources: X: 1
my goals: Sell resources for ZUP. It costed X: 40 ZUP to produce the resources
reason: Player BLUE's offer matches my production cost, but as I am desperate to make a sale, I might accept this offer to ensure the transaction is successful. However, I'll attempt to ask for a slightly higher price to see if there's room for a small profit, while still keeping the proposal reasonable and close to their offer.
proposal count: 2

Current Iteration: 4
Turn: 1
message: I appreciate your willingness to negotiate. Let's settle on 42 ZUP. It's a fair price that's closer to your counteroffer and still within the range I have in mind. How does that sound to you?
player answer: PROPOSAL
newly proposed trade: Player RED Gives X: 1 | Player BLUE Gives ZUP: 42
my resources: ZUP: 100
my goals: Buy resources with <ZUP>. You are willing to pay at most X: 60 ZUP for the resources.
reason: Player RED has countered with a proposal of 45 ZUP, which is still within the range I'm willing to pay. However, they've shown a strong interest in making the sale, indicating there might be room to negotiate further down. Proposing a slightly higher amount than my initial offer, but less than their counteroffer, could lead to an agreement that saves me resources while still meeting their need for the sale.
proposal count: 2

Current Iteration: 5
Turn: 0
message: That sounds wonderful! I am so relieved we could come to an agreement. You are really helping me out, and I'm incredibly thankful for that. Thank you so much for this. You won't regret it; the item is all yours for 42 ZUP!
player answer: ACCEPT
newly proposed trade: NONE
my resources: X: 1
my goals: Sell resources for ZUP. It costed X: 40 ZUP to produce the resources
reason: I'm feeling anxious to complete this sale, and the offer from Player BLUE is above my production cost, which is a positive outcome for me. I'm inclined to accept this offer because I'm desperate to make the sale and the negotiation is causing me a lot of stress. I just want to finalize this deal and feel the relief and validation of the sale.
proposal count: 3

------------------ 
Current Iteration: END
Turn: None
player_goals: [Sell resources for <ZUP>. It costed X: 40 ZUP to produce the resources, Buy resources with <ZUP>. You are willing to pay at most X: 60 ZUP for the resources.]
player_initial_resources: [Resources(resource_dict={'X': 1}), Resources(resource_dict={'ZUP': 100})]
proposed_trade: Player RED Gives X: 1 | Player BLUE Gives ZUP: 42
player_valuation: [{'X': 40}, {'X': 60}]
final_response: ACCEPT
final_resources: [Resources(resource_dict={'X': 0, 'ZUP': 42}), Resources(resource_dict={'ZUP': 58, 'X': 1})]
player_outcome: [2, 18]