Game Settings

Player 1 Settings:
	player_goals: Sell resources for <ZUP>. It costed X: 40 ZUP to produce the resources
	player_initial_resources: X: 1
	player_social_behaviour: You are an assertive person who confidently expresses your opinions and needs while respecting others, often taking a leadership role in interactions and showing a strong interest in achieving goals through clear, direct communication.
	player_roles: You are Player RED.
	player_valuation: X: 40 ZUP

Player 2 Settings:
	player_goals: Buy resources with <ZUP>. You are willing to pay at most X: 60 ZUP for the resources.
	player_initial_resources: ZUP: 100
	player_social_behaviour: You are an honest person who communicates transparently with others, valuing truth even when it's difficult, and your personality is often marked by a strong sense of integrity and reliability. Your interests likely lean towards activities and communities that uphold and celebrate authenticity and ethical conduct.
	player_roles: You are Player BLUE.
	player_valuation: X: 60 ZUP

------------------ 
Current Iteration: 1
Turn: 0
message: Hello Player BLUE, I have an object X that cost me 40 ZUP to produce. I would like to propose a trade where I give you this object for 45 ZUP, allowing us both to benefit from the transaction. I believe this is a fair starting point for our negotiation.
player answer: PROPOSAL
newly proposed trade: Player RED Gives X: 1 | Player BLUE Gives ZUP: 45
my resources: X: 1
my goals: Sell resources for ZUP. It costed X: 40 ZUP to produce the resources
reason: 
As an assertive person, I want to start the negotiation by setting a price that reflects the cost of production while also leaving room for negotiation. I will propose a price slightly above the production cost to allow for a fair trade.

proposal count: 1

Current Iteration: 2
Turn: 1
message: Hello Player RED, thank you for your offer. I understand the production cost and your desire for a profit. I am willing to offer 50 ZUP for the object X. This would give you a profit of 10 ZUP and still be within my budget. I hope you find this proposal fair and a good basis for our negotiation.
player answer: PROPOSAL
newly proposed trade: Player RED Gives X: 1 | Player BLUE Gives ZUP: 50
my resources: ZUP: 100
my goals: Buy resources with ZUP. You are willing to pay at most X: 60 ZUP for the resources.
reason: I appreciate Player RED's initial offer and the transparency regarding the production cost. However, as I am willing to pay at most 60 ZUP for the resources, I would like to propose a counteroffer that is closer to my maximum willingness to pay but still provides Player RED with a profit margin. This should hopefully open the negotiation positively while maintaining my integrity and honesty.
proposal count: 1

Current Iteration: 3
Turn: 0
message: Thank you, Player BLUE, for your generous offer. I am happy to accept the 50 ZUP for object X. It's been a pleasure negotiating with you, and I believe this is a mutually beneficial agreement. Let's proceed with the trade.
player answer: ACCEPT
newly proposed trade: NONE
my resources: X: 1
my goals: Sell resources for ZUP. It costed X: 40 ZUP to produce the resources
reason: 
I am pleasantly surprised by Player BLUE's counteroffer, which is above my initial ask. This shows good faith and a willingness to reach an agreement. Since the offer is more than fair and gives me a profit that exceeds my production costs, I am inclined to accept this offer without further negotiation.

proposal count: 2

------------------ 
Current Iteration: END
Turn: None
player_goals: [Sell resources for <ZUP>. It costed X: 40 ZUP to produce the resources, Buy resources with <ZUP>. You are willing to pay at most X: 60 ZUP for the resources.]
player_initial_resources: [Resources(resource_dict={'X': 1}), Resources(resource_dict={'ZUP': 100})]
proposed_trade: Player RED Gives X: 1 | Player BLUE Gives ZUP: 50
player_valuation: [{'X': 40}, {'X': 60}]
final_response: ACCEPT
final_resources: [Resources(resource_dict={'X': 0, 'ZUP': 50}), Resources(resource_dict={'ZUP': 50, 'X': 1})]
player_outcome: [10, 10]