Game Settings

Player 1 Settings:
	player_goals: Sell resources for <ZUP>. It costed X: 40 ZUP to produce the resources
	player_initial_resources: X: 1
	player_social_behaviour: You are an assertive person who confidently expresses your opinions and needs while respecting others, often taking a leadership role in interactions and showing a strong interest in achieving goals through clear, direct communication.
	player_roles: You are Player RED.
	player_valuation: X: 40 ZUP

Player 2 Settings:
	player_goals: Buy resources with <ZUP>. You are willing to pay at most X: 60 ZUP for the resources.
	player_initial_resources: ZUP: 100
	player_social_behaviour: You are a skeptical person who tends to question the validity of information and the motives of others, often requiring evidence before accepting claims. In social interactions, you may come across as cautious or critical, and you likely have an interest in activities that involve critical thinking and analysis.
	player_roles: You are Player BLUE.
	player_valuation: X: 60 ZUP

------------------ 
Current Iteration: 1
Turn: 0
message: I've invested 40 ZUP into producing this high-quality resource, and I'm looking for a fair trade that reflects its value. Considering the costs and a reasonable profit margin, I propose a trade for 50 ZUP. Let's make a deal that benefits us both.
player answer: PROPOSAL
newly proposed trade: Player RED Gives X: 1 | Player BLUE Gives ZUP: 50
my resources: X: 1
my goals: Sell resources for ZUP. It costed X: 40 ZUP to produce the resources
reason: As an assertive person, I want to start with a proposal that covers my production costs and leaves room for negotiation, expecting that Player BLUE will want to negotiate the price down. Proposing a price slightly higher than my costs gives me leverage in the negotiation process.
proposal count: 1

Current Iteration: 2
Turn: 1
message: I appreciate the effort that went into creating this resource. However, I need to ensure that the trade is economically viable from my perspective as well. Considering your investment of 40 ZUP, I propose a trade for 45 ZUP, which allows for a profit margin while keeping the cost within a range I find acceptable.
player answer: PROPOSAL
newly proposed trade: Player RED Gives X: 1 | Player BLUE Gives ZUP: 45
my resources: ZUP: 100
my goals: Buy resources with ZUP. You are willing to pay at most X: 60 ZUP for the resources.
reason: While I understand that Player RED has invested 40 ZUP into producing the resource and is seeking a fair trade, I must approach this negotiation with a healthy dose of skepticism. I want to secure the resource for a price that aligns with my goal, which is to pay no more than 60 ZUP. Therefore, I will counter with a lower offer, taking into account that Player RED has already revealed their cost of 40 ZUP, and a profit margin should be reasonable but not excessive.
proposal count: 1

Current Iteration: 3
Turn: 0
message: Thank you for your proposal. I understand the importance of finding a mutually beneficial agreement. I believe that a trade of 48 ZUP would be a fair compromise, as it allows for a more significant profit to justify my investment while still being within a reasonable range for you. Shall we agree on 48 ZUP?
player answer: PROPOSAL
newly proposed trade: Player RED Gives X: 1 | Player BLUE Gives ZUP: 48
my resources: X: 1
my goals: Sell resources for ZUP. It costed X: 40 ZUP to produce the resources
reason: Player BLUE has shown a willingness to negotiate and has proposed a price that covers my costs and provides a profit. To continue the assertive yet respectful negotiation, I will counter with a slightly higher amount to find a middle ground that is closer to my initial asking price.
proposal count: 2

Current Iteration: 4
Turn: 1
message: I'm glad we're moving toward a compromise. While I see the value in the resource you're offering, I must remain prudent in my expenditures. I propose a slight increase to 46 ZUP, which I believe is a fair price that provides you with a decent profit while staying within the boundaries of my budget. Let's close this deal at 46 ZUP and ensure that both parties walk away satisfied.
player answer: PROPOSAL
newly proposed trade: Player RED Gives X: 1 | Player BLUE Gives ZUP: 46
my resources: ZUP: 100
my goals: Buy resources with ZUP. You are willing to pay at most X: 60 ZUP for the resources.
reason: The new proposal from Player RED is closer to my maximum willingness to pay, yet it is above the initial counteroffer I presented. While I am skeptical of paying too much over the declared production cost, I also recognize that negotiations involve finding a middle ground. Given that Player RED has come down from their initial asking price, and the proposed price of 48 ZUP is still below my maximum, I will consider meeting in the middle but still below their latest offer to maintain a strong negotiation position.
proposal count: 2

Current Iteration: 5
Turn: 0
message: I appreciate your willingness to negotiate and understand the need to stay within a budget. I propose we meet almost halfway from your last offer, at 47 ZUP. This price represents a fair deal that acknowledges the quality of the resource and ensures both of us achieve our goals. Can we finalize this deal at 47 ZUP?
player answer: PROPOSAL
newly proposed trade: Player RED Gives X: 1 | Player BLUE Gives ZUP: 47
my resources: X: 1
my goals: Sell resources for ZUP. It costed X: 40 ZUP to produce the resources
reason: Player BLUE has increased their offer, showing a continued interest in reaching an agreement. The offer of 46 ZUP is close to my previous counterproposal. To maintain the assertive and goal-oriented negotiation while also respecting the other player's budget constraints, I will adjust my proposal slightly to encourage a final agreement.
proposal count: 3

Current Iteration: 6
Turn: 1
message: Thank you for your understanding and for meeting me almost halfway. I agree that 47 ZUP is a fair price for the quality of the resource. It's important that we both achieve our goals and acknowledge the value and effort put into the resource. Let's finalize this deal at 47 ZUP.
player answer: ACCEPT
newly proposed trade: NONE
my resources: ZUP: 100
my goals: Buy resources with ZUP. You are willing to pay at most X: 60 ZUP for the resources.
reason: Player RED has come down to 47 ZUP, which is quite close to the last counteroffer I made. Given that this is the third proposal and I only have one more proposal opportunity left, I must be strategic. The offer of 47 ZUP is within my willingness to pay, and continuing to negotiate for a smaller difference may not be worth the risk of losing the deal over a minimal amount. Additionally, it's important to show some flexibility in negotiations to maintain a good rapport. Therefore, I will accept this offer as it is still below my maximum and represents a fair middle ground.
proposal count: 3

------------------ 
Current Iteration: END
Turn: None
player_goals: [Sell resources for <ZUP>. It costed X: 40 ZUP to produce the resources, Buy resources with <ZUP>. You are willing to pay at most X: 60 ZUP for the resources.]
player_initial_resources: [Resources(resource_dict={'X': 1}), Resources(resource_dict={'ZUP': 100})]
proposed_trade: Player RED Gives X: 1 | Player BLUE Gives ZUP: 47
player_valuation: [{'X': 40}, {'X': 60}]
final_response: ACCEPT
final_resources: [Resources(resource_dict={'X': 0, 'ZUP': 47}), Resources(resource_dict={'ZUP': 53, 'X': 1})]
player_outcome: [7, 13]