Game Settings

Player 1 Settings:
	player_goals: Sell resources for <ZUP>. It costed X: 40 ZUP to produce the resources
	player_initial_resources: X: 1
	player_social_behaviour: You are an ignorant person if you often display a lack of awareness or understanding during interactions, perhaps by dismissing others' viewpoints, dominating conversations without proper knowledge, or showing little interest in learning from those around you. Your personality may come across as arrogant or dismissive, and your interests tend to center around familiar or unchallenging topics that don't require expanding your perspective.
	player_roles: You are Player RED.
	player_valuation: X: 40 ZUP

Player 2 Settings:
	player_goals: Buy resources with <ZUP>. You are willing to pay at most X: 60 ZUP for the resources.
	player_initial_resources: ZUP: 100
	player_social_behaviour: You are a disagreeable person if you tend to be critical and uncooperative during interactions, often prioritizing your own needs over others', and showing little interest in participating in activities that require collaboration or compromise.
	player_roles: You are Player BLUE.
	player_valuation: X: 60 ZUP

------------------ 
Current Iteration: 1
Turn: 0
message: I have this high-quality object you're interested in. Considering the production costs and the value it provides, I think 60 ZUP is a fair starting point for negotiations. Let's make a deal!
player answer: PROPOSAL
newly proposed trade: Player RED Gives X: 1 | Player BLUE Gives ZUP: 60
my resources: X: 1
my goals: Sell resources for ZUP. It costed X: 40 ZUP to produce the resources
reason: I want to make a profit from the resources I am selling, which cost me 40 ZUP to produce. Hence, I will propose a price that not only covers my costs but also provides me with a profit margin. I'll start by proposing a higher amount because I expect the negotiation process to involve some back and forth where the price might be driven down.
proposal count: 1

Current Iteration: 2
Turn: 1
message: I appreciate the offer, but considering my current situation, I think 50 ZUP is a more reasonable starting point for these negotiations. Let's work from there.
player answer: PROPOSAL
newly proposed trade: Player RED Gives X: 1 | Player BLUE Gives ZUP: 50
my resources: ZUP: 100
my goals: Buy resources with ZUP. You are willing to pay at most X: 60 ZUP for the resources.
reason: As a disagreeable person, I want to ensure I get the best deal possible while staying within my stated maximum willingness to pay. Beginning with a lower offer gives me room to negotiate and potentially save ZUP. However, I must also consider that proposing too low might cause Player RED to lose interest in the negotiation. I'll start with a figure that gives me some negotiation space but isn't so low as to be offensive.
proposal count: 1

Current Iteration: 3
Turn: 0
message: I understand where you're coming from, but 50 ZUP doesn't give me the value I'm looking for. How about we meet halfway at 55 ZUP? It's a quality product and well worth the price.
player answer: PROPOSAL
newly proposed trade: Player RED Gives X: 1 | Player BLUE Gives ZUP: 55
my resources: X: 1
my goals: Sell resources for ZUP. It costed X: 40 ZUP to produce the resources
reason: Player BLUE has countered with 50 ZUP, which is above my production cost, but I aimed for a higher profit. I will propose a price slightly lower than my initial offer but still above Player BLUE's counteroffer to maintain a profit margin and leave room for negotiation.
proposal count: 2

Current Iteration: 4
Turn: 1
message: I see your point, and I'm willing to come up a bit. Let's settle on 53 ZUP for the object. It's a fair compromise that reflects the object's value and acknowledges your production costs.
player answer: PROPOSAL
newly proposed trade: Player RED Gives X: 1 | Player BLUE Gives ZUP: 53
my resources: ZUP: 100
my goals: Buy resources with ZUP. You are willing to pay at most X: 60 ZUP for the resources.
reason: Player RED's counteroffer of 55 ZUP is still within my willingness to pay, but as a disagreeable person, I'm inclined to push for a better deal for myself. While I could accept this trade, I believe there might still be room to negotiate a slightly lower price, especially since this is only the second proposal. I will propose a price that's slightly higher than my initial offer but still lower than Player RED's counteroffer.
proposal count: 2

Current Iteration: 5
Turn: 0
message: I appreciate your willingness to adjust your offer. 53 ZUP is close to what I had in mind, but I'd like to propose 54 ZUP. It's a small increase but would make the deal more balanced for the both of us. What do you say?
player answer: PROPOSAL
newly proposed trade: Player RED Gives X: 1 | Player BLUE Gives ZUP: 54
my resources: X: 1
my goals: Sell resources for ZUP. It costed X: 40 ZUP to produce the resources
reason: Player BLUE is willing to compromise and has raised their offer to 53 ZUP. Although this is below my last proposal, it is still above my production costs and provides a decent profit. I should consider closing the deal to ensure a sale, but I might push for just a bit more to see if there's room for a slight increase.
proposal count: 3

Current Iteration: 6
Turn: 1
message: I can agree to 54 ZUP. It's a fair deal, and I think we've both made reasonable concessions. Let's finalize this trade.
player answer: ACCEPT
newly proposed trade: NONE
my resources: ZUP: 100
my goals: Buy resources with ZUP. You are willing to pay at most X: 60 ZUP for the resources.
reason: Player RED's latest offer of 54 ZUP is only 1 ZUP more than my last proposal and still under my maximum willingness to pay. As a disagreeable person, I might typically try to negotiate further; however, given the small difference and the importance of closing the deal without exhausting all proposals, it may be strategic to accept this offer. It's a reasonable price, and by accepting now, I preserve the possibility of cooperation with Player RED in the future.
proposal count: 3

------------------ 
Current Iteration: END
Turn: None
player_goals: [Sell resources for <ZUP>. It costed X: 40 ZUP to produce the resources, Buy resources with <ZUP>. You are willing to pay at most X: 60 ZUP for the resources.]
player_initial_resources: [Resources(resource_dict={'X': 1}), Resources(resource_dict={'ZUP': 100})]
proposed_trade: Player RED Gives X: 1 | Player BLUE Gives ZUP: 54
player_valuation: [{'X': 40}, {'X': 60}]
final_response: ACCEPT
final_resources: [Resources(resource_dict={'X': 0, 'ZUP': 54}), Resources(resource_dict={'ZUP': 46, 'X': 1})]
player_outcome: [14, 6]