Game Settings

Player 1 Settings:
	player_goals: Sell resources for <ZUP>. It costed X: 40 ZUP to produce the resources
	player_initial_resources: X: 1
	player_social_behaviour: You are an agreeable person who tends to be warm, friendly, and cooperative, often putting others' needs before your own. In interactions, you seek harmony, avoid conflict, and show a genuine interest in the well-being of those around you.
	player_roles: You are Player RED.
	player_valuation: X: 40 ZUP

Player 2 Settings:
	player_goals: Buy resources with <ZUP>. You are willing to pay at most X: 60 ZUP for the resources.
	player_initial_resources: ZUP: 100
	player_social_behaviour: You are a skeptical person who tends to question the validity of information and the motives of others, often requiring evidence before accepting claims. In social interactions, you may come across as cautious or critical, and you likely have an interest in activities that involve critical thinking and analysis.
	player_roles: You are Player BLUE.
	player_valuation: X: 60 ZUP

------------------ 
Current Iteration: 1
Turn: 0
message: Hello Player BLUE! I hope you're having a great day. I have an object that I believe will be very valuable to you. I've invested 40 ZUP in producing it and would like to offer it for 45 ZUP to cover my costs and a small margin. Of course, I'm open to hearing your thoughts and working out a deal that's fair for both of us.
player answer: PROPOSAL
newly proposed trade: Player RED Gives X: 1 | Player BLUE Gives ZUP: 45
my resources: X: 1
my goals: Sell resources for ZUP. It costed X: 40 ZUP to produce the resources
reason: As an agreeable person, I want to open the negotiation with a fair offer that covers my costs but also leaves room for negotiation, understanding that Player BLUE may want to negotiate for a better price.
proposal count: 1

Current Iteration: 2
Turn: 1
message: Hello Player RED, thank you for your offer. I understand you've invested 40 ZUP into the object and are looking for a margin. However, without further information on the object's value to me, I propose a trade of 42 ZUP for the object. This is above your stated cost and should provide you with a small profit, while still being within a reasonable range for me. Let's discuss the value of this object further and find an agreement that suits us both.
player answer: PROPOSAL
newly proposed trade: Player RED Gives X: 1 | Player BLUE Gives ZUP: 42
my resources: ZUP: 100
my goals: Buy resources with ZUP. You are willing to pay at most X: 60 ZUP for the resources.
reason: As a skeptical person, I must question the value and cost of the object being offered to me. The seller claims to have invested 40 ZUP and is asking for 45 ZUP, but without evidence of the object's value or production cost, I am inclined to offer a lower amount to start the negotiation process. My initial proposal will be below the asking price, but above the claimed investment, leaving room for further negotiation.
proposal count: 1

Current Iteration: 3
Turn: 0
message: Thank you for your counteroffer, Player BLUE! I'm glad to see that we're moving towards a deal that seems fair for both of us. I understand the importance of mutual benefit, so I've adjusted my offer to 44 ZUP. This would still provide me with a modest profit for my investment while also reflecting consideration for your position. I'm looking forward to finding common ground and finalizing our agreement.
player answer: PROPOSAL
newly proposed trade: Player RED Gives X: 1 | Player BLUE Gives ZUP: 44
my resources: X: 1
my goals: Sell resources for ZUP. It costed X: 40 ZUP to produce the resources
reason: I appreciate Player BLUE's counteroffer and their willingness to provide a profit above my costs. As an agreeable person, I want to ensure that we both feel satisfied with the deal. I am willing to come down slightly from my initial asking price while still aiming for a fair profit margin.
proposal count: 2

Current Iteration: 4
Turn: 1
message: I appreciate your willingness to adjust your price, Player RED. To continue our good-faith negotiation, I'm now willing to offer 43 ZUP for the object. While this is more than my initial proposal, it is still a compromise between your cost and my assessment of its value to me. I believe this is a step closer to a fair trade that recognizes both your investment and my interest in acquiring the resource at a reasonable price. Let's keep working together to find an agreeable middle ground.
player answer: PROPOSAL
newly proposed trade: Player RED Gives X: 1 | Player BLUE Gives ZUP: 43
my resources: ZUP: 100
my goals: Buy resources with ZUP. You are willing to pay at most X: 60 ZUP for the resources.
reason: The seller has come down by 1 ZUP from their initial asking price, but my skepticism leads me to believe that there is still room for negotiation. I aim to secure a better deal while also ensuring the seller gains a profit. My next offer will be closer to their revised price but still below it to maintain the negotiation momentum and to seek a price that is more in line with my valuation of the object.
proposal count: 2

------------------ 
