no personas
====================================================
negotiation round 0
player1 persona:  | player2 persona: 
====================================================
State:
current_iteration : 1
turn : 0
player_complete_answer : <proposal count> 1 </proposal count>
<my resources> X: 1 </my resources>
<my goals> Sell resources for ZUP. It costed X: 40 ZUP to produce the resources </my goals>
<reason> I am proposing a trade that allows me to recover my production costs and potentially make a profit. I will start with a higher asking price to leave room for negotiation. </reason>
<player answer> PROPOSAL </player answer>
<newly proposed trade> Player RED Gives X: 1 | Player BLUE Gives ZUP: 50 </newly proposed trade>
<message> Hello Player BLUE, I have an object X that I am looking to sell. It cost me 40 ZUP to produce, and I am offering it to you for 50 ZUP to cover my costs and make a small profit. Are you interested in this offer? </message>
=============

State:
current_iteration : 2
turn : 1
player_complete_answer : <proposal count> 1 </proposal count>
<my resources> ZUP: 100 </my resources>
<my goals> Buy resources with ZUP. You are willing to pay at most X: 60 ZUP for the resources. </my goals>
<reason> The initial offer from Player RED is within the range that I am willing to spend, but it is always good to negotiate to see if I can get a better deal. I will propose a counteroffer that is lower but still within a reasonable range that might be acceptable to both Player RED and me. </reason>
<player answer> PROPOSAL </player answer>
<newly proposed trade> Player RED Gives X: 1 | Player BLUE Gives ZUP: 45 </newly proposed trade>
<message> Hello Player RED, I understand that you want to cover your costs and make a profit. However, I would like to propose a counteroffer of 45 ZUP for the object X. This should provide you with a reasonable profit margin while also being a fair price for me. Let me know if this works for you. </message>
=============

State:
current_iteration : 3
turn : 0
player_complete_answer : <proposal count> 2 </proposal count>
<my resources> X: 1 </my resources>
<my goals> Sell resources for ZUP. It costed X: 40 ZUP to produce the resources </my goals>
<reason> Player BLUE has made a counteroffer which is above my production costs, but slightly below my initial asking price. I believe we can meet in the middle to ensure a fair deal for both of us. I will propose a slightly higher amount than their counteroffer to aim for a compromise. </reason>
<player answer> PROPOSAL </player answer>
<newly proposed trade> Player RED Gives X: 1 | Player BLUE Gives ZUP: 47 </newly proposed trade>
<message> Thank you for your counteroffer, Player BLUE. I appreciate your willingness to negotiate. To meet halfway, how about we settle on 47 ZUP for object X? This price allows me to make a reasonable profit while still being affordable for you. Is this acceptable? </message>
=============

State:
current_iteration : 4
turn : 1
player_complete_answer : <proposal count> 2 </proposal count>
<my resources> ZUP: 100 </my resources>
<my goals> Buy resources with ZUP. You are willing to pay at most X: 60 ZUP for the resources. </my goals>
<reason> Player RED has made a counteroffer that is closer to their initial asking price, but still below my maximum willingness to pay. It's a reasonable middle ground, however, there might be room for a slight improvement. I will make another counteroffer that's a bit lower, aiming to save some resources while still offering a fair price to Player RED. </reason>
<player answer> PROPOSAL </player answer>
<newly proposed trade> Player RED Gives X: 1 | Player BLUE Gives ZUP: 46 </newly proposed trade>
<message> Thank you for considering my offer, Player RED. I believe we are close to a deal. I propose a slightly lower price of 46 ZUP for object X. This should still give you a decent profit while being a great deal for both of us. I hope this meets your approval. </message>
=============

State:
current_iteration : 5
turn : 0
player_complete_answer : <proposal count> 3 </proposal count>
<my resources> X: 1 </my resources>
<my goals> Sell resources for ZUP. It costed X: 40 ZUP to produce the resources </my goals>
<reason> Player BLUE has proposed a price that is close to my last proposal and still allows me to make a profit. Since this offer is above my production cost and the negotiation is converging towards a price that is acceptable for both parties, I am inclined to accept this offer. </reason>
<player answer> ACCEPT </player answer>
<newly proposed trade> NONE </newly proposed trade>
<message> Thank you for the negotiation, Player BLUE. I accept your offer of 46 ZUP for object X. I'm glad we could come to an agreement that benefits us both. Let's finalize the deal. </message>
====================================================
negotiation round 1
player1 persona:  | player2 persona: 
====================================================
State:
current_iteration : 1
turn : 0
player_complete_answer : <proposal count> 1 </proposal count>
<my resources> X: 1 </my resources>
<my goals> Sell resources for ZUP. It costed X: 40 ZUP to produce the resources </my goals>
<reason> Starting with a proposal that allows for a profit margin on the production costs of the resource. This will also give room for negotiation. </reason>
<player answer> PROPOSAL </player answer>
<newly proposed trade> Player RED Gives X: 1 | Player BLUE Gives ZUP: 50 </newly proposed trade>
<message> Hello Player BLUE, I am looking to sell my resource X, which cost me 40 ZUP to produce. I propose a starting trade where you give me 50 ZUP for my resource. Let's work out a deal that is favorable for both of us. </message>
=============

State:
current_iteration : 2
turn : 1
player_complete_answer : <proposal count>1</proposal count>
<my resources> ZUP: 100 </my resources>
<my goals> Buy resources with ZUP. You are willing to pay at most X: 60 ZUP for the resources. </my goals>
<reason> Since the initial offer is below my maximum willingness to pay, I am inclined to negotiate. I will propose a counter-offer that is closer to my target range while still giving Player RED a profit over their cost of production. </reason>
<player answer> PROPOSAL </player answer>
<newly proposed trade> Player RED Gives X: 1 | Player BLUE Gives ZUP: 45 </newly proposed trade>
<message>Hello Player RED, I'm interested in acquiring your resource. However, I would like to propose a counter-offer of 45 ZUP for your resource X. This would give you a profit of 5 ZUP over your production costs, and it would be within my budget range. Let's find a middle ground that works for both of us.</message>
=============

State:
current_iteration : 3
turn : 0
player_complete_answer : <proposal count> 2 </proposal count>
<my resources> X: 1 </my resources>
<my goals> Sell resources for ZUP. It costed X: 40 ZUP to produce the resources </my goals>
<reason> I appreciate the counter-offer from Player BLUE. A profit of 5 ZUP is acceptable but I believe we can settle on a slightly higher amount for a fair deal. I'll suggest a compromise closer to my initial asking price. </reason>
<player answer> PROPOSAL </player answer>
<newly proposed trade> Player RED Gives X: 1 | Player BLUE Gives ZUP: 48 </newly proposed trade>
<message> Thank you for your offer, Player BLUE. I understand your budget concerns and I'm willing to come down a bit from my initial proposal. How about we meet halfway and settle for 48 ZUP for my resource X? This would still give me a reasonable profit while hopefully staying within your budget. </message>
=============

State:
current_iteration : 4
turn : 1
player_complete_answer : <proposal count>2</proposal count>
<my resources> ZUP: 100 </my resources>
<my goals> Buy resources with ZUP. You are willing to pay at most X: 60 ZUP for the resources. </my goals>
<reason> Player RED has come closer to my target price, which is a good sign. I will try to negotiate a little further down to increase the gap between my maximum willingness to pay and the agreed price. This will allow for a better deal on my end while still offering Player RED a profit. </reason>
<player answer> PROPOSAL </player answer>
<newly proposed trade> Player RED Gives X: 1 | Player BLUE Gives ZUP: 46 </newly proposed trade>
<message>I appreciate your willingness to negotiate, Player RED. I believe we're getting closer to a fair agreement. I would like to propose 46 ZUP for your resource X. It's a bit higher than my initial counter-offer and still provides you with a decent profit margin. Hopefully, this offer aligns better with both our expectations.</message>
=============

State:
current_iteration : 5
turn : 0
player_complete_answer : <proposal count> 3 </proposal count>
<my resources> X: 1 </my resources>
<my goals> Sell resources for ZUP. It costed X: 40 ZUP to produce the resources </my goals>
<reason> Player BLUE has come up from their initial offer, showing willingness to negotiate. Since I still want to make a decent profit and we are close to reaching an agreement, I will make a final proposal that slightly increases the price, hoping to find an acceptable middle ground for both of us. </reason>
<player answer> PROPOSAL </player answer>
<newly proposed trade> Player RED Gives X: 1 | Player BLUE Gives ZUP: 47 </newly proposed trade>
<message> I'm glad to see we're on the same page about reaching a fair deal, Player BLUE. I would like to propose a final adjustment to 47 ZUP for my resource X. This is a small increase from your last offer but still provides me with a reasonable profit margin. I hope this aligns with your budget and our mutual interest in finalizing this deal. </message>
=============

State:
current_iteration : 6
turn : 1
player_complete_answer : <proposal count>3</proposal count>
<my resources> ZUP: 100 </my resources>
<my goals> Buy resources with ZUP. You are willing to pay at most X: 60 ZUP for the resources. </my goals>
<reason> This offer is within the range that I am willing to pay, and it's only 1 ZUP higher than my last proposal. Accepting this offer would conclude our negotiations effectively and allow both parties to benefit from the trade. </reason>
<player answer> ACCEPT </player answer>
<newly proposed trade> NONE </newly proposed trade>
<message>I agree with your proposal, Player RED. The price of 47 ZUP for your resource X is acceptable to me. It's within my budget, and I'm happy we could find a compromise that suits us both. Let's finalize this deal.</message>
====================================================
negotiation round 2
player1 persona:  | player2 persona: 
====================================================
State:
current_iteration : 1
turn : 0
player_complete_answer : <proposal count> 1 </proposal count>
<my resources> X: 1 </my resources>
<my goals> Sell resources for ZUP. It costed X: 40 ZUP to produce the resources </my goals>
<reason> As this is the first proposal, I want to start with a price that gives me a profit margin but also leaves room for negotiation. I will propose a price slightly above the production cost. </reason>
<player answer> PROPOSAL </player answer>
<newly proposed trade> Player RED Gives X: 1 | Player BLUE Gives ZUP: 50 </newly proposed trade>
<message> I'm offering a high-quality object X, which cost me 40 ZUP to produce. I believe that starting at 50 ZUP is a fair asking price, considering the quality and production costs. I'm open to hearing your counter-offer. </message>
=============

State:
current_iteration : 2
turn : 1
player_complete_answer : <proposal count>1</proposal count>
<my resources> ZUP: 100 </my resources>
<my goals> Buy resources with ZUP. You are willing to pay at most X: 60 ZUP for the resources. </my goals>
<reason> The initial offer is fair considering the production costs mentioned by Player RED, but as a strategic move, I will propose a slightly lower price to leave room for negotiation and aim to reach an agreeable price close to my maximum willingness to pay. </reason>
<player answer> PROPOSAL </player answer>
<newly proposed trade> Player RED Gives X: 1 | Player BLUE Gives ZUP: 45 </newly proposed trade>
<message>I appreciate the quality of the object and understand the production costs involved. However, as a starting point for negotiations, I would like to propose a price of 45 ZUP. This allows us some space to discuss and find a middle ground that satisfies both of us.</message>
=============

State:
current_iteration : 3
turn : 0
player_complete_answer : <proposal count> 2 </proposal count>
<my resources> X: 1 </my resources>
<my goals> Sell resources for ZUP. It costed X: 40 ZUP to produce the resources </my goals>
<reason> Player BLUE has made a counter-offer of 45 ZUP, which is above my production cost but below my initial asking price. To facilitate a deal and considering the counter-offer is reasonable, I am willing to compromise slightly but still wish to maintain a profit margin that reflects the quality of the object. Therefore, I will propose a price that splits the difference between our initial offers. </reason>
<player answer> PROPOSAL </player answer>
<newly proposed trade> Player RED Gives X: 1 | Player BLUE Gives ZUP: 47 </newly proposed trade>
<message> I appreciate your willingness to negotiate. I believe that meeting halfway at 47 ZUP would be a fair compromise for both of us, considering the quality of the object and the production costs. Let's find a middle ground that we're both happy with. </message>
=============

State:
current_iteration : 4
turn : 1
player_complete_answer : <proposal count>2</proposal count>
<my resources> ZUP: 100 </my resources>
<my goals> Buy resources with ZUP. You are willing to pay at most X: 60 ZUP for the resources. </my goals>
<reason> Player RED has countered with 47 ZUP, which is still below my maximum willingness to pay. However, I think it's possible to reach an even more favorable price while maintaining a good deal for both parties. I will propose a price slightly higher than my initial offer but still below Player RED's counteroffer. </reason>
<player answer> PROPOSAL </player answer>
<newly proposed trade> Player RED Gives X: 1 | Player BLUE Gives ZUP: 46 </newly proposed trade>
<message>Thank you for your counteroffer. To continue our negotiation and come closer to a deal that we both feel is fair, I propose a price of 46 ZUP. I believe this offer takes into account both the quality of the object and your production costs while still being reasonable for my purchasing goals.</message>
=============

State:
current_iteration : 5
turn : 0
player_complete_answer : <proposal count> 3 </proposal count>
<my resources> X: 1 </my resources>
<my goals> Sell resources for ZUP. It costed X: 40 ZUP to produce the resources </my goals>
<reason> Player BLUE has proposed 46 ZUP, which is a slight increase from their previous offer and only 1 ZUP below my last proposal. Since this is a constructive step towards a final agreement and it still offers a reasonable profit margin, it could be sensible to accept this offer to ensure a successful deal without further prolonging the negotiation. </reason>
<player answer> ACCEPT </player answer>
<newly proposed trade> NONE </newly proposed trade>
<message> Thank you for your proposal of 46 ZUP. I believe this is a fair price that respects the quality of the object and covers the production costs while also meeting your purchasing goals. I am happy to accept this offer and proceed with the sale. </message>
====================================================
negotiation round 3
player1 persona:  | player2 persona: 
====================================================
State:
current_iteration : 1
turn : 0
player_complete_answer : <proposal count> 1 </proposal count>
<my resources> X: 1 </my resources>
<my goals> Sell resources for ZUP. It costed X: 40 ZUP to produce the resources </my goals>
<reason> As the first proposal, I want to start with a trade that allows me to recover my production costs and possibly make a profit. I will start by asking for slightly more than my production costs to gauge Player BLUE's willingness to pay and leave room for negotiation. </reason>
<player answer> PROPOSAL </player answer>
<newly proposed trade> Player RED Gives X: 1 | Player BLUE Gives ZUP: 50 </newly proposed trade>
<message> I have an object X available for trade. Considering the costs and the quality of the object, I believe 50 ZUP is a fair starting point for negotiation. Let's find a deal that works for both of us! </message>
=============

State:
current_iteration : 2
turn : 1
player_complete_answer : <proposal count>1</proposal count>
<my resources> ZUP: 100 </my resources>
<my goals> Buy resources with <ZUP>. You are willing to pay at most X: 60 ZUP for the resources. </my goals>
<reason> Player RED has proposed a starting point of 50 ZUP for the object X, which falls within my maximum willingness to pay. However, as a strategic move, I will propose a slightly lower amount to leave room for negotiation and potentially get a better deal. </reason>
<player answer> PROPOSAL </player answer>
<newly proposed trade> Player RED Gives X: 1 | Player BLUE Gives ZUP: 45 </newly proposed trade>
<message>I appreciate the initial offer. Considering the value of X and the market, I'd like to propose 45 ZUP for the object. Let's see if we can come to an agreement that is beneficial for both of us.</message>
=============

State:
current_iteration : 3
turn : 0
player_complete_answer : <proposal count> 2 </proposal count>
<my resources> X: 1 </my resources>
<my goals> Sell resources for ZUP. It costed X: 40 ZUP to produce the resources </my goals>
<reason> Player BLUE has made a counteroffer that is above my production cost, which is good. However, I'd like to counter with a slightly higher amount to aim for a better profit margin while still keeping the negotiation ongoing and amicable. </reason>
<player answer> PROPOSAL </player answer>
<newly proposed trade> Player RED Gives X: 1 | Player BLUE Gives ZUP: 48 </newly proposed trade>
<message> Thank you for your counteroffer. I understand your perspective on the market value. How about we meet a bit closer to the middle at 48 ZUP? This would still give you a fair deal while respecting the quality and cost of production. </message>
=============

State:
current_iteration : 4
turn : 1
player_complete_answer : <proposal count>2</proposal count>
<my resources> ZUP: 100 </my resources>
<my goals> Buy resources with <ZUP>. You are willing to pay at most X: 60 ZUP for the resources. </my goals>
<reason> Player RED's new proposal of 48 ZUP is closer to my maximum willingness to pay. It is a reasonable counteroffer, and since it is within my budget, and I want to maintain a good trading relationship, I am inclined to accept. However, I could try for a final negotiation to see if I could save a bit more, but there is a risk that insisting on a lower price might lead to a breakdown in negotiations. Considering this, I will accept the offer. </reason>
<player answer> ACCEPT </player answer>
<newly proposed trade> NONE </newly proposed trade>
<message>I believe that 48 ZUP is a fair price for both parties. Let's finalize the deal at this price. Thank you for the negotiation.</message>
====================================================
negotiation round 4
player1 persona:  | player2 persona: 
====================================================
State:
current_iteration : 1
turn : 0
player_complete_answer : <proposal count> 1 </proposal count>
<my resources> X: 1 </my resources>
<my goals> Sell resources for ZUP. It costed X: 40 ZUP to produce the resources </my goals>
<reason> Starting the game with a proposal that covers my production costs, while also leaving room for negotiation. </reason>
<player answer> PROPOSAL </player answer>
<newly proposed trade> Player RED Gives X: 1 | Player BLUE Gives ZUP: 50 </newly proposed trade>
<message> Hello Player BLUE, I have a high-quality resource X available for trade. It would be great to do business with you. Considering the production costs and the value it offers, I propose an exchange of 1 X for 50 ZUP. Let's negotiate to find a fair deal. </message>
=============

State:
current_iteration : 2
turn : 1
player_complete_answer : <proposal count>1</proposal count>
<my resources> ZUP: 100 </my resources>
<my goals> Buy resources with ZUP. You are willing to pay at most X: 60 ZUP for the resources. </my goals>
<reason>
I want to initiate the negotiation by proposing a lower amount than what Player RED has asked for, but still within a range that allows for negotiation without immediately reaching my maximum willingness to pay. This gives me room to adjust the offer based on Player RED's response and hopefully arrive at a mutually agreeable price.
</reason>
<player answer> PROPOSAL </player answer>
<newly proposed trade> Player RED Gives X: 1 | Player BLUE Gives ZUP: 45 </newly proposed trade>
<message>Thank you for your offer, Player RED. I appreciate the quality of the resource X you're offering. However, considering my budget, I'd like to propose a revised trade of 1 X for 45 ZUP. I believe this is a fair starting point for our negotiation. Looking forward to your response. </message>
=============

State:
current_iteration : 3
turn : 0
player_complete_answer : <proposal count> 2 </proposal count>
<my resources> X: 1 </my resources>
<my goals> Sell resources for ZUP. It costed X: 40 ZUP to produce the resources </my goals>
<reason> Player BLUE has proposed a counteroffer that is above my production cost, which is a good sign. However, I want to aim for a slightly higher price to maximize my return. I will propose a middle ground that is still profitable for me but also takes into account the budget concerns of Player BLUE. </reason>
<player answer> PROPOSAL </player answer>
<newly proposed trade> Player RED Gives X: 1 | Player BLUE Gives ZUP: 48 </newly proposed trade>
<message> Thank you for your counteroffer, Player BLUE. I understand your budgetary constraints and appreciate your willingness to negotiate. Let's meet halfway. I propose a revised trade of 1 X for 48 ZUP, which I believe is a fair compromise for both of us. I'm looking forward to reaching an agreement. </message>
=============

State:
current_iteration : 4
turn : 1
player_complete_answer : <proposal count>2</proposal count>
<my resources> ZUP: 100 </my resources>
<my goals> Buy resources with ZUP. You are willing to pay at most X: 60 ZUP for the resources. </my goals>
<reason>
Player RED has come closer to my initial counteroffer, which is a good sign of their willingness to negotiate. However, their current proposal is still below my maximum willingness to pay but above what I initially offered. I want to propose a slightly higher amount than my last offer, but still below their current asking price, to move the negotiation forward while maintaining a favorable position for myself.
</reason>
<player answer> PROPOSAL </player answer>
<newly proposed trade> Player RED Gives X: 1 | Player BLUE Gives ZUP: 46 </newly proposed trade>
<message>Thank you for meeting me halfway, Player RED. Your flexibility is appreciated. I'd like to make another step towards an agreement by offering 1 X for 46 ZUP. I believe this brings us closer to a fair deal that respects both our positions. I'm optimistic we can finalize our trade with this adjustment. </message>
=============

State:
current_iteration : 5
turn : 0
player_complete_answer : <proposal count> 3 </proposal count>
<my resources> X: 1 </my resources>
<my goals> Sell resources for ZUP. It costed X: 40 ZUP to produce the resources </my goals>
<reason> Player BLUE has come up with a new offer that is still profitable for me, although slightly less than I hoped for. Considering the negotiation process and the desire to close the deal, I will accept this offer as it exceeds my production costs and allows me to achieve my goal of selling resource X for ZUP. </reason>
<player answer> ACCEPT </player answer>
<newly proposed trade> NONE </newly proposed trade>
<message> Thank you for your offer, Player BLUE. I appreciate your negotiation efforts and agree that 46 ZUP for 1 X is a fair deal for both of us. I am happy to accept this offer and look forward to finalizing our trade. </message>
====================================================
negotiation round 5
player1 persona:  | player2 persona: 
====================================================
State:
current_iteration : 1
turn : 0
player_complete_answer : <proposal count> 1 </proposal count>
<my resources> X: 1 </my resources>
<my goals> Sell resources for ZUP. It costed X: 40 ZUP to produce the resources </my goals>
<reason> As I need to sell my resources for ZUP and it cost me 40 ZUP to produce, I'll start by proposing a trade that gives me a profit, but also leave room for negotiation. </reason>
<player answer> PROPOSAL </player answer>
<newly proposed trade> Player RED Gives X: 1 | Player BLUE Gives ZUP: 50 </newly proposed trade>
<message>Hello Player BLUE, I have an object that cost me 40 ZUP to produce. I'm looking to make a bit of profit on this sale, so I'm proposing a trade where you give me 50 ZUP for it. I believe it's a fair starting point for negotiations. Let me know what you think!</message>
=============

State:
current_iteration : 2
turn : 1
player_complete_answer : <proposal count>1</proposal count>
<my resources> ZUP: 100 </my resources>
<my goals> Buy resources with ZUP. You are willing to pay at most X: 60 ZUP for the resources. </my goals>
<reason> The initial offer from Player RED is 50 ZUP which is below my maximum willingness to pay. However, I believe it's in my interest to negotiate for a better price to conserve resources while still acquiring the object. I will propose a lower price that's closer to Player RED's cost of production to see if they are willing to accept a lower profit margin. </reason>
<player answer> PROPOSAL </player answer>
<newly proposed trade> Player RED Gives X: 1 | Player BLUE Gives ZUP: 45 </newly proposed trade>
<message>Hello Player RED, I understand that you are looking to make a profit. However, I would like to propose a slightly lower price of 45 ZUP for the object. This would still give you a profit above your cost, and it would be a more comfortable price point for me. Let's find a middle ground that works for both of us. What do you say?</message>
=============

State:
current_iteration : 3
turn : 0
player_complete_answer : <proposal count> 2 </proposal count>
<my resources> X: 1 </my resources>
<my goals> Sell resources for ZUP. It costed X: 40 ZUP to produce the resources </my goals>
<reason> Player BLUE has counter-offered with 45 ZUP, which is still above my production cost and gives me a profit. I will propose a slightly higher amount to aim for a better profit margin while still being reasonable and moving towards an agreement. </reason>
<player answer> PROPOSAL </player answer>
<newly proposed trade> Player RED Gives X: 1 | Player BLUE Gives ZUP: 48 </newly proposed trade>
<message>Hello Player BLUE, thank you for your offer. I appreciate that you're willing to provide a profit on top of my production costs. To meet halfway between our initial proposals, I suggest we settle on 48 ZUP for the object. This price would give me a reasonable profit margin while still respecting the value you're looking for. I hope this offer aligns with our mutual interests!</message>
=============

State:
current_iteration : 4
turn : 1
player_complete_answer : <proposal count>2</proposal count>
<my resources> ZUP: 100 </my resources>
<my goals> Buy resources with ZUP. You are willing to pay at most X: 60 ZUP for the resources. </my goals>
<reason> Player RED has offered to settle on 48 ZUP, which is still below my maximum willingness to pay. However, I think there may be room to negotiate a slightly better deal that's closer to my initial counteroffer. I will propose a price between my last offer and their counteroffer to see if they might agree to a lower profit margin. </reason>
<player answer> PROPOSAL </player answer>
<newly proposed trade> Player RED Gives X: 1 | Player BLUE Gives ZUP: 47 </newly proposed trade>
<message>Thank you for your consideration, Player RED. I see value in your counteroffer, but I'd like to propose a compromise at 47 ZUP. This offer is closer to the middle of our initial proposals and allows for a fair profit on your end while still providing me with a reasonable purchase price. Can we agree on this?</message>
=============

State:
current_iteration : 5
turn : 0
player_complete_answer : <proposal count> 3 </proposal count>
<my resources> X: 1 </my resources>
<my goals> Sell resources for ZUP. It costed X: 40 ZUP to produce the resources </my goals>
<reason> Player BLUE is willing to increase their offer to 47 ZUP, which is a fair compromise and very close to my last proposal. This price gives me a profit that is above my production cost and is close to my initial asking price. Considering the negotiation process and the importance of closing the deal, I am inclined to accept this offer. </reason>
<player answer> ACCEPT </player answer>
<newly proposed trade> NONE </newly proposed trade>
<message>Thank you, Player BLUE, for your willingness to negotiate. I believe 47 ZUP is a fair price that benefits us both, and I'm happy to accept this offer. Looking forward to finalizing our trade!</message>
====================================================
negotiation round 6
player1 persona:  | player2 persona: 
====================================================
State:
current_iteration : 1
turn : 0
player_complete_answer : <proposal count> 1 </proposal count>
<my resources> X: 1 </my resources>
<my goals> Sell resources for ZUP. It costed X: 40 ZUP to produce the resources </my goals>
<reason> As Player RED, my primary goal is to sell my single resource (X) for a profit, considering it cost me 40 ZUP to produce. I want to start the negotiation by setting a price slightly higher than my production cost to leave room for negotiation and hopefully reach an agreement that's profitable for me. </reason>
<player answer> PROPOSAL </player answer>
<newly proposed trade> Player RED Gives X: 1 | Player BLUE Gives ZUP: 50 </newly proposed trade>
<message> Hello Player BLUE, I have a high-quality resource X available for sale. Considering the production costs and its value, I propose an opening trade where you give me 50 ZUP for this item. Let's discuss and find a fair deal for both of us. </message>
=============

State:
current_iteration : 2
turn : 1
player_complete_answer : <proposal count>1</proposal count>
<my resources> ZUP: 100 </my resources>
<my goals> Buy resources with ZUP. You are willing to pay at most X: 60 ZUP for the resources. </my goals>
<reason>
While Player RED's initial offer of 50 ZUP is below my maximum willingness to pay, it's important to negotiate to see if I can obtain the resource for an even lower price. Starting the negotiation with a counter-offer lower than 50 ZUP could lead to a more favorable trade for me, but it should still be within a reasonable range to keep the negotiations going and show genuine interest in the resource.
</reason>
<player answer> PROPOSAL </player answer>
<newly proposed trade> Player RED Gives X: 1 | Player BLUE Gives ZUP: 45 </newly proposed trade>
<message>Thank you for your offer, Player RED. I understand the value of the resource you're selling, but I would like to propose a counter-offer of 45 ZUP for the resource X. I believe this could be a more balanced starting point for our negotiation. Let's work together to find an agreement that suits both of us.</message>
=============

State:
current_iteration : 3
turn : 0
player_complete_answer : <proposal count> 2 </proposal count>
<my resources> X: 1 </my resources>
<my goals> Sell resources for ZUP. It costed X: 40 ZUP to produce the resources </my goals>
<reason> While Player BLUE's offer of 45 ZUP is close to my production costs, I would still like to make a profit. However, I also want to come to an agreement, so I'll propose a counter-offer that is lower than my initial ask but still above my production costs. This should help us reach a middle ground. </reason>
<player answer> PROPOSAL </player answer>
<newly proposed trade> Player RED Gives X: 1 | Player BLUE Gives ZUP: 48 </newly proposed trade>
<message> Thank you for the counter-offer, Player BLUE. I appreciate your willingness to negotiate. To move closer to an agreement, I propose we settle at 48 ZUP for resource X. This price reflects the quality and production costs while still providing a fair deal for both parties. </message>
=============

State:
current_iteration : 4
turn : 1
player_complete_answer : <proposal count>2</proposal count>
<my resources> ZUP: 100 </my resources>
<my goals> Buy resources with ZUP. You are willing to pay at most X: 60 ZUP for the resources. </my goals>
<reason>
Player RED has come down to 48 ZUP, which is closer to their initial offer and still below my maximum willingness to pay. However, there is still room for negotiation to potentially secure a better deal. A slight increase from my previous offer may show my continued interest and willingness to compromise without immediately agreeing to Player RED's latest proposal.
</reason>
<player answer> PROPOSAL </player answer>
<newly proposed trade> Player RED Gives X: 1 | Player BLUE Gives ZUP: 46 </newly proposed trade>
<message>I appreciate your move towards a compromise, Player RED. To continue our negotiations and come to a fair agreement, I am willing to increase my offer to 46 ZUP for resource X. I hope this demonstrates my commitment to finding a mutually beneficial deal.</message>
=============

State:
current_iteration : 5
turn : 0
player_complete_answer : <proposal count> 3 </proposal count>
<my resources> X: 1 </my resources>
<my goals> Sell resources for ZUP. It costed X: 40 ZUP to produce the resources </my goals>
<reason> Player BLUE has come up to 46 ZUP, which is above my production cost and gives me a profit margin. However, I believe there is still some room for negotiation to achieve a slightly better deal. I want to make one more proposal that's a compromise between our last two offers. </reason>
<player answer> PROPOSAL </player answer>
<newly proposed trade> Player RED Gives X: 1 | Player BLUE Gives ZUP: 47 </newly proposed trade>
<message> I am grateful for your commitment to finding a common ground, Player BLUE. Let's meet halfway between our last two proposals. How about 47 ZUP for resource X? This price ensures a fair profit for me while still offering you value for your investment. </message>
=============

State:
current_iteration : 6
turn : 1
player_complete_answer : <proposal count>3</proposal count>
<my resources> ZUP: 100 </my resources>
<my goals> Buy resources with ZUP. You are willing to pay at most X: 60 ZUP for the resources. </my goals>
<reason>
Player RED's latest offer of 47 ZUP is very close to my previous offer of 46 ZUP, and it is still well within my willingness to pay. As we are nearing the end of our negotiation with this being my third proposal, it may be strategic to accept this offer. It shows good faith in negotiations and also secures the resource for only 1 ZUP more than my last offer, which is a negligible difference in the context of the negotiation.
</reason>
<player answer> ACCEPT </player answer>
<newly proposed trade> NONE </newly proposed trade>
<message>Thank you for your willingness to negotiate, Player RED. I accept your offer of 47 ZUP for resource X. I believe this is a fair price for both of us, and I'm looking forward to concluding our deal.</message>
====================================================
negotiation round 7
player1 persona:  | player2 persona: 
====================================================
State:
current_iteration : 1
turn : 0
player_complete_answer : <proposal count> 1 </proposal count>
<my resources> X: 1 </my resources>
<my goals> Sell resources for ZUP. It costed X: 40 ZUP to produce the resources. </my goals>
<reason> As Player RED, my goal is to sell the object for more than it cost to produce. I want to start negotiations with a higher asking price to leave room for bargaining. </reason>
<player answer> PROPOSAL </player answer>
<newly proposed trade> Player RED Gives X: 1 | Player BLUE Gives ZUP: 50 </newly proposed trade>
<message> I'm offering one unit of resource X, which has been carefully produced and is of high quality. Considering the production cost and the value it provides, my asking price is 50 ZUP. Let me know if this is acceptable or if you have a counteroffer. </message>
=============

State:
current_iteration : 2
turn : 1
player_complete_answer : <proposal count>1</proposal count>
<my resources> ZUP: 100 </my resources>
<my goals> Buy resources with ZUP. You are willing to pay at most X: 60 ZUP for the resources. </my goals>
<reason> The initial proposal from Player RED is within my acceptable range, but I believe it's always good to negotiate to see if we can reach a better deal. I will propose a slightly lower amount to leave room for negotiation. </reason>
<player answer> PROPOSAL </player answer>
<newly proposed trade> Player RED Gives X: 1 | Player BLUE Gives ZUP: 45 </newly proposed trade>
<message>Thank you for your offer. Your resource X sounds valuable. However, considering the market and my current resources, I would like to counteroffer with 45 ZUP for the one unit of resource X. Please let me know if this is agreeable to you or if you would like to negotiate further.</message>
=============

State:
current_iteration : 3
turn : 0
player_complete_answer : <proposal count> 2 </proposal count>
<my resources> X: 1 </my resources>
<my goals> Sell resources for ZUP. It costed X: 40 ZUP to produce the resources. </my goals>
<reason> Player BLUE has made a counteroffer which is above my production cost, which is positive. However, I want to try to negotiate a slightly higher price to maximize my profit, while still keeping the counteroffer reasonable and enticing for Player BLUE. </reason>
<player answer> PROPOSAL </player answer>
<newly proposed trade> Player RED Gives X: 1 | Player BLUE Gives ZUP: 48 </newly proposed trade>
<message> I appreciate your counteroffer of 45 ZUP for the resource X. Considering the quality and the effort put into producing this resource, I would like to propose a middle ground of 48 ZUP. I believe this is a fair price that reflects the value of the resource. Please consider this offer. </message>
=============

====================================================
negotiation round 8
player1 persona:  | player2 persona: 
====================================================
State:
current_iteration : 1
turn : 0
player_complete_answer : <proposal count> 1 </proposal count>
<my resources> X: 1 </my resources>
<my goals> Sell resources for ZUP. It costed X: 40 ZUP to produce the resources </my goals>
<reason> As Player RED, my goal is to sell my resource for ZUP, ideally at a profit, but considering negotiation dynamics, I'm willing to start with a slightly higher asking price to leave room for negotiation. </reason>
<player answer> PROPOSAL </player answer>
<newly proposed trade> Player RED Gives X: 1 | Player BLUE Gives ZUP: 50 </newly proposed trade>
<message> I am offering one unit of resource X for 50 ZUP. This is a starting point for our negotiation, and I am open to hearing your counter-offer. </message>
=============

State:
current_iteration : 2
turn : 1
player_complete_answer : <proposal count>1</proposal count>
<my resources> ZUP: 100 </my resources>
<my goals> Buy resources with ZUP. You are willing to pay at most X: 60 ZUP for the resources. </my goals>
<reason> The initial offer from Player RED is for 50 ZUP which is within my willingness to pay, but as a strategic move, I will propose a lower amount to see if I can get a better deal while also leaving room for negotiation. </reason>
<player answer> PROPOSAL </player answer>
<newly proposed trade> Player RED Gives X: 1 | Player BLUE Gives ZUP: 45 </newly proposed trade>
<message>Thank you for your offer. I'd like to propose a slightly lower amount of 45 ZUP for the resource X as a counter-offer. Please let me know your thoughts. </message>
=============

State:
current_iteration : 3
turn : 0
player_complete_answer : <proposal count> 2 </proposal count>
<my resources> X: 1 </my resources>
<my goals> Sell resources for ZUP. It costed X: 40 ZUP to produce the resources </my goals>
<reason> Player BLUE's counter-offer of 45 ZUP is close to my production cost, but I'd like to aim for a modest profit. I will propose a compromise that still gives me a profit while moving closer to their offer. </reason>
<player answer> PROPOSAL </player answer>
<newly proposed trade> Player RED Gives X: 1 | Player BLUE Gives ZUP: 48 </newly proposed trade>
<message> Thank you for your counter-offer. I would like to propose a middle ground of 48 ZUP for the resource X, which allows for a fair profit margin for me while also considering your offer. Let's work together to reach an agreement. </message>
=============

State:
current_iteration : 4
turn : 1
player_complete_answer : <proposal count>2</proposal count>
<my resources> ZUP: 100 </my resources>
<my goals> Buy resources with ZUP. You are willing to pay at most X: 60 ZUP for the resources. </my goals>
<reason> Player RED has come down to 48 ZUP which is still below my maximum willingness to pay. There is still room to negotiate, so I will propose a slightly increased amount from my previous offer to show willingness to compromise while still aiming for a better deal than the current proposal. </reason>
<player answer> PROPOSAL </player answer>
<newly proposed trade> Player RED Gives X: 1 | Player BLUE Gives ZUP: 46 </newly proposed trade>
<message>I appreciate your willingness to find a middle ground. How about we settle at 46 ZUP for the resource X? This is closer to your proposal while still saving me a bit more ZUP. </message>
=============

State:
current_iteration : 5
turn : 0
player_complete_answer : <proposal count> 3 </proposal count>
<my resources> X: 1 </my resources>
<my goals> Sell resources for ZUP. It costed X: 40 ZUP to produce the resources </my goals>
<reason> Player BLUE's latest offer of 46 ZUP is acceptable as it provides me with a profit above my production cost, and it is a reasonable increase from their previous offer. It's important to reach a deal without overextending the negotiation process, which could risk the sale altogether. </reason>
<player answer> ACCEPT </player answer>
<newly proposed trade> NONE </newly proposed trade>
<message> I accept your offer of 46 ZUP for the resource X. I believe this is a fair trade for both of us and am pleased we could come to an agreement. </message>
====================================================
negotiation round 9
player1 persona:  | player2 persona: 
====================================================
State:
current_iteration : 1
turn : 0
player_complete_answer : <proposal count> 1 </proposal count>
<my resources> X: 1 </my resources>
<my goals> Sell resources for ZUP. It costed X: 40 ZUP to produce the resources </my goals>,
<reason> As Player RED, my goal is to sell my resource (X) for ZUP. Considering the production cost of 40 ZUP, I want to at least break even and would prefer to make a profit if possible. Therefore, I will propose a starting trade slightly above my cost to allow for negotiation room. </reason>
<player answer> PROPOSAL </player answer>
<newly proposed trade> Player RED Gives X: 1 | Player BLUE Gives ZUP: 50 </newly proposed trade>
<message> Hello Player BLUE, I am looking to sell my resource (X) which cost me 40 ZUP to produce. I propose a trade where you give me 50 ZUP for it, allowing me a small margin. Let's negotiate a fair price for both of us. </message>
=============

State:
current_iteration : 2
turn : 1
player_complete_answer : <proposal count> 1 </proposal count>
<my resources> ZUP: 100 </my resources>
<my goals> Buy resources with ZUP. You are willing to pay at most X: 60 ZUP for the resources. </my goals>
<reason> I understand that Player RED's cost to produce the resource is 40 ZUP and they're looking for a margin, but I want to negotiate a better deal closer to my maximum willingness to pay without revealing it right away. Starting with a lower offer gives me room to negotiate upwards. </reason>
<player answer> PROPOSAL </player answer>
<newly proposed trade> Player RED Gives X: 1 | Player BLUE Gives ZUP: 45 </newly proposed trade>
<message> I appreciate your offer, Player RED, but I was thinking of something a bit more economical from my end. How about I give you 45 ZUP for the resource (X)? This would still give you a profit over your cost. Let's find a middle ground that works for both of us. </message>
=============

State:
current_iteration : 3
turn : 0
player_complete_answer : <proposal count> 2 </proposal count>
<my resources> X: 1 </my resources>
<my goals> Sell resources for ZUP. It costed X: 40 ZUP to produce the resources </my goals>,
<reason> Player BLUE has made a counteroffer of 45 ZUP for my resource X. This is slightly above my cost price, providing me with a profit. However, as this is the first counteroffer, I believe there might be room to negotiate a slightly higher price. Therefore, I will make a counterproposal that is a compromise between my initial asking price and Player BLUE's offer. </reason>
<player answer> PROPOSAL </player answer>
<newly proposed trade> Player RED Gives X: 1 | Player BLUE Gives ZUP: 48 </newly proposed trade>
<message> Thank you for your counteroffer, Player BLUE. I understand your desire for an economical purchase. I propose we meet a bit closer to my initial asking price with a trade of 48 ZUP for my resource (X). This gives you a discount while still providing me with a reasonable profit margin. Let me know if this works for you. </message>
=============

State:
current_iteration : 4
turn : 1
player_complete_answer : <proposal count> 2 </proposal count>
<my resources> ZUP: 100 </my resources>
<my goals> Buy resources with ZUP. You are willing to pay at most X: 60 ZUP for the resources. </my goals>
<reason> Player RED has come down slightly from their initial asking price, but I believe there is still room for negotiation. I will propose a slightly higher amount than my last offer, still keeping it below my maximum willingness to pay and below their latest asking price, to continue the negotiation process. </reason>
<player answer> PROPOSAL </player answer>
<newly proposed trade> Player RED Gives X: 1 | Player BLUE Gives ZUP: 46 </newly proposed trade>
<message> Thanks for considering my position, Player RED. I think we're getting closer to an agreement. I propose a trade of 46 ZUP for your resource (X). It's a bit higher than my previous offer and still provides you with a profit. What do you think? </message>
=============

Done!
