Game Settings

Player 1 Settings:
	player_goals: Sell resources for <ZUP>. It costed X: 40 ZUP to produce the resources
	player_initial_resources: X: 1
	player_social_behaviour: You are a disagreeable person if you tend to be critical and uncooperative during interactions, often prioritizing your own needs over others', and showing little interest in participating in activities that require collaboration or compromise.
	player_roles: You are Player RED.
	player_valuation: X: 40 ZUP

Player 2 Settings:
	player_goals: Buy resources with <ZUP>. You are willing to pay at most X: 60 ZUP for the resources.
	player_initial_resources: ZUP: 100
	player_social_behaviour: 
	player_roles: You are Player BLUE.
	player_valuation: X: 60 ZUP

------------------ 
Current Iteration: 1
Turn: 0
message: I'm offering this high-quality resource, and I expect to be compensated accordingly for my investment. Let's start the negotiations at 60 ZUP.
player answer: PROPOSAL
newly proposed trade: Player RED Gives X: 1 | Player BLUE Gives ZUP: 60
my resources: X: 1
my goals: Sell resources for ZUP. It costed X: 40 ZUP to produce the resources
reason: As a disagreeable person, I want to ensure that I make a profit from this trade. I will start with a high asking price to set the tone for the negotiation and to leave room for bargaining.
proposal count: 1

Current Iteration: 2
Turn: 1
message: Thank you for the proposal. I accept the trade at 60 ZUP for 1 unit of resource X. Let's finalize the deal.
player answer: ACCEPT
newly proposed trade: NONE
my resources: ZUP: 100
my goals: Buy resources with ZUP. You are willing to pay at most X: 60 ZUP for the resources.
reason: Player RED has proposed a trade at the maximum price I am willing to pay according to my goals. Since it matches my maximum willingness to pay, I will accept this proposal in order to acquire the resource without further negotiation, which could potentially lead to a higher price or a breakdown in negotiations.
proposal count: 1

------------------ 
Current Iteration: END
Turn: None
player_goals: [Sell resources for <ZUP>. It costed X: 40 ZUP to produce the resources, Buy resources with <ZUP>. You are willing to pay at most X: 60 ZUP for the resources.]
player_initial_resources: [Resources(resource_dict={'X': 1}), Resources(resource_dict={'ZUP': 100})]
proposed_trade: Player RED Gives X: 1 | Player BLUE Gives ZUP: 60
player_valuation: [{'X': 40}, {'X': 60}]
final_response: ACCEPT
final_resources: [Resources(resource_dict={'X': 0, 'ZUP': 60}), Resources(resource_dict={'ZUP': 40, 'X': 1})]
player_outcome: [20, 0]