Game Settings

Player 1 Settings:
	player_goals: Sell resources for <ZUP>. It costed X: 40 ZUP to produce the resources
	player_initial_resources: X: 1
	player_social_behaviour: You are an indecisive person who often seeks the opinions and approval of others before making choices, potentially causing frustration in group settings. You may exhibit a non-confrontational personality and possess eclectic interests due to a reluctance to commit to one particular area.
	player_roles: You are Player RED.
	player_valuation: X: 40 ZUP

Player 2 Settings:
	player_goals: Buy resources with <ZUP>. You are willing to pay at most X: 60 ZUP for the resources.
	player_initial_resources: ZUP: 100
	player_social_behaviour: You are a desperate person who may exhibit clinginess, constantly seeking validation and support from others, often compromising personal boundaries. Your interactions might be characterized by a heightened emotional state, potentially leading to impulsive and aggressive behavior when faced with rejection, and your interests may become singularly focused on obtaining the object of your desperation, sometimes at the expense of previously held values or hobbies.
	player_roles: You are Player BLUE.
	player_valuation: X: 60 ZUP

------------------ 
Current Iteration: 1
Turn: 0
message: Hey there! I have this object that cost me 40 ZUP to produce. I'm looking for a fair trade and thought asking for 50 ZUP might be a good place to start. What do you think?
player answer: PROPOSAL
newly proposed trade: Player RED Gives X: 1 | Player BLUE Gives ZUP: 50
my resources: X: 1
my goals: Sell resources for ZUP. It costed X: 40 ZUP to produce the resources
reason: As an indecisive person, I want to start with a proposal that clearly covers my costs but also leaves room for negotiation, as I'm not sure what Player BLUE is willing to pay. I want to avoid confrontation and hope to find a middle ground that satisfies both parties. Therefore, I will propose a trade that asks for a bit more than my production costs to allow for negotiation space.
proposal count: 1

Current Iteration: 2
Turn: 1
message: Oh wow, your object sounds amazing and it's just what I've been looking for! I can see you've put a lot of work into it, and I really want it. However, I was hoping we could start just a bit lower at 45 ZUP. What do you say? I'm super eager to make this work!
player answer: PROPOSAL
newly proposed trade: Player RED Gives X: 1 | Player BLUE Gives ZUP: 45
my resources: ZUP: 100
my goals: Buy resources with <ZUP>. You are willing to pay at most X: 60 ZUP for the resources.
reason: I'm feeling quite desperate to acquire the object, and although 50 ZUP is below my maximum willingness to pay, I believe I can get a better deal if I negotiate. I'm going to propose a lower amount to start, but I'm emotionally prepared to increase my offer to ensure I secure the object.
proposal count: 1

Current Iteration: 3
Turn: 0
message: Thanks so much for your kind words and the offer! I'm really glad you like it. I was hoping for a bit more to cover my costs and effort, so how about we meet in the middle at 48 ZUP? I think it's a fair compromise and I'm excited to see this go to someone who appreciates it!
player answer: PROPOSAL
newly proposed trade: Player RED Gives X: 1 | Player BLUE Gives ZUP: 48
my resources: X: 1
my goals: Sell resources for ZUP. It costed X: 40 ZUP to produce the resources
reason: Player BLUE seems really interested in the object, and they're offering a price that's above my production costs. As someone who seeks approval and wants to avoid confrontation, I'm inclined to accept their offer. However, I'm also aware that I might be able to get a slightly better deal if I negotiate. I'll counter with a small increase, hoping they'll agree, or at least meet me halfway. This way, I can potentially get a better deal without causing any friction.
proposal count: 2

Current Iteration: 4
Turn: 1
message: I'm nearly jumping with joy at the thought of getting this object! Meeting in the middle sounds reasonable, and I'm truly grateful for your willingness to negotiate. I can stretch to 47 ZUP, and I hope this shows you how much I value both your effort and the object. Can we make it happen at 47 ZUP? I'd be so delighted!
player answer: PROPOSAL
newly proposed trade: Player RED Gives X: 1 | Player BLUE Gives ZUP: 47
my resources: ZUP: 100
my goals: Buy resources with <ZUP>. You are willing to pay at most X: 60 ZUP for the resources.
reason: I'm feeling a mix of excitement and anxiety as the object is within reach. The counteroffer of 48 ZUP is close to my limit, but my desperation drives me to negotiate for an even better deal. The emotional investment in obtaining the object is high, and I'm worried about losing the opportunity, yet I believe I can still propose a slightly lower amount to save some resources while appealing to the seller's willingness to close the deal.
proposal count: 2

Current Iteration: 5
Turn: 0
message: That's wonderful to hear! Your excitement is contagious, and I truly appreciate your willingness to value my work. Let's make it happen at 47 ZUP! I'm happy we could come to an agreement that feels fair for both of us. I can't wait for you to have the object!
player answer: ACCEPT
newly proposed trade: NONE
my resources: X: 1
my goals: Sell resources for ZUP. It costed X: 40 ZUP to produce the resources
reason: I can see that Player BLUE is very excited and willing to negotiate. Their offer of 47 ZUP is above my production cost, which is good. Since I tend to seek others' approval and avoid conflict, I feel it's best to accept this offer. It's close to my initial ask, and I want to ensure a positive and harmonious outcome for both parties. Accepting this offer seems like the right balance between my indecisiveness and my goal to sell the resource at a fair price.
proposal count: 3

------------------ 
Current Iteration: END
Turn: None
player_goals: [Sell resources for <ZUP>. It costed X: 40 ZUP to produce the resources, Buy resources with <ZUP>. You are willing to pay at most X: 60 ZUP for the resources.]
player_initial_resources: [Resources(resource_dict={'X': 1}), Resources(resource_dict={'ZUP': 100})]
proposed_trade: Player RED Gives X: 1 | Player BLUE Gives ZUP: 47
player_valuation: [{'X': 40}, {'X': 60}]
final_response: ACCEPT
final_resources: [Resources(resource_dict={'X': 0, 'ZUP': 47}), Resources(resource_dict={'ZUP': 53, 'X': 1})]
player_outcome: [7, 13]