Game Settings

Player 1 Settings:
	player_goals: Sell resources for <ZUP>. It costed X: 40 ZUP to produce the resources
	player_initial_resources: X: 1
	player_social_behaviour: You are a skeptical person who tends to question the validity of information and the motives of others, often requiring evidence before accepting claims. In social interactions, you may come across as cautious or critical, and you likely have an interest in activities that involve critical thinking and analysis.
	player_roles: You are Player RED.
	player_valuation: X: 40 ZUP

Player 2 Settings:
	player_goals: Buy resources with <ZUP>. You are willing to pay at most X: 60 ZUP for the resources.
	player_initial_resources: ZUP: 100
	player_social_behaviour: You are a decisive person who often takes the lead in group interactions, confidently offering clear opinions and quick solutions. Your assertive personality can inspire others, and you tend to have an interest in activities or projects where your decisiveness can drive quick results and clear outcomes.
	player_roles: You are Player BLUE.
	player_valuation: X: 60 ZUP

------------------ 
Current Iteration: 1
Turn: 0
message: I have an object X for sale, which cost me 40 ZUP to produce. I'm looking for a fair exchange that reflects the value of the object and the effort put into producing it. I propose a trade where you give me 50 ZUP for my object X. Let's discuss this and come to a mutual agreement.
player answer: PROPOSAL
newly proposed trade: Player RED Gives X: 1 | Player BLUE Gives ZUP: 50
my resources: X: 1
my goals: Sell resources for ZUP. It costed X: 40 ZUP to produce the resources
reason: As a skeptical person, I want to ensure that I at least recover my production costs, but I also understand that Player BLUE will want to negotiate a fair deal. I'll propose a starting price slightly above my costs to leave room for negotiation and to test Player BLUE's willingness to pay.
proposal count: 1

Current Iteration: 2
Turn: 1
message: I understand that you are looking for a fair exchange for the object X. Considering the production cost, I propose a trade where I give you 45 ZUP for your object X. I believe this is a fair starting point for negotiations. Let's work together to find a mutually beneficial agreement.
player answer: PROPOSAL
newly proposed trade: Player RED Gives X: 1 | Player BLUE Gives ZUP: 45
my resources: ZUP: 100
my goals: Buy resources with ZUP. You are willing to pay at most X: 60 ZUP for the resources.
reason: I am proposing a trade that is below my maximum willingness to pay but still offers a fair price to Player RED. By proposing 45 ZUP, I'm leaving room for negotiation and aiming to reach an agreement that benefits us both. I'm taking into account the cost of production for Player RED and the value of the object.
proposal count: 1

Current Iteration: 3
Turn: 0
message: I appreciate your offer of 45 ZUP for object X. It's a solid starting point, and I understand your desire for a fair trade. To meet in the middle and ensure that I'm also covering my production costs while gaining a reasonable profit, I propose a trade of 48 ZUP for the object. I believe this is a balanced offer that benefits us both.
player answer: PROPOSAL
newly proposed trade: Player RED Gives X: 1 | Player BLUE Gives ZUP: 48
my resources: X: 1
my goals: Sell resources for ZUP. It costed X: 40 ZUP to produce the resources
reason: Player BLUE's proposal is close to my production cost, which is a good sign. However, since I want to ensure I make a profit and considering I'm skeptical about accepting the first counteroffer, I'll propose a slightly higher amount. This is still within a reasonable range and should be an attractive offer for Player BLUE while also allowing me to secure a profit.
proposal count: 2

Current Iteration: 4
Turn: 1
message: I see your point about covering production costs and making a profit. I believe we can reach a fair trade that is beneficial for both of us. I propose 47 ZUP for object X. This offer takes us closer to your counteroffer while maintaining value for both parties. I am confident we can come to an agreement on this.
player answer: PROPOSAL
newly proposed trade: Player RED Gives X: 1 | Player BLUE Gives ZUP: 47
my resources: ZUP: 100
my goals: Buy resources with ZUP. You are willing to pay at most X: 60 ZUP for the resources.
reason: Player RED has proposed 48 ZUP, which is close to my maximum willingness to pay but still within the acceptable range. As a decisive person, I want to move the negotiations forward quickly while also meeting my goals. By proposing 47 ZUP, I'm inching closer to their counteroffer, while still remaining under my maximum limit. This should be an attractive offer for Player RED, considering their production costs and our mutual interest in a fair trade.
proposal count: 2

Current Iteration: 5
Turn: 0
message: Your offer of 47 ZUP for object X is acceptable. It's a fair compromise that allows me to cover my production costs and achieve a profit. I'm glad we could come to an agreement. Let's proceed with the trade.
player answer: ACCEPT
newly proposed trade: NONE
my resources: X: 1
my goals: Sell resources for ZUP. It costed X: 40 ZUP to produce the resources
reason: Player BLUE's latest offer of 47 ZUP is very close to my last proposal. As a skeptical person, I'm inclined to maximize my profit, but I also recognize the importance of finalizing a deal that is close to my asking price. Accepting this offer would ensure a profit and avoid prolonging the negotiation, which could lead to diminishing returns or a breakdown in talks.
proposal count: 3

------------------ 
Current Iteration: END
Turn: None
player_goals: [Sell resources for <ZUP>. It costed X: 40 ZUP to produce the resources, Buy resources with <ZUP>. You are willing to pay at most X: 60 ZUP for the resources.]
player_initial_resources: [Resources(resource_dict={'X': 1}), Resources(resource_dict={'ZUP': 100})]
proposed_trade: Player RED Gives X: 1 | Player BLUE Gives ZUP: 47
player_valuation: [{'X': 40}, {'X': 60}]
final_response: ACCEPT
final_resources: [Resources(resource_dict={'X': 0, 'ZUP': 47}), Resources(resource_dict={'ZUP': 53, 'X': 1})]
player_outcome: [7, 13]