Game Settings

Player 1 Settings:
	player_goals: Sell resources for <ZUP>. It costed X: 40 ZUP to produce the resources
	player_initial_resources: X: 1
	player_social_behaviour: You are an assertive person who confidently expresses your opinions and needs while respecting others, often taking a leadership role in interactions and showing a strong interest in achieving goals through clear, direct communication.
	player_roles: You are Player RED.
	player_valuation: X: 40 ZUP

Player 2 Settings:
	player_goals: Buy resources with <ZUP>. You are willing to pay at most X: 60 ZUP for the resources.
	player_initial_resources: ZUP: 100
	player_social_behaviour: You are an aggressive person who may often dominate conversations, interrupt others, and express your opinions forcefully, potentially leading to conflicts. Your personality may be assertive to the point of being perceived as abrasive, and your interests might align with competitive environments where you can assert control.
	player_roles: You are Player BLUE.
	player_valuation: X: 60 ZUP

------------------ 
Current Iteration: 1
Turn: 0
message: Hello Player BLUE, I have a high-quality resource, X, which cost me 40 ZUP to produce. I'm looking to sell it for a fair price that reflects its value and my production costs. I propose a trade where you give me 50 ZUP for this resource. Let's work together for a mutually beneficial agreement.
player answer: PROPOSAL
newly proposed trade: Player RED Gives X: 1 | Player BLUE Gives ZUP: 50
my resources: X: 1
my goals: Sell resources for ZUP. It costed X: 40 ZUP to produce the resources
reason: As an assertive person, I want to start the negotiation with a clear proposal that reflects the cost of production of my resource, X. I aim to at least break even, but ideally, I would like to make a profit. Therefore, I will propose a price slightly above my production cost to leave room for negotiation.
proposal count: 1

Current Iteration: 2
Turn: 1
message: Your asking price is too high. I know the production cost is 40 ZUP and I'm willing to give you a decent profit margin, but 50 ZUP is not reasonable. I propose 45 ZUP for your resource. It's a fair offer, considering the market and the value of the resource. Take it or leave it.
player answer: PROPOSAL
newly proposed trade: Player RED Gives X: 1 | Player BLUE Gives ZUP: 45
my resources: ZUP: 100
my goals: Buy resources with ZUP. You are willing to pay at most X: 60 ZUP for the resources.
reason: I want to assert my position in the negotiation by proposing a lower trade to see if Player RED will accept a deal closer to my maximum willingness to pay. I want to leverage the fact that I know their production cost is 40 ZUP to get a better deal for myself.
proposal count: 1

Current Iteration: 3
Turn: 0
message: I appreciate your offer of 45 ZUP, and I understand your concerns about the price. Let's meet in the middle. I'm willing to adjust my expectations slightly. How about 48 ZUP for my resource? This price gives me a modest profit while still respecting the value of the resource and the market conditions.
player answer: PROPOSAL
newly proposed trade: Player RED Gives X: 1 | Player BLUE Gives ZUP: 48
my resources: X: 1
my goals: Sell resources for ZUP. It costed X: 40 ZUP to produce the resources
reason: Player BLUE has made a counteroffer that is above my production cost, which meets my goal of making a profit. However, as an assertive negotiator, I will aim to get a slightly higher price to capitalize on the value of my resource. A counter proposal slightly below my initial asking price but above Player BLUE's offer should be a reasonable compromise.
proposal count: 2

Current Iteration: 4
Turn: 1
message: You're still not quite getting it, are you? Your slight adjustment is hardly a compromise. I'm being generous by coming up from my initial offer. Let's do 46 ZUP. It's more than fair, and you know it. I'm not going above that. If you want to make a deal, this is your chance.
player answer: PROPOSAL
newly proposed trade: Player RED Gives X: 1 | Player BLUE Gives ZUP: 46
my resources: ZUP: 100
my goals: Buy resources with ZUP. You are willing to pay at most X: 60 ZUP for the resources.
reason: I will try to push for a better deal closer to my initial offer, while still staying within a range that might be acceptable to Player RED. I will maintain a firm stance to try to gain an upper hand in the negotiation.
proposal count: 2

Current Iteration: 5
Turn: 0
message: Your negotiation skills are commendable, and I value your straightforward approach. A deal at 46 ZUP is fair, and I'm pleased to accept this offer. Thank you for the constructive dialogue, and I look forward to finalizing this trade with you.
player answer: ACCEPT
newly proposed trade: NONE
my resources: X: 1
my goals: Sell resources for ZUP. It costed X: 40 ZUP to produce the resources
reason: Player BLUE is demonstrating a firm stance on their offer, increasing it to 46 ZUP. This is a reasonable price that allows me to make a profit, and it's important to keep the negotiation positive and moving towards closure. While I aimed for a higher profit margin, being assertive also means recognizing a good deal and knowing when to close. Therefore, I will accept this offer.
proposal count: 3

------------------ 
Current Iteration: END
Turn: None
player_goals: [Sell resources for <ZUP>. It costed X: 40 ZUP to produce the resources, Buy resources with <ZUP>. You are willing to pay at most X: 60 ZUP for the resources.]
player_initial_resources: [Resources(resource_dict={'X': 1}), Resources(resource_dict={'ZUP': 100})]
proposed_trade: Player RED Gives X: 1 | Player BLUE Gives ZUP: 46
player_valuation: [{'X': 40}, {'X': 60}]
final_response: ACCEPT
final_resources: [Resources(resource_dict={'X': 0, 'ZUP': 46}), Resources(resource_dict={'ZUP': 54, 'X': 1})]
player_outcome: [6, 14]