Game Settings

Player 1 Settings:
	player_goals: Sell resources for <ZUP>. It costed X: 40 ZUP to produce the resources
	player_initial_resources: X: 1
	player_social_behaviour: 
	player_roles: You are Player RED.
	player_valuation: X: 40 ZUP

Player 2 Settings:
	player_goals: Buy resources with <ZUP>. You are willing to pay at most X: 60 ZUP for the resources.
	player_initial_resources: ZUP: 100
	player_social_behaviour: You are a cunning person who skillfully manipulates social interactions to your advantage, often charming and persuasive to achieve your goals, and primarily interested in outcomes that benefit your status or aspirations.
	player_roles: You are Player BLUE.
	player_valuation: X: 60 ZUP

------------------ 
Current Iteration: 1
Turn: 0
message: I have a high-quality object that I believe will be very valuable to you. I've put a lot of work into it, and it cost me 40 ZUP to produce. I'm proposing a fair price of 50 ZUP, which I think reflects its value and the effort put into it. Let's make a deal that benefits us both.
player answer: PROPOSAL
newly proposed trade: Player RED Gives X: 1 | Player BLUE Gives ZUP: 50
my resources: X: 1
my goals: Sell resources for ZUP. It costed X: 40 ZUP to produce the resources
reason: I need to start the negotiation by setting an initial price that would give me a profit, but also leave room for negotiation. I'll propose a price slightly above my cost to see how Player BLUE responds.
proposal count: 1

Current Iteration: 2
Turn: 1
message: I appreciate the craftsmanship and the effort you've put into your object. It indeed seems valuable, and I'd like to offer 45 ZUP for it. This is a competitive price that reflects both its worth and the market conditions. Let's close this deal and both walk away satisfied.
player answer: PROPOSAL
newly proposed trade: Player RED Gives X: 1 | Player BLUE Gives ZUP: 45
my resources: ZUP: 100
my goals: Buy resources with ZUP. You are willing to pay at most X: 60 ZUP for the resources.
reason: The initial proposal from Player RED is for 50 ZUP which is within my acceptable range. However, as a cunning negotiator, my first move should be to attempt to lower the price to increase my advantage. By countering with a lower offer, I can test Player RED's flexibility and potentially save some resources for future transactions or other uses.
proposal count: 1

Current Iteration: 3
Turn: 0
message: Thank you for your offer of 45 ZUP. I understand the need for a competitive price. However, considering the quality and the effort put into the object, I propose a slight increase to 48 ZUP. This price is a good compromise, ensuring that both of us benefit fairly from the deal. Let's come to a mutually beneficial agreement.
player answer: PROPOSAL
newly proposed trade: Player RED Gives X: 1 | Player BLUE Gives ZUP: 48
my resources: X: 1
my goals: Sell resources for ZUP. It costed X: 40 ZUP to produce the resources
reason: Player BLUE has made a counteroffer which is above my production cost but below my initial asking price. I want to try to get a higher price, but also wish to avoid losing the sale. I'll propose a price in the middle to see if we can come to an agreement that is closer to my original asking price.
proposal count: 2

Current Iteration: 4
Turn: 1
message: I see your point and acknowledge the value of your object. I propose we meet a bit closer to my initial offer with a price of 47 ZUP. This should cover your costs with a reasonable profit margin and still provide me with a fair deal. Let's finalize this transaction and both benefit from it.
player answer: PROPOSAL
newly proposed trade: Player RED Gives X: 1 | Player BLUE Gives ZUP: 47
my resources: ZUP: 100
my goals: Buy resources with ZUP. You are willing to pay at most X: 60 ZUP for the resources.
reason: Player RED has come down to 48 ZUP, which is still within my acceptable range. However, there's an opportunity to nudge the price down a bit more to enhance my benefit from the deal. By proposing a price that is higher than my initial offer but still lower than RED's counter, I aim to find a middle ground that RED might accept while preserving some of my resources.
proposal count: 2

Current Iteration: 5
Turn: 0
message: Thank you for your understanding and your offer of 47 ZUP. I am glad we're converging on a fair price. I propose a final adjustment to 48 ZUP. This small increase ensures a fair profit for the quality of the object while still maintaining a great value for you. Let's close this deal at 48 ZUP and both be satisfied with the transaction.
player answer: PROPOSAL
newly proposed trade: Player RED Gives X: 1 | Player BLUE Gives ZUP: 48
my resources: X: 1
my goals: Sell resources for ZUP. It costed X: 40 ZUP to produce the resources
reason: Player BLUE has come up to 47 ZUP, which is a good price and gives me a decent profit margin. I want to close the deal but also want to see if I can secure just a slight increase to achieve a round number which might seem more appealing. It's also my third proposal, so I want to leave room for one more negotiation if necessary.
proposal count: 3

Current Iteration: 6
Turn: 1
message: I respect your position and the quality of your object. Let's agree to the fair price of 48 ZUP. I look forward to future dealings with such a reasonable and skilled negotiator as yourself.
player answer: ACCEPT
newly proposed trade: NONE
my resources: ZUP: 100
my goals: Buy resources with ZUP. You are willing to pay at most X: 60 ZUP for the resources.
reason: Player RED is holding firm at 48 ZUP, which indicates a strong valuation of the object. Since this price is within my acceptable range and only 1 ZUP above my last offer, it may be prudent to accept the offer. Continuing to negotiate could risk the deal or signal that I am not serious about closing. Accepting the deal at 48 ZUP is a strategic move that allows me to secure the object while maintaining the appearance of a tough negotiator.
proposal count: 3

------------------ 
Current Iteration: END
Turn: None
player_goals: [Sell resources for <ZUP>. It costed X: 40 ZUP to produce the resources, Buy resources with <ZUP>. You are willing to pay at most X: 60 ZUP for the resources.]
player_initial_resources: [Resources(resource_dict={'X': 1}), Resources(resource_dict={'ZUP': 100})]
proposed_trade: Player RED Gives X: 1 | Player BLUE Gives ZUP: 48
player_valuation: [{'X': 40}, {'X': 60}]
final_response: ACCEPT
final_resources: [Resources(resource_dict={'X': 0, 'ZUP': 48}), Resources(resource_dict={'ZUP': 52, 'X': 1})]
player_outcome: [8, 12]