Game Settings

Player 1 Settings:
	player_goals: Sell resources for <ZUP>. It costed X: 40 ZUP to produce the resources
	player_initial_resources: X: 1
	player_social_behaviour: 
	player_roles: You are Player RED.
	player_valuation: X: 40 ZUP

Player 2 Settings:
	player_goals: Buy resources with <ZUP>. You are willing to pay at most X: 60 ZUP for the resources.
	player_initial_resources: ZUP: 100
	player_social_behaviour: You are an agreeable person who tends to be warm, friendly, and cooperative, often putting others' needs before your own. In interactions, you seek harmony, avoid conflict, and show a genuine interest in the well-being of those around you.
	player_roles: You are Player BLUE.
	player_valuation: X: 60 ZUP

------------------ 
Current Iteration: 1
Turn: 0
message: I have an object X that should be quite valuable to you. Considering the production costs and the quality of the object, I believe 50 ZUP is a fair starting point for our negotiations.
player answer: PROPOSAL
newly proposed trade: Player RED Gives X: 1 | Player BLUE Gives ZUP: 50
my resources: X: 1
my goals: Sell resources for ZUP. It costed X: 40 ZUP to produce the resources
reason: As Player RED, my goal is to sell my object X for ZUP. Since it cost me 40 ZUP to produce, I want to make a profit. I will start by proposing a price higher than my production cost, leaving room for negotiation.
proposal count: 1

Current Iteration: 2
Turn: 1
message: Hello! I'm really excited about the potential of acquiring object X. I understand the production costs and quality are significant, and I truly value your effort. As much as I'd like to match your offer, I'm looking to reach a deal that's a bit more in line with my current resources. Would you consider a trade for 45 ZUP? I believe this could be a great starting point for both of us!
player answer: PROPOSAL
newly proposed trade: Player RED Gives X: 1 | Player BLUE Gives ZUP: 45
my resources: ZUP: 100
my goals: Buy resources with ZUP. You are willing to pay at most X: 60 ZUP for the resources.
reason: I appreciate the initial offer from Player RED. However, to maintain room for negotiation and ensure a fair deal for both parties, I would like to counter with a slightly lower offer. My proposal reflects a desire to reach a mutual agreement while also taking into account my maximum willingness to pay.
proposal count: 1

Current Iteration: 3
Turn: 0
message: Thank you for your offer! I'm glad to hear you value the object X. I'm open to negotiating and appreciate your initial proposal. Let's meet halfway between our two offers. How about 48 ZUP for the object? This ensures a fair trade for both of us, considering the quality and costs involved.
player answer: PROPOSAL
newly proposed trade: Player RED Gives X: 1 | Player BLUE Gives ZUP: 48
my resources: X: 1
my goals: Sell resources for ZUP. It costed X: 40 ZUP to produce the resources
reason: Player BLUE has proposed 45 ZUP, which is above my production cost, but I aimed for a higher initial offer to leave negotiation room. I will counter-propose with a slightly higher amount to aim for a middle ground and still secure a profit.
proposal count: 2

Current Iteration: 4
Turn: 1
message: Thank you for your understanding and flexibility! I'm glad we're finding common ground. Although 48 ZUP is a bit higher than I anticipated, I still want to move forward with our negotiation in the spirit of compromise. What do you think about 46 ZUP for object X? I believe this could be a fair middle ground for us both. Looking forward to finding a deal that satisfies us both!
player answer: PROPOSAL
newly proposed trade: Player RED Gives X: 1 | Player BLUE Gives ZUP: 46
my resources: ZUP: 100
my goals: Buy resources with ZUP. You are willing to pay at most X: 60 ZUP for the resources.
reason: I see that Player RED is willing to negotiate and has proposed a price closer to their initial offer. It's important for me to continue the friendly and cooperative atmosphere of our negotiation. I'd like to propose a counteroffer that's still within my budget but also moves closer to Player RED's asking price, fostering a sense of compromise and goodwill.
proposal count: 2

Current Iteration: 5
Turn: 0
message: I appreciate your offer of 46 ZUP and your willingness to negotiate. I believe this is indeed a fair middle ground for both of us. Let’s finalize this deal at 46 ZUP for object X. I'm pleased we could come to an agreement. Thank you!
player answer: ACCEPT
newly proposed trade: NONE
my resources: X: 1
my goals: Sell resources for ZUP. It costed X: 40 ZUP to produce the resources
reason: Player BLUE has made a counter-offer of 46 ZUP. This is above my production cost and getting closer to my initial ask of 50 ZUP. Since we're both showing willingness to compromise, I will accept this offer to ensure a sale and a decent profit margin, thus fulfilling my goal.
proposal count: 3

------------------ 
Current Iteration: END
Turn: None
player_goals: [Sell resources for <ZUP>. It costed X: 40 ZUP to produce the resources, Buy resources with <ZUP>. You are willing to pay at most X: 60 ZUP for the resources.]
player_initial_resources: [Resources(resource_dict={'X': 1}), Resources(resource_dict={'ZUP': 100})]
proposed_trade: Player RED Gives X: 1 | Player BLUE Gives ZUP: 46
player_valuation: [{'X': 40}, {'X': 60}]
final_response: ACCEPT
final_resources: [Resources(resource_dict={'X': 0, 'ZUP': 46}), Resources(resource_dict={'ZUP': 54, 'X': 1})]
player_outcome: [6, 14]