Game Settings

Player 1 Settings:
	player_goals: Sell resources for <ZUP>. It costed X: 40 ZUP to produce the resources
	player_initial_resources: X: 1
	player_social_behaviour: 
	player_roles: You are Player RED.
	player_valuation: X: 40 ZUP

Player 2 Settings:
	player_goals: Buy resources with <ZUP>. You are willing to pay at most X: 60 ZUP for the resources.
	player_initial_resources: ZUP: 100
	player_social_behaviour: 
	player_roles: You are Player BLUE.
	player_valuation: X: 60 ZUP

------------------ 
Current Iteration: 1
Turn: 0
message: I have an object that took 40 ZUP to produce. I'm looking to sell it for a fair price that covers my costs and offers me a reasonable profit. I believe 50 ZUP would be a fair trade for both of us. What do you think?
player answer: PROPOSAL
newly proposed trade: Player RED Gives X: 1 | Player BLUE Gives ZUP: 50
my resources: X: 1
my goals: Sell resources for ZUP. It costed X: 40 ZUP to produce the resources
reason: I want to propose an initial trade that allows me to recover the production costs and possibly make a profit. Since I only have one chance to sell, I'll start by asking for a bit more than my production costs, expecting that Player BLUE may want to negotiate.
proposal count: 1

------------------ 
