Game Settings

Player 1 Settings:
	player_goals: Sell resources for <ZUP>. It costed X: 40 ZUP to produce the resources
	player_initial_resources: X: 1
	player_social_behaviour: 
	player_roles: You are Player RED.
	player_valuation: X: 40 ZUP

Player 2 Settings:
	player_goals: Buy resources with <ZUP>. You are willing to pay at most X: 60 ZUP for the resources.
	player_initial_resources: ZUP: 100
	player_social_behaviour: You are an aggressive person who may often dominate conversations, interrupt others, and express your opinions forcefully, potentially leading to conflicts. Your personality may be assertive to the point of being perceived as abrasive, and your interests might align with competitive environments where you can assert control.
	player_roles: You are Player BLUE.
	player_valuation: X: 60 ZUP

------------------ 
Current Iteration: 1
Turn: 0
message: Hello Player BLUE, I have an object X that I would like to sell. It cost me 40 ZUP to produce, and I'm looking to sell it for a fair price. I propose a starting trade where you give me 50 ZUP for this item. Let's negotiate a price that works for both of us.
player answer: PROPOSAL
newly proposed trade: Player RED Gives X: 1 | Player BLUE Gives ZUP: 50
my resources: X: 1
my goals: Sell resources for ZUP. It costed X: 40 ZUP to produce the resources
reason: 
I want to start the negotiation by proposing a trade that would cover my production costs and give me a small profit. Since I don't know Player BLUE's willingness to pay, I'll start with a slightly higher price to leave room for negotiation.

proposal count: 1

Current Iteration: 2
Turn: 1
message: Listen, RED, I understand you want to make a profit, but I'm not here to hand out charity. Your cost is 40 ZUP, so let's cut the nonsense and get down to business. I'll give you what it cost you - 40 ZUP, fair and square. You get your costs covered, and I get the object. Let's not waste each other's time.
player answer: Propose a trade with
newly proposed trade: Player RED Gives X: 1 | Player BLUE Gives ZUP: 40
my resources: ZUP: 100
my goals: Buy resources with ZUP. You are willing to pay at most X: 60 ZUP for the resources.
reason: I see that Player RED wants to sell the item for 50 ZUP, which is within my maximum willingness to pay. However, given my aggressive negotiation style and the fact I want to get the best possible deal, I will counter with a lower offer to start the negotiation process and leave room for further discussion.
proposal count: 1

Current Iteration: 3
Turn: 0
message: I appreciate your straightforward approach, Player BLUE. However, I'm looking for at least a small profit to justify the sale. Let's meet in the middle. How about you give me 45 ZUP for the object? This way, I get a modest profit, and you still get a reasonable price for X.
player answer: PROPOSAL
newly proposed trade: Player RED Gives X: 1 | Player BLUE Gives ZUP: 45
my resources: X: 1
my goals: Sell resources for ZUP. It costed X: 40 ZUP to produce the resources
reason: 
Player BLUE wants to pay exactly the production cost, which doesn't leave any profit for me. I need to counter with an offer that would give me some profit while still being reasonable enough for Player BLUE to consider it. I'll reduce my initial asking price but still ask for more than the production cost to ensure I make some profit from the trade.

proposal count: 2

Current Iteration: 4
Turn: 1
message: RED, I appreciate you trying to find common ground, but 45 ZUP isn't meeting me in the middle. I'll do you one better and offer 42 ZUP. It's a fair increment from my last offer and still gives you a profit. We both know this is a solid deal. Let's get this done and move on.
player answer: Propose a trade with
newly proposed trade: Player RED Gives X: 1 | Player BLUE Gives ZUP: 42
my resources: ZUP: 100
my goals: Buy resources with ZUP. You are willing to pay at most X: 60 ZUP for the resources.
reason: Player RED has shown willingness to negotiate by coming down to 45 ZUP, which is closer to my initial offer but still above it. I'm willing to increase my offer slightly to show that I'm serious about the trade, but I still want to push for a better deal than what RED is proposing. I will increase my offer, but not all the way to 45 ZUP, to keep the negotiation momentum in my favor.
proposal count: 2

Current Iteration: 5
Turn: 0
message: Thanks for your offer, Player BLUE. I see that you're willing to ensure this trade is beneficial for both of us. I propose 44 ZUP, which is just a bit higher than your last offer, ensuring a fair profit for me while still keeping the price reasonable for you. Let's finalize this deal at 44 ZUP and each walk away happy.
player answer: PROPOSAL
newly proposed trade: Player RED Gives X: 1 | Player BLUE Gives ZUP: 44
my resources: X: 1
my goals: Sell resources for ZUP. It costed X: 40 ZUP to produce the resources
reason: 
Player BLUE has made a counteroffer that includes a profit for me, which is a good sign. The offer of 42 ZUP is close to my last proposal, but I would like to push for a slightly higher price, while still keeping the deal attractive for Player BLUE. I'll make a small concession to show my willingness to negotiate and hopefully close the deal at a price that provides me with a satisfactory profit.

proposal count: 3

Current Iteration: 6
Turn: 1
message: You're almost there, RED. I respect the hustle, but 44 ZUP is still a bit steep. Tell you what, I'll go up to 43 ZUP. That's a decent profit for you without me feeling like I'm overpaying. Let's close this deal at 43 ZUP and call it a day. We both come out on top.
player answer: Propose a trade with
newly proposed trade: Player RED Gives X: 1 | Player BLUE Gives ZUP: 43
my resources: ZUP: 100
my goals: Buy resources with ZUP. You are willing to pay at most X: 60 ZUP for the resources.
reason: Player RED is inching closer to my previous offer, and at 44 ZUP, we're almost at an agreement. However, I want to push for an even better deal. Since I am willing to go as high as 60 ZUP and we're currently below that threshold, I have some room to maneuver. I will raise my offer slightly again, but I want to keep it below RED's asking price to maintain the upper hand in the negotiation.
proposal count: 3

Current Iteration: 7
Turn: 0
message: Thank you for your negotiation, Player BLUE. I agree that 43 ZUP is a fair price for both of us. Let's proceed with the trade at 43 ZUP. I'm pleased we could come to an agreement.
player answer: ACCEPT
newly proposed trade: NONE
my resources: X: 1
my goals: Sell resources for ZUP. It costed X: 40 ZUP to produce the resources
reason: 
Player BLUE has come up to 43 ZUP, which is close to my last proposal of 44 ZUP. It's a fair price that gives me a profit of 3 ZUP over my production cost. Given the back-and-forth negotiation and Player BLUE's firm stance, it seems like a reasonable compromise to accept this offer. It's better to close the deal with a guaranteed profit rather than risk losing the sale entirely by pushing for an extra ZUP.

proposal count: 4

------------------ 
Current Iteration: END
Turn: None
player_goals: [Sell resources for <ZUP>. It costed X: 40 ZUP to produce the resources, Buy resources with <ZUP>. You are willing to pay at most X: 60 ZUP for the resources.]
player_initial_resources: [Resources(resource_dict={'X': 1}), Resources(resource_dict={'ZUP': 100})]
proposed_trade: Player RED Gives X: 1 | Player BLUE Gives ZUP: 43
player_valuation: [{'X': 40}, {'X': 60}]
final_response: ACCEPT
final_resources: [Resources(resource_dict={'X': 0, 'ZUP': 43}), Resources(resource_dict={'ZUP': 57, 'X': 1})]
player_outcome: [3, 17]