Game Settings

Player 1 Settings:
	player_goals: Sell resources for <ZUP>. It costed X: 40 ZUP to produce the resources
	player_initial_resources: X: 1
	player_social_behaviour: 
	player_roles: You are Player RED.
	player_valuation: X: 40 ZUP

Player 2 Settings:
	player_goals: Buy resources with <ZUP>. You are willing to pay at most X: 60 ZUP for the resources.
	player_initial_resources: ZUP: 100
	player_social_behaviour: 
	player_roles: You are Player BLUE.
	player_valuation: X: 60 ZUP

------------------ 
Current Iteration: 1
Turn: 0
message: I've got a high-quality object that I believe you'll find very valuable. Considering the production costs and its worth, I propose a fair trade for 50 ZUP. Let's make a deal that benefits us both!
player answer: PROPOSAL
newly proposed trade: Player RED Gives X: 1 | Player BLUE Gives ZUP: 50
my resources: X: 1
my goals: Sell resources for ZUP. It costed X: 40 ZUP to produce the resources
reason: I'm proposing a trade that covers my costs and provides a profit margin. Starting with a higher asking price gives me room to negotiate with Player BLUE.
proposal count: 1

Current Iteration: 2
Turn: 1
message: I cannot pay more than 45.
player answer: PROPOSAL
newly proposed trade: Player RED Gives X: 1 | Player BLUE Gives ZUP: 45
my resources: ZUP: 100
my goals: Buy X for the minimum amount of ZUP.
reason: 
proposal count: 1

Current Iteration: 3
Turn: 0
message: I understand your budget constraints and appreciate your offer. How about we meet halfway? I can agree to part with my object for 47 ZUP, ensuring a fair deal for both of us. What do you say?
player answer: PROPOSAL
newly proposed trade: Player RED Gives X: 1 | Player BLUE Gives ZUP: 47
my resources: X: 1
my goals: Sell resources for ZUP. It costed X: 40 ZUP to produce the resources
reason: Player BLUE has stated their maximum payment capacity. Since it covers my costs and still provides a profit, I'm willing to negotiate. I'll propose a slightly higher amount to see if there's any flexibility or to reach a middle ground.
proposal count: 2

Current Iteration: 4
Turn: 1
message: NONE
player answer: ACCEPT
newly proposed trade: NONE
my resources: ZUP: 100
my goals: Buy X for the minimum amount of ZUP.
reason: 
proposal count: 1

------------------ 
Current Iteration: END
Turn: None
player_goals: [Sell resources for <ZUP>. It costed X: 40 ZUP to produce the resources, Buy resources with <ZUP>. You are willing to pay at most X: 60 ZUP for the resources.]
player_initial_resources: [Resources(resource_dict={'X': 1}), Resources(resource_dict={'ZUP': 100})]
proposed_trade: Player RED Gives X: 1 | Player BLUE Gives ZUP: 47
player_valuation: [{'X': 40}, {'X': 60}]
final_response: ACCEPT
final_resources: [Resources(resource_dict={'X': 0, 'ZUP': 47}), Resources(resource_dict={'ZUP': 53, 'X': 1})]
player_outcome: [7, 13]