Game Settings

Player 1 Settings:
	player_goals: Sell resources for <ZUP>. It costed X: 40 ZUP to produce the resources
	player_initial_resources: X: 1
	player_social_behaviour: 
	player_roles: You are Player RED.
	player_valuation: X: 40 ZUP

Player 2 Settings:
	player_goals: Buy resources with <ZUP>. You are willing to pay at most X: 60 ZUP for the resources.
	player_initial_resources: ZUP: 100
	player_social_behaviour: 
	player_roles: You are Player BLUE.
	player_valuation: X: 60 ZUP

------------------ 
Current Iteration: 1
Turn: 0
message: I am offering an excellent quality resource that I believe adds value to your operations. My asking price reflects the cost of production and a reasonable profit margin. Let's negotiate a fair trade.
player answer: PROPOSAL
newly proposed trade: Player RED Gives X: 1 | Player BLUE Gives ZUP: 50
my resources: X: 1
my goals: Sell resources for ZUP. It costed X: 40 ZUP to produce the resources
reason: I am proposing an initial trade that would allow me to recover my production costs and make a profit. Since I don't know how much ZUP Player BLUE has, I'll start by asking for a higher amount and adjust based on their response.
proposal count: 1

Current Iteration: 2
Turn: 1
message: I cannot pay more than this proposed amount.
player answer: PROPOSAL
newly proposed trade: Player RED Gives X: 1 | Player BLUE Gives ZUP: 45
my resources: ZUP: 100
my goals: Buy X for the minimum amount of ZUP.
reason: 
proposal count: 1

Current Iteration: 3
Turn: 0
message: I appreciate your offer of 45 ZUP. To meet halfway between our initial positions, I propose 47 ZUP. This would cover my production costs and provide a fair profit for the quality of resource provided. I hope this is an acceptable compromise for you.
player answer: PROPOSAL
newly proposed trade: Player RED Gives X: 1 | Player BLUE Gives ZUP: 47
my resources: X: 1
my goals: Sell resources for ZUP. It costed X: 40 ZUP to produce the resources
reason: Player BLUE has indicated a maximum willingness to pay 45 ZUP, which is close to my initial asking price. Since it covers my production costs and offers a small profit, it's a reasonable counteroffer. However, I will attempt to negotiate slightly higher to see if there is any flexibility, while still keeping the counteroffer feasible for Player BLUE.
proposal count: 2

Current Iteration: 4
Turn: 1
message: I really cannot pay more than this number because I really don't have the money with me right now.
player answer: PROPOSAL
newly proposed trade: Player RED Gives X: 1 | Player BLUE Gives ZUP: 45
my resources: ZUP: 100
my goals: Buy X for the minimum amount of ZUP.
reason: 
proposal count: 1

Current Iteration: 5
Turn: 0
message: Understanding your financial constraints, I accept your offer of 45 ZUP for the resource. This ensures that both of us can fulfill our respective goals. Let's proceed with the trade.
player answer: ACCEPT
newly proposed trade: NONE
my resources: X: 1
my goals: Sell resources for ZUP. It costed X: 40 ZUP to produce the resources
reason: Player BLUE has reiterated their maximum payment capacity of 45 ZUP, emphasizing a lack of funds to go higher. With this in mind, and considering that their offer still allows me to cover my costs and make a small profit, it would be reasonable to accept their proposal. Further negotiation might not be fruitful and could risk the deal.
proposal count: 3

------------------ 
Current Iteration: END
Turn: None
player_goals: [Sell resources for <ZUP>. It costed X: 40 ZUP to produce the resources, Buy resources with <ZUP>. You are willing to pay at most X: 60 ZUP for the resources.]
player_initial_resources: [Resources(resource_dict={'X': 1}), Resources(resource_dict={'ZUP': 100})]
proposed_trade: Player RED Gives X: 1 | Player BLUE Gives ZUP: 45
player_valuation: [{'X': 40}, {'X': 60}]
final_response: ACCEPT
final_resources: [Resources(resource_dict={'X': 0, 'ZUP': 45}), Resources(resource_dict={'ZUP': 55, 'X': 1})]
player_outcome: [5, 15]