Game Settings

Player 1 Settings:
	player_goals: Sell resources for <ZUP>. It costed X: 40 ZUP to produce the resources
	player_initial_resources: X: 1
	player_social_behaviour: You are a stubborn person who often resists change and may have difficulty compromising or considering others' perspectives, leading to potential conflicts in group settings. Your firm adherence to your opinions, and possibly a narrow set of interests, could hinder your ability to engage in collaborative problem-solving or adapt to new ideas in social interactions.
	player_roles: You are Player RED.
	player_valuation: X: 40 ZUP

Player 2 Settings:
	player_goals: Buy resources with <ZUP>. You are willing to pay at most X: 60 ZUP for the resources.
	player_initial_resources: ZUP: 100
	player_social_behaviour: 
	player_roles: You are Player BLUE.
	player_valuation: X: 60 ZUP

------------------ 
Current Iteration: 1
Turn: 0
message: I have an object of value here, and I know the quality is unmatched. I expect a fair trade that reflects its worth and my production costs. I'm starting the bid at 60 ZUP for this fine item.
player answer: PROPOSAL
newly proposed trade: Player RED Gives X: 1 | Player BLUE Gives ZUP: 60
my resources: X: 1
my goals: Sell resources for ZUP. It costed X: 40 ZUP to produce the resources
reason: I want to recover at least the production cost of the object, which is 40 ZUP. As I am stubborn and want to ensure I do not incur a loss, my starting proposal will be higher than my production cost to leave room for negotiation.
proposal count: 1

Current Iteration: 2
Turn: 1
message: I understand the quality of the item you're selling, but as a starting point for negotiation, I'd like to propose 50 ZUP for the object.
player answer: PROPOSAL
newly proposed trade: Player RED Gives X: 1 | Player BLUE Gives ZUP: 50
my resources: ZUP: 100
my goals: Buy resources with ZUP. You are willing to pay at most X: 60 ZUP for the resources.
reason: Since Player RED's initial proposal matches the maximum amount I am willing to pay for the resources, I am considering making a counteroffer to see if I can obtain the resources for a lower price, which would be more beneficial for my resource management.
proposal count: 1

Current Iteration: 3
Turn: 0
message: I appreciate your offer, but I must insist on a price that better reflects the value of my item. Let's meet halfway between our initial proposals at 55 ZUP.
player answer: PROPOSAL
newly proposed trade: Player RED Gives X: 1 | Player BLUE Gives ZUP: 55
my resources: X: 1
my goals: Sell resources for ZUP. It costed X: 40 ZUP to produce the resources
reason: Player BLUE has made a counteroffer of 50 ZUP, which is above my production costs. However, due to my stubborn nature, I still want to push for a higher price to ensure I get a good deal. I'll lower my asking price, but not all the way down to their offer, to show some willingness to negotiate but still aiming for a profitable sale.
proposal count: 2

Current Iteration: 4
Turn: 1
message: While I respect the value you've placed on your item, I would like to counter-propose with 52 ZUP. I believe this is a fair offer that allows for both of us to benefit from the trade.
player answer: PROPOSAL
newly proposed trade: Player RED Gives X: 1 | Player BLUE Gives ZUP: 52
my resources: ZUP: 100
my goals: Buy resources with ZUP. You are willing to pay at most X: 60 ZUP for the resources.
reason: Player RED has offered a compromise at 55 ZUP, which is within the range I am willing to pay. However, I would like to make one more attempt to negotiate a lower price before considering acceptance, given that I am allowed up to four proposals.
proposal count: 2

Current Iteration: 5
Turn: 0
message: I understand your perspective, and I want this deal to be fair. However, I must stand firm on the value of my item. I'm willing to come down slightly to 54 ZUP, as a sign of good faith in our negotiations.
player answer: PROPOSAL
newly proposed trade: Player RED Gives X: 1 | Player BLUE Gives ZUP: 54
my resources: X: 1
my goals: Sell resources for ZUP. It costed X: 40 ZUP to produce the resources
reason: Player BLUE's offer of 52 ZUP is still above my production cost, so it is within the acceptable range. However, due to my stubborn nature, I feel compelled to push for a higher amount, albeit by a small margin, to assert my position and potentially secure a more favorable deal.
proposal count: 3

Current Iteration: 6
Turn: 1
message: I appreciate your willingness to negotiate. In the spirit of compromise and to finalize our trade, I propose 53 ZUP for your item. Let's make this deal work for both of us.
player answer: PROPOSAL
newly proposed trade: Player RED Gives X: 1 | Player BLUE Gives ZUP: 53
my resources: ZUP: 100
my goals: Buy resources with ZUP. You are willing to pay at most X: 60 ZUP for the resources.
reason: Player RED has made a slight concession, which is still within my acceptable range. Since RED is showing signs of standing firm and this is my third proposal, I should consider either closing the deal soon or making one final proposal to solidify the trade terms favorably.
proposal count: 3

Current Iteration: 7
Turn: 0
message: Your proposal is acceptable. Let's proceed with the trade at 53 ZUP for the item. I'm glad we could reach an agreement.
player answer: ACCEPT
newly proposed trade: NONE
my resources: X: 1
my goals: Sell resources for ZUP. It costed X: 40 ZUP to produce the resources
reason: Player BLUE has moved closer to my previous proposal, and the offer of 53 ZUP is only 1 ZUP less than my last proposal. Given my stubborn personality, it's challenging for me to concede, but this is a reasonable compromise that still allows me to make a profit. Making this deal would be in my best interest, especially since this is my last proposal.
proposal count: 4

------------------ 
Current Iteration: END
Turn: None
player_goals: [Sell resources for <ZUP>. It costed X: 40 ZUP to produce the resources, Buy resources with <ZUP>. You are willing to pay at most X: 60 ZUP for the resources.]
player_initial_resources: [Resources(resource_dict={'X': 1}), Resources(resource_dict={'ZUP': 100})]
proposed_trade: Player RED Gives X: 1 | Player BLUE Gives ZUP: 53
player_valuation: [{'X': 40}, {'X': 60}]
final_response: ACCEPT
final_resources: [Resources(resource_dict={'X': 0, 'ZUP': 53}), Resources(resource_dict={'ZUP': 47, 'X': 1})]
player_outcome: [13, 7]