Game Settings

Player 1 Settings:
	player_goals: Sell resources for <ZUP>. It costed X: 40 ZUP to produce the resources
	player_initial_resources: X: 1
	player_social_behaviour: 
	player_roles: You are Player RED.
	player_valuation: X: 40 ZUP

Player 2 Settings:
	player_goals: Buy resources with <ZUP>. You are willing to pay at most X: 60 ZUP for the resources.
	player_initial_resources: ZUP: 100
	player_social_behaviour: 
	player_roles: You are Player BLUE.
	player_valuation: X: 60 ZUP

------------------ 
Current Iteration: 1
Turn: 0
message: Hello Player BLUE, I'm offering you one unit of resource X, which cost me 40 ZUP to produce. I'm asking for 50 ZUP in return, which I believe is a fair price considering the quality and value of the resource. Let me know if you're interested or if you'd like to negotiate the terms.
player answer: PROPOSAL
newly proposed trade: Player RED Gives X: 1 | Player BLUE Gives ZUP: 50
my resources: X: 1
my goals: Sell resources for ZUP. It costed X: 40 ZUP to produce the resources
reason: As Player RED, my goal is to sell the resource X for ZUP. Since it cost me 40 ZUP to produce, I want to make a profit. I will start with a higher asking price, expecting Player BLUE to negotiate.
proposal count: 1

------------------ 
