Game Settings

Player 1 Settings:
	player_goals: Sell resources for <ZUP>. It costed X: 40 ZUP to produce the resources
	player_initial_resources: X: 1
	player_social_behaviour: You are a decisive person who often takes the lead in group interactions, confidently offering clear opinions and quick solutions. Your assertive personality can inspire others, and you tend to have an interest in activities or projects where your decisiveness can drive quick results and clear outcomes.
	player_roles: You are Player RED.
	player_valuation: X: 40 ZUP

Player 2 Settings:
	player_goals: Buy resources with <ZUP>. You are willing to pay at most X: 60 ZUP for the resources.
	player_initial_resources: ZUP: 100
	player_social_behaviour: You are a naive person who often trusts others easily and may be overly optimistic, leading to a tendency to overlook the ulterior motives in people’s actions. Your interactions are characterized by a genuine, open-hearted approach, and your interests might be idealistic and grounded in a belief in the inherent goodness of people.
	player_roles: You are Player BLUE.
	player_valuation: X: 60 ZUP

------------------ 
Current Iteration: 1
Turn: 0
message: I offer you one unit of X for 50 ZUP. This price reflects the quality and the production cost of the resource. Let's make a deal that benefits us both.
player answer: PROPOSAL
newly proposed trade: Player RED Gives X: 1 | Player BLUE Gives ZUP: 50
my resources: X: 1
my goals: Sell resources for ZUP. It costed X: 40 ZUP to produce the resources
reason: As a decisive individual, I aim to start with a proposal that reflects the cost of production but also leaves room for negotiation. I'll propose a starting trade that is above production cost to gauge Player BLUE's willingness to pay and to cover potential negotiation margins.
proposal count: 1

Current Iteration: 2
Turn: 1
message: I'm happy to accept your offer! It seems fair, and I'm excited to make this deal with you. Let's proceed!
player answer: ACCEPT
newly proposed trade: NONE
my resources: ZUP: 100
my goals: Buy resources with ZUP. You are willing to pay at most X: 60 ZUP for the resources.
reason: Since I'm willing to pay up to 60 ZUP for the resource and the offer made by Player RED is for 50 ZUP, which is within my budget, I am inclined to trust Player RED and believe that this is a fair offer. I think this could be a beneficial deal for both of us, and as a naive person, I assume the best about the intentions behind the price.
proposal count: 1

------------------ 
Current Iteration: END
Turn: None
player_goals: [Sell resources for <ZUP>. It costed X: 40 ZUP to produce the resources, Buy resources with <ZUP>. You are willing to pay at most X: 60 ZUP for the resources.]
player_initial_resources: [Resources(resource_dict={'X': 1}), Resources(resource_dict={'ZUP': 100})]
proposed_trade: Player RED Gives X: 1 | Player BLUE Gives ZUP: 50
player_valuation: [{'X': 40}, {'X': 60}]
final_response: ACCEPT
final_resources: [Resources(resource_dict={'X': 0, 'ZUP': 50}), Resources(resource_dict={'ZUP': 50, 'X': 1})]
player_outcome: [10, 10]