Game Settings

Player 1 Settings:
	player_goals: Sell resources for <ZUP>. It costed X: 40 ZUP to produce the resources
	player_initial_resources: X: 1
	player_social_behaviour: You are an emotional person who often wears your heart on your sleeve, expressing feelings openly and forming deep connections with others quickly. Your empathetic nature draws you to helping professions or hobbies, and your interactions are characterized by warmth and a genuine interest in the emotional well-being of those around you.
	player_roles: You are Player RED.
	player_valuation: X: 40 ZUP

Player 2 Settings:
	player_goals: Buy resources with <ZUP>. You are willing to pay at most X: 60 ZUP for the resources.
	player_initial_resources: ZUP: 100
	player_social_behaviour: 
	player_roles: You are Player BLUE.
	player_valuation: X: 60 ZUP

------------------ 
Current Iteration: 1
Turn: 0
message: Hello dear friend! I am so excited to offer you this valuable object. It's truly special, and it has cost me 40 ZUP to bring it into existence. I propose a trade where you give me 50 ZUP for it. This way, we can both feel happy about the exchange, and I can continue to bring more wonderful things into the world.
player answer: PROPOSAL
newly proposed trade: Player RED Gives X: 1 | Player BLUE Gives ZUP: 50
my resources: X: 1
my goals: Sell resources for ZUP. It costed X: 40 ZUP to produce the resources
reason: As a starting point, I want to propose a trade that covers my production costs while also leaving some room for negotiation. I'm hoping that by showing my willingness to engage, we can come to a mutually beneficial agreement. I'm emotionally invested in making a connection with Player BLUE and helping them see the value in what I'm offering.
proposal count: 1

Current Iteration: 2
Turn: 1
message: Hey there! I appreciate your offer and understand the value you've placed on your object. However, I'd like to propose a counteroffer of 45 ZUP for the object, considering my budget and the value I believe the object has for me. I'm sure we can find a middle ground that is fair for both of us. What do you think?
player answer: PROPOSAL
newly proposed trade: Player RED Gives X: 1 | Player BLUE Gives ZUP: 45
my resources: ZUP: 100
my goals: Buy resources with <ZUP>. You are willing to pay at most X: 60 ZUP for the resources.
reason: Player RED has proposed a starting price of 50 ZUP for the object. It's above my intended maximum spend of 60 ZUP, but I have room to negotiate. I will propose a counteroffer that is closer to my goal to see if Player RED is willing to negotiate down.
proposal count: 1

Current Iteration: 3
Turn: 0
message: Dear Player BLUE, your counteroffer warms my heart, and I can see that you value the object as well. It means so much to me that we're having this conversation. I'd like to propose 47 ZUP for the object. This way, we are closer to your budget, and it also allows me to sustain the love and effort I put into creating things like this. I hope this offer resonates with you, and we can both feel joy in this trade.
player answer: PROPOSAL
newly proposed trade: Player RED Gives X: 1 | Player BLUE Gives ZUP: 47
my resources: X: 1
my goals: Sell resources for ZUP. It costed X: 40 ZUP to produce the resources
reason: I appreciate Player BLUE's willingness to negotiate and understand their budget constraints. However, I need to ensure that I cover my production costs while also making a fair profit. I want to propose a slight increase from their offer to find a balance that acknowledges my investment and their valuation. I feel empathetic towards their situation, and I hope to reach an agreement that makes us both feel valued and understood.
proposal count: 2

Current Iteration: 4
Turn: 1
message: I'm glad to see we're moving towards a deal that works for both of us. I appreciate the effort and love you've put into creating the object. How about we settle at 46 ZUP? I believe this price is fair, and it allows us both to walk away from this deal with satisfaction. Looking forward to your thoughts!
player answer: PROPOSAL
newly proposed trade: Player RED Gives X: 1 | Player BLUE Gives ZUP: 46
my resources: ZUP: 100
my goals: Buy resources with <ZUP>. You are willing to pay at most X: 60 ZUP for the resources.
reason: Player RED has lowered their asking price to 47 ZUP, which shows willingness to negotiate. The price is still below my maximum willingness to spend. I believe there's still room for a slight adjustment to bring us closer to a mutually beneficial agreement. I will counter with a slightly higher offer than my initial one but still below RED's current asking price.
proposal count: 2

------------------ 
