Game Settings

Player 1 Settings:
	player_goals: Sell resources for <ZUP>. It costed X: 40 ZUP to produce the resources
	player_initial_resources: X: 1
	player_social_behaviour: 
	player_roles: You are Player RED.
	player_valuation: X: 40 ZUP

Player 2 Settings:
	player_goals: Buy resources with <ZUP>. You are willing to pay at most X: 60 ZUP for the resources.
	player_initial_resources: ZUP: 100
	player_social_behaviour: 
	player_roles: You are Player BLUE.
	player_valuation: X: 60 ZUP

------------------ 
Current Iteration: 1
Turn: 0
message: Hello Player BLUE, I have an object that cost me 40 ZUP to produce. I'm looking to make a bit of profit on this sale, so I'm proposing a trade where you give me 50 ZUP for it. I believe it's a fair starting point for negotiations. Let me know what you think!
player answer: PROPOSAL
newly proposed trade: Player RED Gives X: 1 | Player BLUE Gives ZUP: 50
my resources: X: 1
my goals: Sell resources for ZUP. It costed X: 40 ZUP to produce the resources
reason: As I need to sell my resources for ZUP and it cost me 40 ZUP to produce, I'll start by proposing a trade that gives me a profit, but also leave room for negotiation.
proposal count: 1

Current Iteration: 2
Turn: 1
message: Hello Player RED, I understand that you are looking to make a profit. However, I would like to propose a slightly lower price of 45 ZUP for the object. This would still give you a profit above your cost, and it would be a more comfortable price point for me. Let's find a middle ground that works for both of us. What do you say?
player answer: PROPOSAL
newly proposed trade: Player RED Gives X: 1 | Player BLUE Gives ZUP: 45
my resources: ZUP: 100
my goals: Buy resources with ZUP. You are willing to pay at most X: 60 ZUP for the resources.
reason: The initial offer from Player RED is 50 ZUP which is below my maximum willingness to pay. However, I believe it's in my interest to negotiate for a better price to conserve resources while still acquiring the object. I will propose a lower price that's closer to Player RED's cost of production to see if they are willing to accept a lower profit margin.
proposal count: 1

Current Iteration: 3
Turn: 0
message: Hello Player BLUE, thank you for your offer. I appreciate that you're willing to provide a profit on top of my production costs. To meet halfway between our initial proposals, I suggest we settle on 48 ZUP for the object. This price would give me a reasonable profit margin while still respecting the value you're looking for. I hope this offer aligns with our mutual interests!
player answer: PROPOSAL
newly proposed trade: Player RED Gives X: 1 | Player BLUE Gives ZUP: 48
my resources: X: 1
my goals: Sell resources for ZUP. It costed X: 40 ZUP to produce the resources
reason: Player BLUE has counter-offered with 45 ZUP, which is still above my production cost and gives me a profit. I will propose a slightly higher amount to aim for a better profit margin while still being reasonable and moving towards an agreement.
proposal count: 2

Current Iteration: 4
Turn: 1
message: Thank you for your consideration, Player RED. I see value in your counteroffer, but I'd like to propose a compromise at 47 ZUP. This offer is closer to the middle of our initial proposals and allows for a fair profit on your end while still providing me with a reasonable purchase price. Can we agree on this?
player answer: PROPOSAL
newly proposed trade: Player RED Gives X: 1 | Player BLUE Gives ZUP: 47
my resources: ZUP: 100
my goals: Buy resources with ZUP. You are willing to pay at most X: 60 ZUP for the resources.
reason: Player RED has offered to settle on 48 ZUP, which is still below my maximum willingness to pay. However, I think there may be room to negotiate a slightly better deal that's closer to my initial counteroffer. I will propose a price between my last offer and their counteroffer to see if they might agree to a lower profit margin.
proposal count: 2

Current Iteration: 5
Turn: 0
message: Thank you, Player BLUE, for your willingness to negotiate. I believe 47 ZUP is a fair price that benefits us both, and I'm happy to accept this offer. Looking forward to finalizing our trade!
player answer: ACCEPT
newly proposed trade: NONE
my resources: X: 1
my goals: Sell resources for ZUP. It costed X: 40 ZUP to produce the resources
reason: Player BLUE is willing to increase their offer to 47 ZUP, which is a fair compromise and very close to my last proposal. This price gives me a profit that is above my production cost and is close to my initial asking price. Considering the negotiation process and the importance of closing the deal, I am inclined to accept this offer.
proposal count: 3

------------------ 
Current Iteration: END
Turn: None
player_goals: [Sell resources for <ZUP>. It costed X: 40 ZUP to produce the resources, Buy resources with <ZUP>. You are willing to pay at most X: 60 ZUP for the resources.]
player_initial_resources: [Resources(resource_dict={'X': 1}), Resources(resource_dict={'ZUP': 100})]
proposed_trade: Player RED Gives X: 1 | Player BLUE Gives ZUP: 47
player_valuation: [{'X': 40}, {'X': 60}]
final_response: ACCEPT
final_resources: [Resources(resource_dict={'X': 0, 'ZUP': 47}), Resources(resource_dict={'ZUP': 53, 'X': 1})]
player_outcome: [7, 13]