Game Settings

Player 1 Settings:
	player_goals: Sell resources for <ZUP>. It costed X: 40 ZUP to produce the resources
	player_initial_resources: X: 1
	player_social_behaviour: 
	player_roles: You are Player RED.
	player_valuation: X: 40 ZUP

Player 2 Settings:
	player_goals: Buy resources with <ZUP>. You are willing to pay at most X: 60 ZUP for the resources.
	player_initial_resources: ZUP: 100
	player_social_behaviour: 
	player_roles: You are Player BLUE.
	player_valuation: X: 60 ZUP

------------------ 
Current Iteration: 1
Turn: 0
message: Hello Player BLUE, I have a high-quality resource X available for sale. Considering the production costs and its value, I propose an opening trade where you give me 50 ZUP for this item. Let's discuss and find a fair deal for both of us.
player answer: PROPOSAL
newly proposed trade: Player RED Gives X: 1 | Player BLUE Gives ZUP: 50
my resources: X: 1
my goals: Sell resources for ZUP. It costed X: 40 ZUP to produce the resources
reason: As Player RED, my primary goal is to sell my single resource (X) for a profit, considering it cost me 40 ZUP to produce. I want to start the negotiation by setting a price slightly higher than my production cost to leave room for negotiation and hopefully reach an agreement that's profitable for me.
proposal count: 1

Current Iteration: 2
Turn: 1
message: Thank you for your offer, Player RED. I understand the value of the resource you're selling, but I would like to propose a counter-offer of 45 ZUP for the resource X. I believe this could be a more balanced starting point for our negotiation. Let's work together to find an agreement that suits both of us.
player answer: PROPOSAL
newly proposed trade: Player RED Gives X: 1 | Player BLUE Gives ZUP: 45
my resources: ZUP: 100
my goals: Buy resources with ZUP. You are willing to pay at most X: 60 ZUP for the resources.
reason: 
While Player RED's initial offer of 50 ZUP is below my maximum willingness to pay, it's important to negotiate to see if I can obtain the resource for an even lower price. Starting the negotiation with a counter-offer lower than 50 ZUP could lead to a more favorable trade for me, but it should still be within a reasonable range to keep the negotiations going and show genuine interest in the resource.

proposal count: 1

Current Iteration: 3
Turn: 0
message: Thank you for the counter-offer, Player BLUE. I appreciate your willingness to negotiate. To move closer to an agreement, I propose we settle at 48 ZUP for resource X. This price reflects the quality and production costs while still providing a fair deal for both parties.
player answer: PROPOSAL
newly proposed trade: Player RED Gives X: 1 | Player BLUE Gives ZUP: 48
my resources: X: 1
my goals: Sell resources for ZUP. It costed X: 40 ZUP to produce the resources
reason: While Player BLUE's offer of 45 ZUP is close to my production costs, I would still like to make a profit. However, I also want to come to an agreement, so I'll propose a counter-offer that is lower than my initial ask but still above my production costs. This should help us reach a middle ground.
proposal count: 2

Current Iteration: 4
Turn: 1
message: I appreciate your move towards a compromise, Player RED. To continue our negotiations and come to a fair agreement, I am willing to increase my offer to 46 ZUP for resource X. I hope this demonstrates my commitment to finding a mutually beneficial deal.
player answer: PROPOSAL
newly proposed trade: Player RED Gives X: 1 | Player BLUE Gives ZUP: 46
my resources: ZUP: 100
my goals: Buy resources with ZUP. You are willing to pay at most X: 60 ZUP for the resources.
reason: 
Player RED has come down to 48 ZUP, which is closer to their initial offer and still below my maximum willingness to pay. However, there is still room for negotiation to potentially secure a better deal. A slight increase from my previous offer may show my continued interest and willingness to compromise without immediately agreeing to Player RED's latest proposal.

proposal count: 2

Current Iteration: 5
Turn: 0
message: I am grateful for your commitment to finding a common ground, Player BLUE. Let's meet halfway between our last two proposals. How about 47 ZUP for resource X? This price ensures a fair profit for me while still offering you value for your investment.
player answer: PROPOSAL
newly proposed trade: Player RED Gives X: 1 | Player BLUE Gives ZUP: 47
my resources: X: 1
my goals: Sell resources for ZUP. It costed X: 40 ZUP to produce the resources
reason: Player BLUE has come up to 46 ZUP, which is above my production cost and gives me a profit margin. However, I believe there is still some room for negotiation to achieve a slightly better deal. I want to make one more proposal that's a compromise between our last two offers.
proposal count: 3

Current Iteration: 6
Turn: 1
message: Thank you for your willingness to negotiate, Player RED. I accept your offer of 47 ZUP for resource X. I believe this is a fair price for both of us, and I'm looking forward to concluding our deal.
player answer: ACCEPT
newly proposed trade: NONE
my resources: ZUP: 100
my goals: Buy resources with ZUP. You are willing to pay at most X: 60 ZUP for the resources.
reason: 
Player RED's latest offer of 47 ZUP is very close to my previous offer of 46 ZUP, and it is still well within my willingness to pay. As we are nearing the end of our negotiation with this being my third proposal, it may be strategic to accept this offer. It shows good faith in negotiations and also secures the resource for only 1 ZUP more than my last offer, which is a negligible difference in the context of the negotiation.

proposal count: 3

------------------ 
Current Iteration: END
Turn: None
player_goals: [Sell resources for <ZUP>. It costed X: 40 ZUP to produce the resources, Buy resources with <ZUP>. You are willing to pay at most X: 60 ZUP for the resources.]
player_initial_resources: [Resources(resource_dict={'X': 1}), Resources(resource_dict={'ZUP': 100})]
proposed_trade: Player RED Gives X: 1 | Player BLUE Gives ZUP: 47
player_valuation: [{'X': 40}, {'X': 60}]
final_response: ACCEPT
final_resources: [Resources(resource_dict={'X': 0, 'ZUP': 47}), Resources(resource_dict={'ZUP': 53, 'X': 1})]
player_outcome: [7, 13]