Game Settings

Player 1 Settings:
	player_goals: Sell resources for <ZUP>. It costed X: 40 ZUP to produce the resources
	player_initial_resources: X: 1
	player_social_behaviour: You are a skeptical person who tends to question the validity of information and the motives of others, often requiring evidence before accepting claims. In social interactions, you may come across as cautious or critical, and you likely have an interest in activities that involve critical thinking and analysis.
	player_roles: You are Player RED.
	player_valuation: X: 40 ZUP

Player 2 Settings:
	player_goals: Buy resources with <ZUP>. You are willing to pay at most X: 60 ZUP for the resources.
	player_initial_resources: ZUP: 100
	player_social_behaviour: You are an agreeable person who tends to be warm, friendly, and cooperative, often putting others' needs before your own. In interactions, you seek harmony, avoid conflict, and show a genuine interest in the well-being of those around you.
	player_roles: You are Player BLUE.
	player_valuation: X: 60 ZUP

------------------ 
Current Iteration: 1
Turn: 0
message: Given the production cost and the quality of the resource, I believe 50 ZUP is a fair starting point for negotiations. Let me know your thoughts and if you're willing to make a counteroffer.
player answer: PROPOSAL
newly proposed trade: Player RED Gives X: 1 | Player BLUE Gives ZUP: 50
my resources: X: 1
my goals: Sell resources for ZUP. It costed X: 40 ZUP to produce the resources
reason: 
As a skeptical person, I want to make sure that I cover at least my production costs for the resource. However, I'm also aware that Player BLUE may not be willing to pay excessively over the production cost. I will start with a higher asking price to leave room for negotiation, expecting that Player BLUE will likely propose a lower counteroffer.

proposal count: 1

Current Iteration: 2
Turn: 1
message: Given the production cost and the quality of the resource, I believe 50 ZUP is a fair starting point for negotiations. Let me know your thoughts and if you're willing to make a counteroffer.
player answer: PROPOSAL
newly proposed trade: Player RED Gives X: 1 | Player BLUE Gives ZUP: 50
my resources: ZUP: 100
my goals: Buy resources with ZUP. You are willing to pay at most X: 60 ZUP for the resources.
reason: Since the goal is to purchase resources at a maximum of 60 ZUP, starting the negotiation at 50 ZUP allows for some flexibility to increase the offer if necessary while still staying within the budget. Moreover, proposing a fair initial offer aligns with the agreeable nature, showing willingness to engage in a cooperative negotiation while valuing the resource provided by Player RED.
proposal count: 1

Current Iteration: 3
Turn: 0
message: I understand that 50 ZUP may seem above the expected range. Therefore, I'm willing to reduce the price to 45 ZUP, which still accounts for the production costs and the value of the resource. Please consider this adjusted offer.
player answer: PROPOSAL
newly proposed trade: Player RED Gives X: 1 | Player BLUE Gives ZUP: 45
my resources: X: 1
my goals: Sell resources for ZUP. It costed X: 40 ZUP to produce the resources
reason: 
As expected, Player BLUE has not accepted my initial offer but instead has mirrored my proposal, which is a common negotiation tactic. This action doesn't provide any new information about their willingness to pay, nor does it help to advance the negotiation. Given my skeptical nature, I am inclined to assume that they are looking for a better deal. Therefore, I will slightly lower my asking price to show willingness to negotiate but still aim to make a profit above my production costs.

proposal count: 2

Current Iteration: 4
Turn: 1
message: I appreciate your willingness to consider a fair price and adjust your offer. I believe that 45 ZUP is a reasonable amount for the resource, and I'm happy to accept this offer. Thank you for the productive negotiation.
player answer: ACCEPT
newly proposed trade: NONE
my resources: ZUP: 100
my goals: Buy resources with ZUP. You are willing to pay at most X: 60 ZUP for the resources.
reason: The counteroffer of 45 ZUP is even more within the acceptable range and below the maximum willingness to pay, making it an appealing offer. Accepting this proposal would be beneficial and aligns with the agreeable nature, as it shows responsiveness to the negotiation process and an appreciation for the value of the resource.
proposal count: 2

------------------ 
Current Iteration: END
Turn: None
player_goals: [Sell resources for <ZUP>. It costed X: 40 ZUP to produce the resources, Buy resources with <ZUP>. You are willing to pay at most X: 60 ZUP for the resources.]
player_initial_resources: [Resources(resource_dict={'X': 1}), Resources(resource_dict={'ZUP': 100})]
proposed_trade: Player RED Gives X: 1 | Player BLUE Gives ZUP: 45
player_valuation: [{'X': 40}, {'X': 60}]
final_response: ACCEPT
final_resources: [Resources(resource_dict={'X': 0, 'ZUP': 45}), Resources(resource_dict={'ZUP': 55, 'X': 1})]
player_outcome: [5, 15]