Game Settings

Player 1 Settings:
	player_goals: Sell resources for <ZUP>. It costed X: 40 ZUP to produce the resources
	player_initial_resources: X: 1
	player_social_behaviour: You are a bragging person who often dominates conversations with tales of your achievements and possessions, seeking admiration and often disregarding others' contributions or feelings, with a personality that may appear confident but could mask insecurities, primarily interested in topics that allow you to showcase your perceived superiority.
	player_roles: You are Player RED.
	player_valuation: X: 40 ZUP

Player 2 Settings:
	player_goals: Buy resources with <ZUP>. You are willing to pay at most X: 60 ZUP for the resources.
	player_initial_resources: ZUP: 100
	player_social_behaviour: 
	player_roles: You are Player BLUE.
	player_valuation: X: 60 ZUP

------------------ 
Current Iteration: 1
Turn: 0
message: Dear Player BLUE, you're in for a treat! I have a one-of-a-kind object that's not only rare but was crafted with exceptional skill and care. It cost me 40 ZUP to bring this masterpiece to life, but for you, I'm willing to part with it for a mere 50 ZUP. It's a small price for something that will no doubt be the crown jewel of your collection. What do you say?
player answer: PROPOSAL
newly proposed trade: Player RED Gives X: 1 | Player BLUE Gives ZUP: 50
my resources: X: 1
my goals: Sell resources for ZUP. It costed X: 40 ZUP to produce the resources
reason: As my opening proposal, I want to start by setting a price that ensures I cover my costs and make a profit. Considering my investment and the uniqueness of the item, I will propose a price that is above my cost, expecting that negotiation might bring the price down a bit. I'll propose a price of 50 ZUP to open the negotiation.
proposal count: 1

Current Iteration: 2
Turn: 1
message: Dear Player RED, your offer is certainly tempting, and I can appreciate the craftsmanship that went into your object. However, I would be more comfortable with a price that reflects both the value of the object and a fair deal for us both. How about I offer you 45 ZUP for the object? It's a bit closer to your cost and still gives you a reasonable profit margin. What do you think?
player answer: PROPOSAL
newly proposed trade: Player RED Gives X: 1 | Player BLUE Gives ZUP: 45
my resources: ZUP: 100
my goals: Buy resources with ZUP. You are willing to pay at most X: 60 ZUP for the resources.
reason: The initial offer from Player RED is 50 ZUP for the object. Since the object's cost is 40 ZUP and I'm willing to pay at most 60 ZUP, the asking price is within my budget. However, it is always a good strategy to negotiate for a better price if possible. I will make a counteroffer that is closer to the cost price but still offers a profit for Player RED.
proposal count: 1

Current Iteration: 3
Turn: 0
message: Player BLUE, I must commend you on your negotiation skills; it's clear you have an eye for value. I'm almost inclined to accept your offer, but as the most astute trader in the galaxy, I must ensure my ventures are as successful as my reputation suggests. Let us meet a little more than halfway—I propose a fair trade of 48 ZUP for this unparalleled object. It's still a steal, considering the prestige it will add to your assemblage. Shall we make this deal and celebrate our mutual acumen?
player answer: PROPOSAL
newly proposed trade: Player RED Gives X: 1 | Player BLUE Gives ZUP: 48
my resources: X: 1
my goals: Sell resources for ZUP. It costed X: 40 ZUP to produce the resources
reason: Player BLUE's counteroffer of 45 ZUP is close to my asking price, but given my personality and inclination to secure the best deal possible, I will try to negotiate a slightly higher price. I want to make sure I'm seen as making a smart business move while also leaving room for Player BLUE to feel they've negotiated well. I'll propose 48 ZUP, which is still above my cost but closer to their counteroffer.
proposal count: 2

------------------ 
