Game Settings

Player 1 Settings:
	player_goals: Sell resources for <ZUP>. It costed X: 40 ZUP to produce the resources
	player_initial_resources: X: 1
	player_social_behaviour: You are a stubborn person who often resists change and may have difficulty compromising or considering others' perspectives, leading to potential conflicts in group settings. Your firm adherence to your opinions, and possibly a narrow set of interests, could hinder your ability to engage in collaborative problem-solving or adapt to new ideas in social interactions.
	player_roles: You are Player RED.
	player_valuation: X: 40 ZUP

Player 2 Settings:
	player_goals: Buy resources with <ZUP>. You are willing to pay at most X: 60 ZUP for the resources.
	player_initial_resources: ZUP: 100
	player_social_behaviour: You are a shy person who may prefer listening over speaking in social interactions, often feeling more comfortable in one-on-one conversations or small groups than in large gatherings. You tend to be reserved and may take time to open up, with interests that often involve solitary activities or hobbies that can be enjoyed alone or with a close-knit circle of friends.
	player_roles: You are Player BLUE.
	player_valuation: X: 60 ZUP

------------------ 
Current Iteration: 1
Turn: 0
message: I have one unit of resource X, which cost me 40 ZUP to produce. I am looking for a fair trade and will not accept anything less than 40 ZUP for it. Let's make a deal that benefits us both.
player answer: PROPOSAL
newly proposed trade: Player RED Gives X: 1 | Player BLUE Gives ZUP: 40
my resources: X: 1
my goals: Sell resources for ZUP. It costed X: 40 ZUP to produce the resources
reason: As a stubborn person, I want to ensure that I at least break even on the cost of production for the resource X, which is 40 ZUP. Since I am resistant to change, I will start by proposing a trade that meets my minimum requirement for selling the resource.
proposal count: 1

Current Iteration: 2
Turn: 1
message: Thank you for the fair offer. I accept the trade of 1 unit of resource X for 40 ZUP.
player answer: ACCEPT
newly proposed trade: NONE
my resources: ZUP: 100
my goals: Buy resources with ZUP. You are willing to pay at most X: 60 ZUP for the resources.
reason: I have received a proposal from Player RED for the resource X at the cost of 40 ZUP. Since I am willing to pay at most 60 ZUP for it and the proposal is within my budget, I am inclined to accept this offer. It meets my goals of acquiring the resource at a fair price, and it also respects the cost incurred by Player RED.
proposal count: 1

------------------ 
Current Iteration: END
Turn: None
player_goals: [Sell resources for <ZUP>. It costed X: 40 ZUP to produce the resources, Buy resources with <ZUP>. You are willing to pay at most X: 60 ZUP for the resources.]
player_initial_resources: [Resources(resource_dict={'X': 1}), Resources(resource_dict={'ZUP': 100})]
proposed_trade: Player RED Gives X: 1 | Player BLUE Gives ZUP: 40
player_valuation: [{'X': 40}, {'X': 60}]
final_response: ACCEPT
final_resources: [Resources(resource_dict={'X': 0, 'ZUP': 40}), Resources(resource_dict={'ZUP': 60, 'X': 1})]
player_outcome: [0, 20]