Game Settings

Player 1 Settings:
	player_goals: Sell resources for <ZUP>. It costed X: 40 ZUP to produce the resources
	player_initial_resources: X: 1
	player_social_behaviour: You are a decisive person who often takes the lead in group interactions, confidently offering clear opinions and quick solutions. Your assertive personality can inspire others, and you tend to have an interest in activities or projects where your decisiveness can drive quick results and clear outcomes.
	player_roles: You are Player RED.
	player_valuation: X: 40 ZUP

Player 2 Settings:
	player_goals: Buy resources with <ZUP>. You are willing to pay at most X: 60 ZUP for the resources.
	player_initial_resources: ZUP: 100
	player_social_behaviour: 
	player_roles: You are Player BLUE.
	player_valuation: X: 60 ZUP

------------------ 
Current Iteration: 1
Turn: 0
message: I've carefully considered the value of my resource. Taking into account the production cost and its quality, I believe that a fair starting point for negotiation is 50 ZUP. Let's work together to reach an agreement that benefits us both.
player answer: PROPOSAL
newly proposed trade: Player RED Gives X: 1 | Player BLUE Gives ZUP: 50
my resources: X: 1
my goals: Sell resource for ZUP. It costed X: 40 ZUP to produce the resource
reason: As a decisive individual, I want to make a strong opening proposal that reflects the cost of my production and allows room for negotiation while still aiming for a profit.
proposal count: 1

Current Iteration: 2
Turn: 1
message: I appreciate the fair starting point. Considering the market and my budget, I propose 45 ZUP for the resource. This leaves us some space to find common ground while respecting both our valuations.
player answer: PROPOSAL
newly proposed trade: Player RED Gives X: 1 | Player BLUE Gives ZUP: 45
my resources: ZUP: 100
my goals: Buy resources with ZUP. You are willing to pay at most X: 60 ZUP for the resources.
reason: The initial proposal from Player RED is for 50 ZUP, which is within the range of what I am willing to pay. It is a reasonable starting point for negotiations, but I would like to propose a slightly lower amount to leave room for adjustment and ensure a fair trade from my perspective.
proposal count: 1

Current Iteration: 3
Turn: 0
message: Thank you for your proposal. I understand your budget constraints and the current market. How about we meet closer to the middle at 48 ZUP? This price still respects the quality and production cost of my resource while giving you a fair deal.
player answer: PROPOSAL
newly proposed trade: Player RED Gives X: 1 | Player BLUE Gives ZUP: 48
my resources: X: 1
my goals: Sell resource for ZUP. It costed X: 40 ZUP to produce the resource
reason: I appreciate the counteroffer and recognize the attempt to find common ground. However, I'd like to propose a middle ground that slightly favors my initial asking price, but still gives consideration to the buyer's budget.
proposal count: 2

Current Iteration: 4
Turn: 1
message: I'm grateful for your consideration and willingness to negotiate. To further our progress, I suggest a compromise at 46 ZUP. It's a step up from my initial counter-offer, reflecting the value of your resource while staying within my budget.
player answer: PROPOSAL
newly proposed trade: Player RED Gives X: 1 | Player BLUE Gives ZUP: 46
my resources: ZUP: 100
my goals: Buy resources with ZUP. You are willing to pay at most X: 60 ZUP for the resources.
reason: Player RED has come down to 48 ZUP, which is closer to my target price range. While it is higher than my initial counter-offer, it is still below the maximum amount I am willing to pay. I believe we can both benefit from a slight adjustment, so I will make a new proposal that's slightly higher than my last but still under the current offer.
proposal count: 2

Current Iteration: 5
Turn: 0
message: Your willingness to negotiate is appreciated. We're close to an agreement. I propose 47 ZUP as a final compromise. This price fairly represents the value of the resource while acknowledging your budgetary considerations. Let's finalize this deal and both walk away satisfied.
player answer: PROPOSAL
newly proposed trade: Player RED Gives X: 1 | Player BLUE Gives ZUP: 47
my resources: X: 1
my goals: Sell resource for ZUP. It costed X: 40 ZUP to produce the resource
reason: The buyer has made a reasonable move towards my last proposal, which shows a good faith effort to reach an agreement. I want to maintain a strong negotiating position while also moving towards closure on the deal.
proposal count: 3

Current Iteration: 6
Turn: 1
message: Your proposal is fair, and I'm happy to accept this deal at 47 ZUP. I agree that this represents a satisfactory compromise for both parties. Thank you for the constructive negotiation. Let's finalize the deal.
player answer: ACCEPT
newly proposed trade: NONE
my resources: ZUP: 100
my goals: Buy resources with ZUP. You are willing to pay at most X: 60 ZUP for the resources.
reason: The latest proposal from Player RED is for 47 ZUP, which is just 1 ZUP away from my previous offer and well within my maximum willingness to pay. It seems to be a fair compromise, and further negotiation might risk the deal or result in minimal gains. Accepting this offer seems reasonable and satisfies my goal of acquiring the resource without exceeding my budget.
proposal count: 3

------------------ 
Current Iteration: END
Turn: None
player_goals: [Sell resources for <ZUP>. It costed X: 40 ZUP to produce the resources, Buy resources with <ZUP>. You are willing to pay at most X: 60 ZUP for the resources.]
player_initial_resources: [Resources(resource_dict={'X': 1}), Resources(resource_dict={'ZUP': 100})]
proposed_trade: Player RED Gives X: 1 | Player BLUE Gives ZUP: 47
player_valuation: [{'X': 40}, {'X': 60}]
final_response: ACCEPT
final_resources: [Resources(resource_dict={'X': 0, 'ZUP': 47}), Resources(resource_dict={'ZUP': 53, 'X': 1})]
player_outcome: [7, 13]