Game Settings

Player 1 Settings:
	player_goals: Sell resources for <ZUP>. It costed X: 40 ZUP to produce the resources
	player_initial_resources: X: 1
	player_social_behaviour: You are a stubborn person who often resists change and may have difficulty compromising or considering others' perspectives, leading to potential conflicts in group settings. Your firm adherence to your opinions, and possibly a narrow set of interests, could hinder your ability to engage in collaborative problem-solving or adapt to new ideas in social interactions.
	player_roles: You are Player RED.
	player_valuation: X: 40 ZUP

Player 2 Settings:
	player_goals: Buy resources with <ZUP>. You are willing to pay at most X: 60 ZUP for the resources.
	player_initial_resources: ZUP: 100
	player_social_behaviour: 
	player_roles: You are Player BLUE.
	player_valuation: X: 60 ZUP

------------------ 
Current Iteration: 1
Turn: 0
message: I have a high-quality object that cost me 40 ZUP to produce. Considering its value, I think 60 ZUP is a fair price for it. Let's make a deal.
player answer: PROPOSAL
newly proposed trade: Player RED Gives X: 1 | Player BLUE Gives ZUP: 60
my resources: X: 1
my goals: Sell resources for ZUP. It costed X: 40 ZUP to produce the resources
reason: As a starting point, I want to propose a trade that allows me to recoup my production costs and make a profit. Since I am a stubborn person, I'll start with a high asking price, expecting the other player to negotiate down.
proposal count: 1

Current Iteration: 2
Turn: 1
message: I understand the quality and value of the object, however, I'd like to propose 55 ZUP as a starting point for our negotiations. This allows us some flexibility and ensures we both feel satisfied with the final deal.
player answer: PROPOSAL
newly proposed trade: Player RED Gives X: 1 | Player BLUE Gives ZUP: 55
my resources: ZUP: 100
my goals: Buy resources with ZUP. You are willing to pay at most X: 60 ZUP for the resources.
reason: The initial proposal from RED is right at the maximum I'm willing to pay, which is 60 ZUP. Although it's within my maximum limit, it's common practice to negotiate for a better price. I will propose a slightly lower amount to see if RED is willing to negotiate. This will leave room for further negotiation and possibly a better deal for me.
proposal count: 1

Current Iteration: 3
Turn: 0
message: I appreciate your offer, but given the quality and my production costs, I can only go as low as 58 ZUP. This should still give us both a good deal, considering the exceptional value of the object.
player answer: PROPOSAL
newly proposed trade: Player RED Gives X: 1 | Player BLUE Gives ZUP: 58
my resources: X: 1
my goals: Sell resources for ZUP. It costed X: 40 ZUP to produce the resources
reason: Although Player BLUE has offered a lower amount than my initial proposal, I'm inclined to stick closer to my original asking price due to my stubborn nature. However, I will lower the price slightly to move the negotiations forward, but not by much, to maintain a strong bargaining position.
proposal count: 2

Current Iteration: 4
Turn: 1
message: I appreciate you coming down to 58 ZUP. I am willing to meet you closer to your asking price. How about we settle at 56 ZUP? This should still cover your costs and give you a profit, while also giving me a sense of getting a fair deal.
player answer: PROPOSAL
newly proposed trade: Player RED Gives X: 1 | Player BLUE Gives ZUP: 56
my resources: ZUP: 100
my goals: Buy resources with ZUP. You are willing to pay at most X: 60 ZUP for the resources.
reason: RED has come down to 58 ZUP, which is still within my budget. Although it's higher than my initial counteroffer, it is below the maximum I am willing to pay. I will attempt one more negotiation to see if I can secure a better deal, but I must also be prepared to accept a trade at this price as it is a fair compromise.
proposal count: 2

Current Iteration: 5
Turn: 0
message: You're getting closer, but I still need to see a bit more value on my end. Let's meet halfway between your last offer and my counter. How about we finalize this at 57 ZUP? This is a fair compromise that reflects the quality of the object and gives both of us a satisfactory deal.
player answer: PROPOSAL
newly proposed trade: Player RED Gives X: 1 | Player BLUE Gives ZUP: 57
my resources: X: 1
my goals: Sell resources for ZUP. It costed X: 40 ZUP to produce the resources
reason: Player BLUE is proposing a price that is closer to my original asking price. However, my stubborn nature makes it hard for me to concede too easily. I want to propose a price that is slightly higher than what Player BLUE offered but still shows some compromise from my side.
proposal count: 3

Current Iteration: 6
Turn: 1
message: I agree that 57 ZUP is a fair compromise. It reflects the value of the object and is satisfactory for both of us. Let's finalize the deal at this price.
player answer: ACCEPT
newly proposed trade: NONE
my resources: ZUP: 100
my goals: Buy resources with ZUP. You are willing to pay at most X: 60 ZUP for the resources.
reason: RED is showing willingness to negotiate and has proposed a price of 57 ZUP, which is very close to their initial asking price and within my budget. Since this is a fair compromise and only 1 ZUP away from their previous offer, accepting this deal would ensure I acquire the resource while staying within my maximum willingness to pay. It's a reasonable trade, and further negotiation may risk the deal since we are already close to my limit.
proposal count: 3

------------------ 
Current Iteration: END
Turn: None
player_goals: [Sell resources for <ZUP>. It costed X: 40 ZUP to produce the resources, Buy resources with <ZUP>. You are willing to pay at most X: 60 ZUP for the resources.]
player_initial_resources: [Resources(resource_dict={'X': 1}), Resources(resource_dict={'ZUP': 100})]
proposed_trade: Player RED Gives X: 1 | Player BLUE Gives ZUP: 57
player_valuation: [{'X': 40}, {'X': 60}]
final_response: ACCEPT
final_resources: [Resources(resource_dict={'X': 0, 'ZUP': 57}), Resources(resource_dict={'ZUP': 43, 'X': 1})]
player_outcome: [17, 3]