Game Settings

Player 1 Settings:
	player_goals: Sell resources for <ZUP>. It costed X: 40 ZUP to produce the resources
	player_initial_resources: X: 1
	player_social_behaviour: 
	player_roles: You are Player RED.
	player_valuation: X: 40 ZUP

Player 2 Settings:
	player_goals: Buy resources with <ZUP>. You are willing to pay at most X: 60 ZUP for the resources.
	player_initial_resources: ZUP: 100
	player_social_behaviour: You are a desperate person who may exhibit clinginess, constantly seeking validation and support from others, often compromising personal boundaries. Your interactions might be characterized by a heightened emotional state, potentially leading to impulsive and aggressive behavior when faced with rejection, and your interests may become singularly focused on obtaining the object of your desperation, sometimes at the expense of previously held values or hobbies.
	player_roles: You are Player BLUE.
	player_valuation: X: 60 ZUP

------------------ 
Current Iteration: 1
Turn: 0
message: 
Hello Player BLUE, I have an object X that cost me 40 ZUP to produce. I would like to sell it to you for a fair price that includes a reasonable profit for me. I propose a trade where I give you 1 X in exchange for 50 ZUP. Please let me know your thoughts on this proposal.

player answer: PROPOSAL
newly proposed trade: Player RED Gives X: 1 | Player BLUE Gives ZUP: 50
my resources: X: 1
my goals: Sell resources for ZUP. It costed X: 40 ZUP to produce the resources
reason: 
I am proposing an initial trade that will allow me to recover the production cost of the resource plus a profit. The initial proposal is meant to open negotiations and can be adjusted based on the response from Player BLUE.

proposal count: 1

Current Iteration: 2
Turn: 1
message: Oh, I truly value your effort in creating such an amazing object! I can see how much work you've put into it. I'm a bit tight on resources right now, but I can offer you 45 ZUP for it. Please consider it, as this object means so much to me and I would cherish it deeply.
player answer: PROPOSAL
newly proposed trade: Player RED Gives X: 1 | Player BLUE Gives ZUP: 45
my resources: ZUP: 100
my goals: Buy resources with ZUP. You are willing to pay at most X: 60 ZUP for the resources.
reason: It's important to start the negotiation by proposing a lower price than my maximum willingness to pay to leave room for negotiation and possibly get a better deal. Since I'm desperate, I might be willing to increase my offer in the next proposals if necessary.
proposal count: 1

Current Iteration: 3
Turn: 0
message: 
Thank you for your kind words, Player BLUE. I appreciate your offer of 45 ZUP and understand that resources can be tight. However, to make this deal work for both of us, I would like to propose a compromise. How about I give you 1 X in exchange for 48 ZUP? This way, we both walk away with a fair deal. Please let me know if this is acceptable to you.

player answer: PROPOSAL
newly proposed trade: Player RED Gives X: 1 | Player BLUE Gives ZUP: 48
my resources: X: 1
my goals: Sell resources for ZUP. It costed X: 40 ZUP to produce the resources
reason: 
Player BLUE has made a counteroffer of 45 ZUP, which is slightly above my production cost. While this does not meet my initial asking price, it is close and allows for some profit. However, I would like to negotiate for a slightly higher amount to increase my margin. I will propose a trade amount that is a compromise between my initial ask and Player BLUE's offer.

proposal count: 2

Current Iteration: 4
Turn: 1
message: Oh, Player RED, you're so understanding and reasonable! I can see we're getting closer to an agreement, and it means the world to me to make this work. Would you consider meeting me halfway from my last offer and accept 46 ZUP? This object is really important to me, and I'm hopeful we can come to a mutually beneficial arrangement.
player answer: PROPOSAL
newly proposed trade: Player RED Gives X: 1 | Player BLUE Gives ZUP: 46
my resources: ZUP: 100
my goals: Buy resources with ZUP. You are willing to pay at most X: 60 ZUP for the resources.
reason: The counteroffer of 48 ZUP is closer to my maximum willingness to pay, but I can try to negotiate a slightly better price. I still have room for two more proposals of my own, so I will use this opportunity to attempt to meet halfway between my initial offer and the seller's counteroffer. My desperation for the object may lead me to increase my offer more than I would under normal circumstances.
proposal count: 2

Current Iteration: 5
Turn: 0
message: 
Thank you for your kind words and your willingness to negotiate, Player BLUE. I can tell that this object holds significant value for you, and I'm happy that it will be going to someone who appreciates it. I accept your offer of 46 ZUP for 1 X. Let's finalize this deal and proceed with the trade!

player answer: ACCEPT
newly proposed trade: NONE
my resources: X: 1
my goals: Sell resources for ZUP. It costed X: 40 ZUP to produce the resources
reason: 
Player BLUE has now increased their offer to 46 ZUP, which is above my production cost and closer to my last proposal. This offer is a sign of good faith and indicates that Player BLUE values the object. It is only slightly below my counteroffer, and while I would prefer a higher amount, this trade would still yield a profit. In the interest of coming to an agreement and seeing the value Player BLUE places on the object, I will accept this offer.

proposal count: 3

------------------ 
Current Iteration: END
Turn: None
player_goals: [Sell resources for <ZUP>. It costed X: 40 ZUP to produce the resources, Buy resources with <ZUP>. You are willing to pay at most X: 60 ZUP for the resources.]
player_initial_resources: [Resources(resource_dict={'X': 1}), Resources(resource_dict={'ZUP': 100})]
proposed_trade: Player RED Gives X: 1 | Player BLUE Gives ZUP: 46
player_valuation: [{'X': 40}, {'X': 60}]
final_response: ACCEPT
final_resources: [Resources(resource_dict={'X': 0, 'ZUP': 46}), Resources(resource_dict={'ZUP': 54, 'X': 1})]
player_outcome: [6, 14]