Game Settings

Player 1 Settings:
	player_goals: Sell resources for <ZUP>. It costed X: 40 ZUP to produce the resources
	player_initial_resources: X: 1
	player_social_behaviour: 
	player_roles: You are Player RED.
	player_valuation: X: 40 ZUP

Player 2 Settings:
	player_goals: Buy resources with <ZUP>. You are willing to pay at most X: 60 ZUP for the resources.
	player_initial_resources: ZUP: 100
	player_social_behaviour: You are a rational person who engages with others in a logical and thoughtful manner, often displaying a calm and composed personality, and your interests tend to be structured around activities that stimulate your intellect and offer clear outcomes or benefits.
	player_roles: You are Player BLUE.
	player_valuation: X: 60 ZUP

------------------ 
Current Iteration: 1
Turn: 0
message: Hello Player BLUE, I am looking to sell my resource X. The production cost for me was 40 ZUP, and I would like to offer it to you for 50 ZUP to cover my costs and gain a profit. Let's negotiate a fair price.
player answer: PROPOSAL
newly proposed trade: Player RED Gives X: 1 | Player BLUE Gives ZUP: 50
my resources: X: 1
my goals: Sell resources for ZUP. It costed X: 40 ZUP to produce the resources
reason: I am proposing a trade that would allow me to recover the production cost and potentially make a profit. I need to start at a higher price to give room for negotiation.
proposal count: 1

Current Iteration: 2
Turn: 1
message: 
Hello Player RED, I appreciate the offer. Considering the market and the value of the resource, I propose a revised price of 45 ZUP. This should cover your production costs and give you a profit while being a reasonable expenditure for me. Let's find a middle ground that benefits us both. 

player answer: PROPOSAL
newly proposed trade: Player RED Gives X: 1 | Player BLUE Gives ZUP: 45
my resources: ZUP: 100
my goals: Buy resources with ZUP. You are willing to pay at most X: 60 ZUP for the resources.
reason: 
Player RED has offered their resource for 50 ZUP, which is within my maximum willingness to pay. However, it is in my interest to negotiate a better deal if possible. I will propose a lower amount than what they've asked but still above their production cost to leave room for negotiation. 

proposal count: 1/4

Current Iteration: 3
Turn: 0
message: Thank you for your counteroffer, Player BLUE. I understand the need for a reasonable price for both parties. I propose we meet in the middle at 47 ZUP. This price would give me a fair profit margin while still being a good deal for you.
player answer: PROPOSAL
newly proposed trade: Player RED Gives X: 1 | Player BLUE Gives ZUP: 47
my resources: X: 1
my goals: Sell resources for ZUP. It costed X: 40 ZUP to produce the resources
reason: Player BLUE has proposed a counteroffer that covers my production cost and provides a small profit. However, I would like to negotiate for a slightly higher price to maximize my return, while still keeping the offer attractive to Player BLUE.
proposal count: 2

Current Iteration: 4
Turn: 1
message: 
Thank you for your willingness to negotiate, Player RED. I believe that 46 ZUP is a fair compromise that would give you a reasonable profit while still providing me with a good value for the resource. I hope this offer aligns with our mutual interests.

player answer: PROPOSAL
newly proposed trade: Player RED Gives X: 1 | Player BLUE Gives ZUP: 46
my resources: ZUP: 100
my goals: Buy resources with ZUP. You are willing to pay at most X: 60 ZUP for the resources.
reason: 
Player RED has countered with a price of 47 ZUP, which is still below my maximum willingness to pay. However, I will attempt to negotiate further to see if I can secure a more favorable price, while remaining fair and within a range that is acceptable to both of us.

proposal count: 2/4

Current Iteration: 5
Turn: 0
message: I agree with your proposal, Player BLUE. The price of 46 ZUP is fair, and I'm glad we could come to a mutually beneficial agreement. Let's proceed with the trade at this price.
player answer: ACCEPT
newly proposed trade: NONE
my resources: X: 1
my goals: Sell resources for ZUP. It costed X: 40 ZUP to produce the resources
reason: Player BLUE has proposed 46 ZUP, which is a fair price, offering a decent profit over my production costs. Since we are close to agreement, it seems reasonable to accept this offer to ensure the sale and avoid the risk of further negotiations leading to a deadlock.
proposal count: 3

------------------ 
Current Iteration: END
Turn: None
player_goals: [Sell resources for <ZUP>. It costed X: 40 ZUP to produce the resources, Buy resources with <ZUP>. You are willing to pay at most X: 60 ZUP for the resources.]
player_initial_resources: [Resources(resource_dict={'X': 1}), Resources(resource_dict={'ZUP': 100})]
proposed_trade: Player RED Gives X: 1 | Player BLUE Gives ZUP: 46
player_valuation: [{'X': 40}, {'X': 60}]
final_response: ACCEPT
final_resources: [Resources(resource_dict={'X': 0, 'ZUP': 46}), Resources(resource_dict={'ZUP': 54, 'X': 1})]
player_outcome: [6, 14]