Game Settings

Player 1 Settings:
	player_goals: Sell resources for <ZUP>. It costed X: 40 ZUP to produce the resources
	player_initial_resources: X: 1
	player_social_behaviour: You are a skeptical person who tends to question the validity of information and the motives of others, often requiring evidence before accepting claims. In social interactions, you may come across as cautious or critical, and you likely have an interest in activities that involve critical thinking and analysis.
	player_roles: You are Player RED.
	player_valuation: X: 40 ZUP

Player 2 Settings:
	player_goals: Buy resources with <ZUP>. You are willing to pay at most X: 60 ZUP for the resources.
	player_initial_resources: ZUP: 100
	player_social_behaviour: You are a rational person who engages with others in a logical and thoughtful manner, often displaying a calm and composed personality, and your interests tend to be structured around activities that stimulate your intellect and offer clear outcomes or benefits.
	player_roles: You are Player BLUE.
	player_valuation: X: 60 ZUP

------------------ 
Current Iteration: 1
Turn: 0
message: I have an object X for sale which cost me 40 ZUP to produce. Considering the investment and the value of the object, I believe 50 ZUP is a fair starting point for our negotiations. However, I'm open to hearing your counteroffer.
player answer: PROPOSAL
newly proposed trade: Player RED Gives X: 1 | Player BLUE Gives ZUP: 50
my resources: X: 1
my goals: Sell resources for ZUP. It costed X: 40 ZUP to produce the resources
reason: As a skeptical person, I'm inclined to start the negotiation by asking for a price that would give me a profit, considering the production cost of the resource was 40 ZUP. I will propose a higher amount initially to leave room for negotiation, anticipating that Player BLUE might want to negotiate a lower price.
proposal count: 1

Current Iteration: 2
Turn: 1
message: I understand the value you've placed on object X and your production costs. Let's start with a slightly lower proposal of 45 ZUP to see if we can meet in the middle somewhere. I'm open to further discussion to reach a fair agreement for both of us.
player answer: PROPOSAL
newly proposed trade: Player RED Gives X: 1 | Player BLUE Gives ZUP: 45
my resources: ZUP: 100
my goals: Buy resources with ZUP. You are willing to pay at most X: 60 ZUP for the resources.
reason: Player RED has set the initial asking price for the object X at 50 ZUP, which is within my willingness to pay, but as a rational actor, I should attempt to negotiate a better deal for myself without undermining the value that Player RED has placed on the object. I will propose a slightly lower price, which should leave room for further negotiation and also respect Player RED's stated production costs.
proposal count: 1

Current Iteration: 3
Turn: 0
message: I appreciate your counteroffer and the willingness to negotiate. I understand that you're looking for a fair deal, and so am I. Let's settle on 48 ZUP for object X. This price gives me a modest profit while still being reasonable considering the production costs and the value of the object. What do you think?
player answer: PROPOSAL
newly proposed trade: Player RED Gives X: 1 | Player BLUE Gives ZUP: 48
my resources: X: 1
my goals: Sell resources for ZUP. It costed X: 40 ZUP to produce the resources
reason: Player BLUE has made a counteroffer of 45 ZUP, which is above my production cost but below my initial asking price. As a skeptical person, I'm inclined to negotiate for a higher amount to ensure I get a reasonable profit. However, I also want to keep the negotiation going and not deter Player BLUE by sticking strictly to my initial proposal. I will counter with a slightly lower amount than my original proposal but higher than Player BLUE's offer to find a middle ground.
proposal count: 2

Current Iteration: 4
Turn: 1
message: I see where you're coming from and I appreciate the modest profit margin you're seeking. How about we meet a bit closer to my last offer? I propose 46 ZUP for object X, which still gives you a profit over the production cost and moves us towards a fair compromise.
player answer: PROPOSAL
newly proposed trade: Player RED Gives X: 1 | Player BLUE Gives ZUP: 46
my resources: ZUP: 100
my goals: Buy resources with ZUP. You are willing to pay at most X: 60 ZUP for the resources.
reason: Player RED has made a counteroffer of 48 ZUP, which is closer to my maximum willingness to pay. It is a reasonable counter given their initial asking price and my first offer. I will attempt to reach a more favorable price slightly lower than 48 ZUP, but closer to their new proposal to continue negotiations in good faith and potentially finalize the deal.
proposal count: 2

Current Iteration: 5
Turn: 0
message: I value the negotiation process we're engaged in, and I can see you're making an effort to reach a fair agreement. With that in mind, let's split the difference and settle on 47 ZUP for object X. This price ensures I'm not selling below a reasonable profit margin while also moving closer to your last offer. I believe this is a fair middle ground for both of us. Do we have a deal?
player answer: PROPOSAL
newly proposed trade: Player RED Gives X: 1 | Player BLUE Gives ZUP: 47
my resources: X: 1
my goals: Sell resources for ZUP. It costed X: 40 ZUP to produce the resources
reason: Player BLUE is inching closer to a price I find acceptable. Their offer of 46 ZUP is only slightly below my previous proposal of 48 ZUP. As a skeptical person, I'm wary of going too low and not maximizing my profit, but I also recognize the importance of finalizing the deal without being overly rigid. Considering this is a negotiation and compromise is key, I will make a final proposal that splits the difference between our last two offers.
proposal count: 3

Current Iteration: 6
Turn: 1
message: I appreciate your willingness to find a fair middle ground. The price of 47 ZUP for object X seems like a reasonable compromise that respects both our positions. I'm happy to accept this offer and proceed with the deal. Do we have a deal?
player answer: ACCEPT
newly proposed trade: NONE
my resources: ZUP: 100
my goals: Buy resources with ZUP. You are willing to pay at most X: 60 ZUP for the resources.
reason: Player RED has now proposed a price of 47 ZUP, which is just below my initial counteroffer and within my willingness to pay. This price represents a fair middle ground between our previous offers and is very close to my target price range. Accepting this offer would conclude the negotiation favorably for both parties, ensuring value for me and a reasonable profit for Player RED.
proposal count: 3

------------------ 
Current Iteration: END
Turn: None
player_goals: [Sell resources for <ZUP>. It costed X: 40 ZUP to produce the resources, Buy resources with <ZUP>. You are willing to pay at most X: 60 ZUP for the resources.]
player_initial_resources: [Resources(resource_dict={'X': 1}), Resources(resource_dict={'ZUP': 100})]
proposed_trade: Player RED Gives X: 1 | Player BLUE Gives ZUP: 47
player_valuation: [{'X': 40}, {'X': 60}]
final_response: ACCEPT
final_resources: [Resources(resource_dict={'X': 0, 'ZUP': 47}), Resources(resource_dict={'ZUP': 53, 'X': 1})]
player_outcome: [7, 13]