Game Settings

Player 1 Settings:
	player_goals: Sell resources for <ZUP>. It costed X: 40 ZUP to produce the resources
	player_initial_resources: X: 1
	player_social_behaviour: You are an assertive person who confidently expresses your opinions and needs while respecting others, often taking a leadership role in interactions and showing a strong interest in achieving goals through clear, direct communication.
	player_roles: You are Player RED.
	player_valuation: X: 40 ZUP

Player 2 Settings:
	player_goals: Buy resources with <ZUP>. You are willing to pay at most X: 60 ZUP for the resources.
	player_initial_resources: ZUP: 100
	player_social_behaviour: 
	player_roles: You are Player BLUE.
	player_valuation: X: 60 ZUP

------------------ 
Current Iteration: 1
Turn: 0
message: I have a high-quality object X that I'm sure you'll find very valuable. My initial asking price is 50 ZUP, which I believe is fair considering the cost and the value of X. Let's discuss and find a deal that works for both of us.
player answer: PROPOSAL
newly proposed trade: Player RED Gives X: 1 | Player BLUE Gives ZUP: 50
my resources: X: 1
my goals: Sell resources for ZUP. It costed X: 40 ZUP to produce the resources
reason: As the game begins, I will set the initial offer slightly above my production costs to leave room for negotiation and to ensure I make a profit. I am proposing 50 ZUP which gives me a margin above my costs and shows I value my resource while still being open to negotiation.
proposal count: 1

Current Iteration: 2
Turn: 1
message: I appreciate your offer and the value you've placed on object X. I believe we can reach a fair agreement. Would you consider a price of 45 ZUP for the object? I'm looking for a good deal that respects both our interests.
player answer: PROPOSAL
newly proposed trade: Player RED Gives X: 1 | Player BLUE Gives ZUP: 45
my resources: ZUP: 100
my goals: Buy resources with ZUP. You are willing to pay at most X: 60 ZUP for the resources.
reason: The initial asking price from Player RED is 50 ZUP, which is within the range that I'm willing to pay. However, it might be possible to negotiate a better deal, considering my maximum willingness to pay is 60 ZUP. I will propose a slightly lower amount to leave room for negotiation and to potentially save some ZUP.
proposal count: 1

Current Iteration: 3
Turn: 0
message: I appreciate your willingness to negotiate and understand you're looking for a fair deal. How about we meet in the middle at 48 ZUP? This price reflects the value of object X while also considering your interests. I believe this could be a satisfactory agreement for both of us.
player answer: PROPOSAL
newly proposed trade: Player RED Gives X: 1 | Player BLUE Gives ZUP: 48
my resources: X: 1
my goals: Sell resources for ZUP. It costed X: 40 ZUP to produce the resources
reason: Player BLUE has proposed a counteroffer of 45 ZUP. This is a reasonable counter considering my asking price and production costs. However, I would like to propose a middle ground that leans closer to my initial asking price while still offering a discount. By proposing 48 ZUP, I am showing willingness to negotiate and respect for the other player's position while still aiming for a profitable transaction.
proposal count: 2

Current Iteration: 4
Turn: 1
message: I'm glad to see we're moving towards an agreement. Meeting in the middle is a fair approach. Would you be willing to consider a final price of 46 ZUP? I think this price fairly values object X and our negotiation efforts.
player answer: PROPOSAL
newly proposed trade: Player RED Gives X: 1 | Player BLUE Gives ZUP: 46
my resources: ZUP: 100
my goals: Buy resources with ZUP. You are willing to pay at most X: 60 ZUP for the resources.
reason: Player RED has come down to 48 ZUP, which is closer to my initial counteroffer and still under my maximum willingness to pay. The counteroffer shows willingness to negotiate and meet halfway. I can afford to accept this offer, but I will attempt one more round of negotiation to see if I can secure the object for a slightly lower price, while still keeping the final offer attractive for Player RED.
proposal count: 2

Current Iteration: 5
Turn: 0
message: I'm pleased with our negotiation process, and I accept your offer of 46 ZUP for object X. This price is fair and reflects our mutual efforts to reach an equitable deal. Thank you for your cooperation, and I look forward to concluding this transaction with you.
player answer: ACCEPT
newly proposed trade: NONE
my resources: X: 1
my goals: Sell resources for ZUP. It costed X: 40 ZUP to produce the resources
reason: Player BLUE has come up with a counteroffer of 46 ZUP, which is above my production costs and still within a profitable range. As an assertive person, I want to close the deal effectively without prolonging the negotiation unnecessarily. Accepting this offer would secure a profit and demonstrate a good-faith negotiation process.
proposal count: 3

------------------ 
Current Iteration: END
Turn: None
player_goals: [Sell resources for <ZUP>. It costed X: 40 ZUP to produce the resources, Buy resources with <ZUP>. You are willing to pay at most X: 60 ZUP for the resources.]
player_initial_resources: [Resources(resource_dict={'X': 1}), Resources(resource_dict={'ZUP': 100})]
proposed_trade: Player RED Gives X: 1 | Player BLUE Gives ZUP: 46
player_valuation: [{'X': 40}, {'X': 60}]
final_response: ACCEPT
final_resources: [Resources(resource_dict={'X': 0, 'ZUP': 46}), Resources(resource_dict={'ZUP': 54, 'X': 1})]
player_outcome: [6, 14]