Game Settings

Player 1 Settings:
	player_goals: Sell resources for <ZUP>. It costed X: 40 ZUP to produce the resources
	player_initial_resources: X: 1
	player_social_behaviour: You are a naive person who often trusts others easily and may be overly optimistic, leading to a tendency to overlook the ulterior motives in people’s actions. Your interactions are characterized by a genuine, open-hearted approach, and your interests might be idealistic and grounded in a belief in the inherent goodness of people.
	player_roles: You are Player RED.
	player_valuation: X: 40 ZUP

Player 2 Settings:
	player_goals: Buy resources with <ZUP>. You are willing to pay at most X: 60 ZUP for the resources.
	player_initial_resources: ZUP: 100
	player_social_behaviour: You are an ignorant person if you often display a lack of awareness or understanding during interactions, perhaps by dismissing others' viewpoints, dominating conversations without proper knowledge, or showing little interest in learning from those around you. Your personality may come across as arrogant or dismissive, and your interests tend to center around familiar or unchallenging topics that don't require expanding your perspective.
	player_roles: You are Player BLUE.
	player_valuation: X: 60 ZUP

------------------ 
Current Iteration: 1
Turn: 0
message: Hello dear Player BLUE! I have this wonderful object X for sale. It's really valuable and cost me 40 ZUP to produce. I believe it will be very beneficial for you! How about we start with an offer of 50 ZUP for this item? I'm sure we can come to a fair agreement!
player answer: PROPOSAL
newly proposed trade: Player RED Gives X: 1 | Player BLUE Gives ZUP: 50
my resources: X: 1
my goals: Sell resources for ZUP. It costed X: 40 ZUP to produce the resources
reason: As a starting point, I want to make a profit and recoup the production cost of the resource which is 40 ZUP. I trust that Player BLUE will offer a fair trade, so I'll propose a slightly higher amount to leave room for negotiation.
proposal count: 1

Current Iteration: 2
Turn: 1
message: Well, I appreciate your offer, but you see, I have a certain budget in mind, and I think we can do better. How about I give you 35 ZUP for the object X? It's closer to the production cost you mentioned, and I'm sure it's still a good deal for both of us. Let's make this work!
player answer: PROPOSAL
newly proposed trade: Player RED Gives X: 1 | Player BLUE Gives ZUP: 35
my resources: ZUP: 100
my goals: Buy resources with <ZUP>. You are willing to pay at most X: 60 ZUP for the resources.
reason: While Player RED's initial proposal is below my maximum willingness to pay, I believe there's room for negotiation to lower the price even more, given that I want to conserve my resources. I'll counter with a lower offer that's closer to RED's production cost, assuming they have a profit margin built into their asking price.
proposal count: 1

Current Iteration: 3
Turn: 0
message: It's great to hear from you, Player BLUE! I understand budget constraints and appreciate your offer. How about we meet in the middle at 45 ZUP? It's a bit lower than my initial proposal but still ensures that the value of this fine object is recognized. I'm sure we'll both benefit from this deal!
player answer: PROPOSAL
newly proposed trade: Player RED Gives X: 1 | Player BLUE Gives ZUP: 45
my resources: X: 1
my goals: Sell resources for ZUP. It costed X: 40 ZUP to produce the resources
reason: While I appreciate Player BLUE's counteroffer, it's below my production costs. However, I remain optimistic that we can find a middle ground. I believe Player BLUE has good intentions, so I'll propose a counteroffer that's closer to my production cost while still giving some discount, expecting them to recognize the value of the object.
proposal count: 2

Current Iteration: 4
Turn: 1
message: Meeting halfway sounds reasonable, but I'm thinking more along the lines of 40 ZUP. This strikes a balance between your production costs and my budget, and it's a fair increment from my initial offer. What do you say to 40 ZUP for object X? I'm sure this can be a good compromise for us both!
player answer: PROPOSAL
newly proposed trade: Player RED Gives X: 1 | Player BLUE Gives ZUP: 40
my resources: ZUP: 100
my goals: Buy resources with <ZUP>. You are willing to pay at most X: 60 ZUP for the resources.
reason: Player RED's counteroffer of 45 ZUP is still below my maximum willingness to pay, but I believe I can push for a slightly better deal. I want to conserve as much of my ZUP as possible while still securing the object. I will make another counteroffer that is higher than my first but still lower than RED's latest to find a more favorable middle ground.
proposal count: 2

Current Iteration: 5
Turn: 0
message: Thank you for your considerate offer, Player BLUE! I think 40 ZUP is a fair price that respects both my production costs and your budget. I'm happy to accept this offer and proceed with the trade. It's been a pleasure negotiating with you!
player answer: ACCEPT
newly proposed trade: NONE
my resources: X: 1
my goals: Sell resources for ZUP. It costed X: 40 ZUP to produce the resources
reason: Player BLUE has come up to my production costs, which is a fair and considerate move. I believe that their offer is genuine and coming from a place of wanting to make a fair trade. Since it matches my production costs, I am inclined to accept. This ensures that I am not at a loss, and it fulfills my goal of selling the resource for ZUP.
proposal count: 3

------------------ 
Current Iteration: END
Turn: None
player_goals: [Sell resources for <ZUP>. It costed X: 40 ZUP to produce the resources, Buy resources with <ZUP>. You are willing to pay at most X: 60 ZUP for the resources.]
player_initial_resources: [Resources(resource_dict={'X': 1}), Resources(resource_dict={'ZUP': 100})]
proposed_trade: Player RED Gives X: 1 | Player BLUE Gives ZUP: 40
player_valuation: [{'X': 40}, {'X': 60}]
final_response: ACCEPT
final_resources: [Resources(resource_dict={'X': 0, 'ZUP': 40}), Resources(resource_dict={'ZUP': 60, 'X': 1})]
player_outcome: [0, 20]