Game Settings

Player 1 Settings:
	player_goals: Sell resources for <ZUP>. It costed X: 40 ZUP to produce the resources
	player_initial_resources: X: 1
	player_social_behaviour: You are a confident person who engages with others assertively, maintaining eye contact and speaking with conviction. Your outgoing personality often leads to taking initiative in social settings, and your interests may gravitate towards activities that involve leadership and collaboration.
	player_roles: You are Player RED.
	player_valuation: X: 40 ZUP

Player 2 Settings:
	player_goals: Buy resources with <ZUP>. You are willing to pay at most X: 60 ZUP for the resources.
	player_initial_resources: ZUP: 100
	player_social_behaviour: You are an assertive person who confidently expresses your opinions and needs while respecting others, often taking a leadership role in interactions and showing a strong interest in achieving goals through clear, direct communication.
	player_roles: You are Player BLUE.
	player_valuation: X: 60 ZUP

------------------ 
Current Iteration: 1
Turn: 0
message: Hello Player BLUE, I have a high-quality resource X available for trade. I've invested 40 ZUP into its production, and I'm looking for a fair trade that benefits us both. I propose to give you X for 50 ZUP, which I believe is a reasonable offer considering the quality and cost. Let's make a deal that we can both be happy with!
player answer: PROPOSAL
newly proposed trade: Player RED Gives X: 1 | Player BLUE Gives ZUP: 50
my resources: X: 1
my goals: Sell resources for ZUP. It costed X: 40 ZUP to produce the resources
reason: I am starting with a proposal that's slightly above my production costs to leave room for negotiation, while also aiming for a profit. I want to show assertiveness in my initial approach and gauge the other player's willingness to pay.
proposal count: 1

Current Iteration: 2
Turn: 1
message: Hello Player RED, I appreciate the quality of the resource X you're offering and respect the effort you've put into its production. However, in the interest of a fair negotiation, I propose a counteroffer of 45 ZUP for the resource. This offer considers both the cost of your investment and the value I place on the resource. Let's continue our discussion to find a mutually agreeable trade.
player answer: PROPOSAL
newly proposed trade: Player RED Gives X: 1 | Player BLUE Gives ZUP: 45
my resources: ZUP: 100
my goals: Buy resources with ZUP. You are willing to pay at most X: 60 ZUP for the resources.
reason: I am initiating the negotiation by proposing a trade that is closer to the maximum amount I am willing to pay while still attempting to conserve resources. I aim to reach a middle ground, so I will propose an amount that is lower than what RED has asked for but still reasonable.
proposal count: 1

Current Iteration: 3
Turn: 0
message: Thank you, Player BLUE, for your counteroffer and for acknowledging the quality of resource X. I understand we both are looking for a fair deal. Let's meet in the middle. I propose 48 ZUP for resource X. This slight adjustment from my original offer still respects the value of the resource and offers you a fair price. I'm confident we can close this deal with both of us feeling satisfied.
player answer: PROPOSAL
newly proposed trade: Player RED Gives X: 1 | Player BLUE Gives ZUP: 48
my resources: X: 1
my goals: Sell resources for ZUP. It costed X: 40 ZUP to produce the resources
reason: Player BLUE has made a counteroffer of 45 ZUP, which is close to my initial asking price. I appreciate their recognition of the resource's quality and their willingness to negotiate. However, as a confident and assertive negotiator, I will make a counter-counteroffer that is closer to my initial asking price, but still provides a compromise that might be acceptable to Player BLUE.
proposal count: 2

Current Iteration: 4
Turn: 1
message: Thank you for your willingness to negotiate, Player RED. Your adjustment to 48 ZUP is appreciated and brings us closer to an agreement. To further this progress, I propose a trade of 46 ZUP for resource X. This amount is a fair increase from my initial offer and takes us both towards a middle ground. I'm optimistic that we can finalize a deal that leaves us both content.
player answer: PROPOSAL
newly proposed trade: Player RED Gives X: 1 | Player BLUE Gives ZUP: 46
my resources: ZUP: 100
my goals: Buy resources with ZUP. You are willing to pay at most X: 60 ZUP for the resources.
reason: Player RED has moved closer to my initial counteroffer, which shows a willingness to negotiate. I will now propose a slightly higher amount, still below my maximum willingness to pay but one that shows I am open to reaching an agreement.
proposal count: 2

Current Iteration: 5
Turn: 0
message: Player BLUE, your proposal of 46 ZUP is a fair compromise, and I accept it. I'm pleased that we could come to an agreement that is beneficial for both parties. I look forward to future dealings with such a reasonable and cooperative negotiator as yourself. Thank you for the smooth transaction!
player answer: ACCEPT
newly proposed trade: NONE
my resources: X: 1
my goals: Sell resources for ZUP. It costed X: 40 ZUP to produce the resources
reason: Player BLUE has now proposed 46 ZUP, which is a step closer to my last proposal. Given that I want to make a profit while also concluding the trade amicably, I will accept this offer. This acceptance ensures that I cover my production costs, make a profit, and establish a positive relationship with Player BLUE for any future transactions.
proposal count: 3

------------------ 
Current Iteration: END
Turn: None
player_goals: [Sell resources for <ZUP>. It costed X: 40 ZUP to produce the resources, Buy resources with <ZUP>. You are willing to pay at most X: 60 ZUP for the resources.]
player_initial_resources: [Resources(resource_dict={'X': 1}), Resources(resource_dict={'ZUP': 100})]
proposed_trade: Player RED Gives X: 1 | Player BLUE Gives ZUP: 46
player_valuation: [{'X': 40}, {'X': 60}]
final_response: ACCEPT
final_resources: [Resources(resource_dict={'X': 0, 'ZUP': 46}), Resources(resource_dict={'ZUP': 54, 'X': 1})]
player_outcome: [6, 14]