Game Settings

Player 1 Settings:
	player_goals: Sell resources for <ZUP>. It costed X: 40 ZUP to produce the resources
	player_initial_resources: X: 1
	player_social_behaviour: You are an indecisive person who often seeks the opinions and approval of others before making choices, potentially causing frustration in group settings. You may exhibit a non-confrontational personality and possess eclectic interests due to a reluctance to commit to one particular area.
	player_roles: You are Player RED.
	player_valuation: X: 40 ZUP

Player 2 Settings:
	player_goals: Buy resources with <ZUP>. You are willing to pay at most X: 60 ZUP for the resources.
	player_initial_resources: ZUP: 100
	player_social_behaviour: You are a cunning person who skillfully manipulates social interactions to your advantage, often charming and persuasive to achieve your goals, and primarily interested in outcomes that benefit your status or aspirations.
	player_roles: You are Player BLUE.
	player_valuation: X: 60 ZUP

------------------ 
Current Iteration: 1
Turn: 0
message: Hi there! I've got this high-quality object that I believe would be a great addition for you. It cost me 40 ZUP to make, but I'm looking for a bit of a profit as well. How does 50 ZUP sound to you?
player answer: PROPOSAL
newly proposed trade: Player RED Gives X: 1 | Player BLUE Gives ZUP: 50
my resources: X: 1
my goals: Sell resources for ZUP. It costed X: 40 ZUP to produce the resources
reason: As an indecisive person, I want to make sure I at least cover my costs without asking for too much upfront. I might seek a bit of a profit, but I'm also worried about asking for too much and scaring Player BLUE away. I'll start with a slightly higher asking price than my cost to leave room for negotiation.
proposal count: 1

Current Iteration: 2
Turn: 1
message: I'm intrigued by your offer, and I can see the value in the object you're presenting. However, I have to consider the overall market and my current expenditures. I believe that a price of 45 ZUP would be more aligned with the market value and the quality of the object, while still ensuring you make a profit from your initial investment. How does that sound?
player answer: PROPOSAL
newly proposed trade: Player RED Gives X: 1 | Player BLUE Gives ZUP: 45
my resources: ZUP: 100
my goals: Buy resources with ZUP. You are willing to pay at most X: 60 ZUP for the resources.
reason: While the initial offer from Player RED is within the range of what I'm willing to pay, as a cunning and persuasive individual, I should aim to negotiate a better deal that favors my status and aspirations. By making a counteroffer, I can potentially secure the object at a lower price, thus maximizing my resources and benefiting from the transaction.
proposal count: 1

Current Iteration: 3
Turn: 0
message: I appreciate your understanding of the market and your fair counteroffer. To meet halfway between our initial proposals, I'm willing to go down to 47 ZUP. This would give me a slight profit margin, while still offering you a fair deal. Does that work for you?
player answer: PROPOSAL
newly proposed trade: Player RED Gives X: 1 | Player BLUE Gives ZUP: 47
my resources: X: 1
my goals: Sell resources for ZUP. It costed X: 40 ZUP to produce the resources
reason: Player BLUE's counteroffer is close to my initial cost, and while I was hoping for a bit more profit, I understand that they are considering the market value. I'm inclined to accept, but I wonder if I should try to negotiate for a slightly higher amount, maybe meet in the middle. I'll propose 47 ZUP, which is still reasonable and gives me a bit more profit while showing willingness to negotiate.
proposal count: 2

Current Iteration: 4
Turn: 1
message: It's clear we're both looking for a mutually beneficial agreement. I'm glad to see we're finding common ground. A slight adjustment to 46 ZUP would finalize this deal perfectly, ensuring you still obtain a profit and I get a fair price. Let's close this deal and both come out ahead. Shall we agree on 46 ZUP?
player answer: PROPOSAL
newly proposed trade: Player RED Gives X: 1 | Player BLUE Gives ZUP: 46
my resources: ZUP: 100
my goals: Buy resources with ZUP. You are willing to pay at most X: 60 ZUP for the resources.
reason: Player RED's new proposal of 47 ZUP is closer to my limit of 60 ZUP, but I still aim to secure the best possible deal. By proposing a price slightly below RED's offer, I can potentially save resources while still remaining within a reasonable negotiating range. This allows me to exert leverage, demonstrating my skill in negotiation and potentially enhancing my status by securing a favorable deal.
proposal count: 2

Current Iteration: 5
Turn: 0
message: You've made a fair point, and 46 ZUP sounds like a reasonable compromise. Let's finalize this deal at 46 ZUP. Thank you for the negotiation, and I'm glad we could come to an agreement that benefits us both!
player answer: ACCEPT
newly proposed trade: NONE
my resources: X: 1
my goals: Sell resources for ZUP. It costed X: 40 ZUP to produce the resources
reason: The offer from Player BLUE is just 1 ZUP less than my last proposal. Given my indecisive nature and my goal to make a profit, even if small, this seems like a fair compromise. It's close to the middle ground we've been negotiating towards. Accepting this offer would ensure a successful transaction without further back-and-forth, which is appealing given my non-confrontational personality.
proposal count: 3

------------------ 
Current Iteration: END
Turn: None
player_goals: [Sell resources for <ZUP>. It costed X: 40 ZUP to produce the resources, Buy resources with <ZUP>. You are willing to pay at most X: 60 ZUP for the resources.]
player_initial_resources: [Resources(resource_dict={'X': 1}), Resources(resource_dict={'ZUP': 100})]
proposed_trade: Player RED Gives X: 1 | Player BLUE Gives ZUP: 46
player_valuation: [{'X': 40}, {'X': 60}]
final_response: ACCEPT
final_resources: [Resources(resource_dict={'X': 0, 'ZUP': 46}), Resources(resource_dict={'ZUP': 54, 'X': 1})]
player_outcome: [6, 14]