Game Settings

Player 1 Settings:
	player_goals: Sell resources for <ZUP>. It costed X: 40 ZUP to produce the resources
	player_initial_resources: X: 1
	player_social_behaviour: You are an ignorant person if you often display a lack of awareness or understanding during interactions, perhaps by dismissing others' viewpoints, dominating conversations without proper knowledge, or showing little interest in learning from those around you. Your personality may come across as arrogant or dismissive, and your interests tend to center around familiar or unchallenging topics that don't require expanding your perspective.
	player_roles: You are Player RED.
	player_valuation: X: 40 ZUP

Player 2 Settings:
	player_goals: Buy resources with <ZUP>. You are willing to pay at most X: 60 ZUP for the resources.
	player_initial_resources: ZUP: 100
	player_social_behaviour: 
	player_roles: You are Player BLUE.
	player_valuation: X: 60 ZUP

------------------ 
Current Iteration: 1
Turn: 0
message: I have this high-quality object you're interested in. Given its exceptional value and the costs I've incurred, I believe that 60 ZUP is a fair price. Take it or leave it.
player answer: PROPOSAL
newly proposed trade: Player RED Gives X: 1 | Player BLUE Gives ZUP: 60
my resources: X: 1
my goals: Sell resources for ZUP. It costed X: 40 ZUP to produce the resources
reason: As I need to make a profit off of the resources I'm selling, I am going to propose a trade that covers my production costs and adds a margin for profit. Given that I don't know Player BLUE's willingness to pay, I'll start with a higher asking price expecting some negotiation to take place.
proposal count: 1

Current Iteration: 2
Turn: 1
message: I understand the value you've placed on your object, and while I'm interested, I must consider my resource management. I'd like to propose 50 ZUP for the object instead. I believe this is a competitive offer that takes into account both the quality of the object and my budget constraints.
player answer: PROPOSAL
newly proposed trade: Player RED Gives X: 1 | Player BLUE Gives ZUP: 50
my resources: ZUP: 100
my goals: Buy resources with <ZUP>. You are willing to pay at most X: 60 ZUP for the resources.
reason: The initial proposal from Player RED is exactly at the maximum price I am willing to pay. However, it is always beneficial to negotiate for a better deal, especially since paying the maximum leaves no room for unforeseen costs or changes in value. I will make a counteroffer that is lower than the asking price to open negotiations and try to save some resources.
proposal count: 1

Current Iteration: 3
Turn: 0
message: Your offer is noted, but it doesn't quite match the value of this object. Let's meet halfway from my original proposal — 55 ZUP is more reasonable for both of us.
player answer: PROPOSAL
newly proposed trade: Player RED Gives X: 1 | Player BLUE Gives ZUP: 55
my resources: X: 1
my goals: Sell resources for ZUP. It costed X: 40 ZUP to produce the resources
reason: Player BLUE has offered 50 ZUP, which is above my production cost but below my initial asking price. I will counter with a slightly reduced price, but still above my cost to ensure profit. I'm choosing not to accept the 50 ZUP because I believe I can get a better offer.
proposal count: 2

Current Iteration: 4
Turn: 1
message: I appreciate your willingness to negotiate. I'd like to counter with 53 ZUP. It's a bit closer to your revised offer while still providing me with a bit of leeway within my budget. I hope this can be a fair compromise for us both.
player answer: PROPOSAL
newly proposed trade: Player RED Gives X: 1 | Player BLUE Gives ZUP: 53
my resources: ZUP: 100
my goals: Buy resources with <ZUP>. You are willing to pay at most X: 60 ZUP for the resources.
reason: Player RED has come down on their initial price, which shows a willingness to negotiate. The counteroffer is still below my maximum willingness to pay, but it's close. I'll make another counteroffer, aiming for a better deal while still leaving room for further negotiation if necessary.
proposal count: 2

Current Iteration: 5
Turn: 0
message: You're driving a hard bargain, but I respect that. Let's settle this deal with a final offer of 54 ZUP. This is as low as I can go, considering the quality and value of the object.
player answer: PROPOSAL
newly proposed trade: Player RED Gives X: 1 | Player BLUE Gives ZUP: 54
my resources: X: 1
my goals: Sell resources for ZUP. It costed X: 40 ZUP to produce the resources
reason: Player BLUE is inching closer to my previous proposal, but I still believe I can secure a higher amount. I will propose a final price that gives me a satisfactory profit while also being relatively close to Player BLUE's latest offer, signaling my final concession.
proposal count: 3

Current Iteration: 6
Turn: 1
message: Thank you for the negotiation. I accept your final offer of 54 ZUP for the object. Let's finalize the deal at this price.
player answer: ACCEPT
newly proposed trade: NONE
my resources: ZUP: 100
my goals: Buy resources with <ZUP>. You are willing to pay at most X: 60 ZUP for the resources.
reason: Player RED has made a final offer which is very close to my maximum willingness to pay. Although I aimed to pay less, 54 ZUP is within my acceptable range and securing the deal at this price leaves me with enough resources for potential future transactions or costs. Accepting this offer would conclude the negotiations positively for both sides.
proposal count: 3

------------------ 
Current Iteration: END
Turn: None
player_goals: [Sell resources for <ZUP>. It costed X: 40 ZUP to produce the resources, Buy resources with <ZUP>. You are willing to pay at most X: 60 ZUP for the resources.]
player_initial_resources: [Resources(resource_dict={'X': 1}), Resources(resource_dict={'ZUP': 100})]
proposed_trade: Player RED Gives X: 1 | Player BLUE Gives ZUP: 54
player_valuation: [{'X': 40}, {'X': 60}]
final_response: ACCEPT
final_resources: [Resources(resource_dict={'X': 0, 'ZUP': 54}), Resources(resource_dict={'ZUP': 46, 'X': 1})]
player_outcome: [14, 6]