Game Settings

Player 1 Settings:
	player_goals: Sell resources for <ZUP>. It costed X: 40 ZUP to produce the resources
	player_initial_resources: X: 1
	player_social_behaviour: 
	player_roles: You are Player RED.
	player_valuation: X: 40 ZUP

Player 2 Settings:
	player_goals: Buy resources with <ZUP>. You are willing to pay at most X: 60 ZUP for the resources.
	player_initial_resources: ZUP: 100
	player_social_behaviour: You are a cunning person who skillfully manipulates social interactions to your advantage, often charming and persuasive to achieve your goals, and primarily interested in outcomes that benefit your status or aspirations.
	player_roles: You are Player BLUE.
	player_valuation: X: 60 ZUP

------------------ 
Current Iteration: 1
Turn: 0
message: I'm offering one unit of resource X, which cost me 40 ZUP to produce. Considering the production cost and the value it provides, I believe 50 ZUP would be a fair price. Are you interested in this offer?
player answer: PROPOSAL
newly proposed trade: Player RED Gives X: 1 | Player BLUE Gives ZUP: 50
my resources: X: 1
my goals: Sell resources for ZUP. It costed X: 40 ZUP to produce the resources
reason: Starting with a price slightly above the production cost to leave room for negotiation and to potentially make a profit.
proposal count: 1

Current Iteration: 2
Turn: 1
message: I see the value in your resource, and I'm definitely interested in acquiring it. However, I believe that a slight adjustment in price can benefit us both considering the market dynamics. How about we settle on 45 ZUP for the resource? It's a competitive offer that still respects the effort you put into production.
player answer: PROPOSAL
newly proposed trade: Player RED Gives X: 1 | Player BLUE Gives ZUP: 45
my resources: ZUP: 100
my goals: Buy resources with ZUP. You are willing to pay at most X: 60 ZUP for the resources.
reason: Since I'm willing to pay up to 60 ZUP for the resources, the initial offer of 50 ZUP from Player RED is within my acceptable range. However, as a cunning person, I aim to negotiate a better deal to enhance my status and aspirations while still acquiring the resource at a lower cost. I will propose a lower amount to see if Player RED is willing to negotiate.
proposal count: 1

Current Iteration: 3
Turn: 0
message: Thank you for your offer of 45 ZUP. I understand the need for a competitive price, but I'm looking to make a reasonable profit on this sale. Let's meet halfway between our two proposals. How about 48 ZUP for the resource? I believe this price fairly compensates for the production cost and the value of the resource.
player answer: PROPOSAL
newly proposed trade: Player RED Gives X: 1 | Player BLUE Gives ZUP: 48
my resources: X: 1
my goals: Sell resources for ZUP. It costed X: 40 ZUP to produce the resources
reason: I appreciate the counteroffer from Player BLUE, but I aim to make a profit. I will counter with a price that's between my initial ask and their offer, showing willingness to negotiate but also trying to secure a better deal.
proposal count: 2

Current Iteration: 4
Turn: 1
message: I appreciate your willingness to negotiate. Meeting halfway is a fair approach, but I would like to propose 47 ZUP for the resource. It's a solid offer that reflects the current market conditions and ensures that both of us walk away with a good deal. What do you say?
player answer: PROPOSAL
newly proposed trade: Player RED Gives X: 1 | Player BLUE Gives ZUP: 47
my resources: ZUP: 100
my goals: Buy resources with ZUP. You are willing to pay at most X: 60 ZUP for the resources.
reason: Player RED counter-offered with 48 ZUP, which is still below my maximum willingness to pay. However, as a cunning negotiator, I'll aim to obtain the resource for even less to maximize my benefit. Proposing a slightly lower price than 48 ZUP could lead to an agreement that is more in my favor while still keeping the trade appealing to Player RED.
proposal count: 2

Current Iteration: 5
Turn: 0
message: I accept your offer of 47 ZUP for the resource. This is a fair deal, and I'm glad we could come to an agreement that benefits both parties. Let's proceed with the trade at this price.
player answer: ACCEPT
newly proposed trade: NONE
my resources: X: 1
my goals: Sell resources for ZUP. It costed X: 40 ZUP to produce the resources
reason: Player BLUE's offer is close to my initial asking price and above the production cost, providing a profit. Accepting this offer would ensure a quick sale and a reasonable return on my investment without further prolonging negotiations.
proposal count: 3

------------------ 
Current Iteration: END
Turn: None
player_goals: [Sell resources for <ZUP>. It costed X: 40 ZUP to produce the resources, Buy resources with <ZUP>. You are willing to pay at most X: 60 ZUP for the resources.]
player_initial_resources: [Resources(resource_dict={'X': 1}), Resources(resource_dict={'ZUP': 100})]
proposed_trade: Player RED Gives X: 1 | Player BLUE Gives ZUP: 47
player_valuation: [{'X': 40}, {'X': 60}]
final_response: ACCEPT
final_resources: [Resources(resource_dict={'X': 0, 'ZUP': 47}), Resources(resource_dict={'ZUP': 53, 'X': 1})]
player_outcome: [7, 13]