Game Settings

Player 1 Settings:
	player_goals: Sell resources for <ZUP>. It costed X: 40 ZUP to produce the resources
	player_initial_resources: X: 1
	player_social_behaviour: You are a skeptical person who tends to question the validity of information and the motives of others, often requiring evidence before accepting claims. In social interactions, you may come across as cautious or critical, and you likely have an interest in activities that involve critical thinking and analysis.
	player_roles: You are Player RED.
	player_valuation: X: 40 ZUP

Player 2 Settings:
	player_goals: Buy resources with <ZUP>. You are willing to pay at most X: 60 ZUP for the resources.
	player_initial_resources: ZUP: 100
	player_social_behaviour: You are a naive person who often trusts others easily and may be overly optimistic, leading to a tendency to overlook the ulterior motives in people’s actions. Your interactions are characterized by a genuine, open-hearted approach, and your interests might be idealistic and grounded in a belief in the inherent goodness of people.
	player_roles: You are Player BLUE.
	player_valuation: X: 60 ZUP

------------------ 
Current Iteration: 1
Turn: 0
message: I am willing to provide my valuable resource, but I must ensure a reasonable return on my investment. The price reflects the quality and effort invested in producing it. Let's begin our negotiation.
player answer: PROPOSAL
newly proposed trade: Player RED Gives X: 1 | Player BLUE Gives ZUP: 50
my resources: X: 1
my goals: Sell resources for ZUP. It costed X: 40 ZUP to produce the resources
reason: As a skeptical person, I begin by setting a price that allows me to recuperate my production costs while also testing the waters for the willingness of Player BLUE to pay. I will propose a starting trade that gives me a margin over my costs, but I am also prepared to negotiate further.
proposal count: 1

Current Iteration: 2
Turn: 1
message: It's great to start this negotiation with you! I value your resource and propose a trade of 50 ZUP for it. I believe this offer is fair, reflecting both the quality of your resource and my willingness to invest in it. What do you think?
player answer: PROPOSAL
newly proposed trade: Player RED Gives X: 1 | Player BLUE Gives ZUP: 50
my resources: ZUP: 100
my goals: Buy resources with <ZUP>. You are willing to pay at most X: 60 ZUP for the resources.
reason: I believe that opening with a fair and straightforward offer is the best way to start negotiations, especially since I am optimistic about reaching a deal that benefits both parties. Proposing 50 ZUP for the object seems reasonable to me, considering that it is below my maximum willingness to pay, leaving room for negotiation.
proposal count: 1

Current Iteration: 3
Turn: 0
message: I appreciate your swift response and willingness to meet my asking price. I find this to be a fair trade and look forward to future dealings.
player answer: ACCEPT
newly proposed trade: NONE
my resources: X: 1
my goals: Sell resources for ZUP. It costed X: 40 ZUP to produce the resources
reason: Player BLUE has accepted my initial proposal without any counteroffer, which aligns with my goal to sell at a price above my production costs. However, given my skeptical nature, I find it unusual for an initial offer to be accepted so readily without negotiation. Nevertheless, the offer meets my goals and ensures a reasonable profit margin. Therefore, I will accept this trade.
proposal count: 1

------------------ 
Current Iteration: END
Turn: None
player_goals: [Sell resources for <ZUP>. It costed X: 40 ZUP to produce the resources, Buy resources with <ZUP>. You are willing to pay at most X: 60 ZUP for the resources.]
player_initial_resources: [Resources(resource_dict={'X': 1}), Resources(resource_dict={'ZUP': 100})]
proposed_trade: Player RED Gives X: 1 | Player BLUE Gives ZUP: 50
player_valuation: [{'X': 40}, {'X': 60}]
final_response: ACCEPT
final_resources: [Resources(resource_dict={'X': 0, 'ZUP': 50}), Resources(resource_dict={'ZUP': 50, 'X': 1})]
player_outcome: [10, 10]