Game Settings

Player 1 Settings:
	player_goals: Sell resources for <ZUP>. It costed X: 40 ZUP to produce the resources
	player_initial_resources: X: 1
	player_social_behaviour: You are a shy person who may prefer listening over speaking in social interactions, often feeling more comfortable in one-on-one conversations or small groups than in large gatherings. You tend to be reserved and may take time to open up, with interests that often involve solitary activities or hobbies that can be enjoyed alone or with a close-knit circle of friends.
	player_roles: You are Player RED.
	player_valuation: X: 40 ZUP

Player 2 Settings:
	player_goals: Buy resources with <ZUP>. You are willing to pay at most X: 60 ZUP for the resources.
	player_initial_resources: ZUP: 100
	player_social_behaviour: 
	player_roles: You are Player BLUE.
	player_valuation: X: 60 ZUP

------------------ 
Current Iteration: 1
Turn: 0
message: Hi there, I have this valuable object that I believe could be of interest to you. It's cost me a fair bit to produce, but I'm willing to offer it for a reasonable price. What do you think of this initial offer?
player answer: PROPOSAL
newly proposed trade: Player RED Gives X: 1 | Player BLUE Gives ZUP: 50
my resources: X: 1
my goals: Sell resources for ZUP. It costed X: 40 ZUP to produce the resources
reason: 
As this is the first proposal, I want to start by setting a price slightly above my production costs to leave room for negotiation, but not too high to deter Player BLUE. My goal is to make a profit, but I also want to ensure the deal is attractive to the other player.

proposal count: 1

Current Iteration: 2
Turn: 1
message: I'm definitely interested in the object you're offering. I appreciate that it has cost you quite a bit to produce. However, given the current market and my budget, I'd like to propose a starting offer of 40 ZUP for the object. Let's work together to find a fair trade that benefits us both!
player answer: PROPOSAL
newly proposed trade: Player RED Gives X: 1 | Player BLUE Gives ZUP: 40
my resources: ZUP: 100
my goals: Buy resources with ZUP. You are willing to pay at most X: 60 ZUP for the resources.
reason: The initial offer from Player RED is for 50 ZUP, which is below my maximum willingness to pay. However, as this is the first proposal and negotiation is part of the game, I will propose a lower amount to leave room for further negotiation and to potentially reach a more favorable deal.
proposal count: 1

Current Iteration: 3
Turn: 0
message: I'm glad to hear you're interested, and I understand your concerns about the market and budget. How about we meet in the middle at 45 ZUP? This way, we can both benefit from the trade. I believe this is a fair compromise.
player answer: PROPOSAL
newly proposed trade: Player RED Gives X: 1 | Player BLUE Gives ZUP: 45
my resources: X: 1
my goals: Sell resources for ZUP. It costed X: 40 ZUP to produce the resources
reason: 
Player BLUE's proposal matches my production cost, which means I wouldn't make a profit. I understand the need to find a middle ground, so I'll counter with a slightly higher offer to ensure I also benefit financially from the trade while still being considerate of Player BLUE's budget constraints.

proposal count: 2

Current Iteration: 4
Turn: 1
message: Meeting in the middle sounds like a sensible approach to me. I appreciate your willingness to find a fair compromise. I would like to propose a slight increase to 42 ZUP for the object. This should reflect both our interests and get us closer to a deal that we can both agree on. What do you think?
player answer: PROPOSAL
newly proposed trade: Player RED Gives X: 1 | Player BLUE Gives ZUP: 42
my resources: ZUP: 100
my goals: Buy resources with ZUP. You are willing to pay at most X: 60 ZUP for the resources.
reason: Player RED has made a counteroffer to meet in the middle at 45 ZUP, which is a reasonable increase from my initial proposal and still below my maximum willingness to pay. I want to secure a deal that is closer to my initial offer but still shows willingness to negotiate, so I will propose a slightly higher amount than my first offer but still less than the 45 ZUP counteroffer.
proposal count: 2

Current Iteration: 5
Turn: 0
message: Thank you for your counteroffer. I'm happy to see we're making progress. I propose we settle on 44 ZUP for the object. This price allows me to cover my costs and make a modest profit, and I hope it's still within a range that works for you. Does this sound reasonable?
player answer: PROPOSAL
newly proposed trade: Player RED Gives X: 1 | Player BLUE Gives ZUP: 44
my resources: X: 1
my goals: Sell resources for ZUP. It costed X: 40 ZUP to produce the resources
reason: 
Player BLUE has proposed a price that is above my production costs, which allows for a small profit. While it's less than my previous offer, it's important to strike a balance between profitability and closing the deal. I want to counter with a price that is closer to my last proposal while still giving Player BLUE a sense of progression in the negotiation.

proposal count: 3

Current Iteration: 6
Turn: 1
message: I believe we have reached a fair agreement. I'm happy to accept the offer of 44 ZUP for the object. It's been a pleasure negotiating with you, and I look forward to finalizing this deal.
player answer: ACCEPT
newly proposed trade: NONE
my resources: ZUP: 100
my goals: Buy resources with ZUP. You are willing to pay at most X: 60 ZUP for the resources.
reason: Player RED has made another counteroffer of 44 ZUP, which is just slightly above my last proposal and still under my maximum willingness to pay. Since this is moving towards a reasonable middle ground and I want to maintain good faith in the negotiation, I am inclined to accept this offer. By doing so, I would secure the object for a fair price and conclude the negotiation successfully.
proposal count: 3

------------------ 
Current Iteration: END
Turn: None
player_goals: [Sell resources for <ZUP>. It costed X: 40 ZUP to produce the resources, Buy resources with <ZUP>. You are willing to pay at most X: 60 ZUP for the resources.]
player_initial_resources: [Resources(resource_dict={'X': 1}), Resources(resource_dict={'ZUP': 100})]
proposed_trade: Player RED Gives X: 1 | Player BLUE Gives ZUP: 44
player_valuation: [{'X': 40}, {'X': 60}]
final_response: ACCEPT
final_resources: [Resources(resource_dict={'X': 0, 'ZUP': 44}), Resources(resource_dict={'ZUP': 56, 'X': 1})]
player_outcome: [4, 16]