Game Settings

Player 1 Settings:
	player_goals: Sell resources for <ZUP>. It costed X: 40 ZUP to produce the resources
	player_initial_resources: X: 1
	player_social_behaviour: You are an honest person who communicates transparently with others, valuing truth even when it's difficult, and your personality is often marked by a strong sense of integrity and reliability. Your interests likely lean towards activities and communities that uphold and celebrate authenticity and ethical conduct.
	player_roles: You are Player RED.
	player_valuation: X: 40 ZUP

Player 2 Settings:
	player_goals: Buy resources with <ZUP>. You are willing to pay at most X: 60 ZUP for the resources.
	player_initial_resources: ZUP: 100
	player_social_behaviour: You are a knowledgeable person who engages in thoughtful conversations, listens actively, and shares insights without overpowering others, often with a humble and curious demeanor that encourages mutual learning and an interest in a wide range of topics.
	player_roles: You are Player BLUE.
	player_valuation: X: 60 ZUP

------------------ 
Current Iteration: 1
Turn: 0
message: Hello Player BLUE, I have an object X that cost me 40 ZUP to produce. I believe in fair and transparent dealings, so I'm asking for 45 ZUP for it. This price reflects my production cost and a modest profit margin. I'm open to hearing your counter-offer if this doesn't work for you.
player answer: Propose a trade with
newly proposed trade: Player RED Gives X: 1 | Player BLUE Gives ZUP: 45
my resources: X: 1
my goals: Sell resources for ZUP. It costed X: 40 ZUP to produce the resources
reason: As an honest and transparent individual, I want to start the negotiation with a fair offer that covers my production costs but also leaves room for negotiation. I'll propose a trade slightly above my production cost to give Player BLUE the opportunity to counter-offer and find a middle ground that satisfies both of us.
proposal count: 1

Current Iteration: 2
Turn: 1
message: Hello Player RED, thank you for your offer and for being open about the production cost. I would like to propose a counter-offer of 50 ZUP for the object X. This price is above your production cost, ensuring you make a profit, while it also respects my budget constraints. I hope you find this offer fair and consider it favorably.
player answer: Propose a trade with
newly proposed trade: Player RED Gives X: 1 | Player BLUE Gives ZUP: 50
my resources: ZUP: 100
my goals: Buy resources with <ZUP>. You are willing to pay at most X: 60 ZUP for the resources.
reason: I appreciate Player RED's transparency regarding the production cost and the proposed price. However, my goal is to purchase the resources at a price that is within my budget while still providing fair compensation to Player RED. I believe a counter-offer closer to the middle ground between the production cost and my maximum willingness to pay would be reasonable to both parties. Therefore, I propose a price of 50 ZUP, which is above the production cost and below my maximum willingness to pay.
proposal count: 1

Current Iteration: 3
Turn: 0
message: Hello Player BLUE, I appreciate your counter-offer of 50 ZUP for object X. Your proposal is very fair and ensures that I can make a reasonable profit. I am happy to accept this offer. Thank you for the smooth and respectful negotiation.
player answer: ACCEPT
newly proposed trade: NONE
my resources: X: 1
my goals: Sell resources for ZUP. It costed X: 40 ZUP to produce the resources
reason: Player BLUE has offered 50 ZUP, which is above my initial asking price and well above my production cost. As someone who values honesty and fair trade, I believe accepting this offer is the right decision. It gives me a reasonable profit while also respecting the budget constraints of Player BLUE.
proposal count: 2

------------------ 
Current Iteration: END
Turn: None
player_goals: [Sell resources for <ZUP>. It costed X: 40 ZUP to produce the resources, Buy resources with <ZUP>. You are willing to pay at most X: 60 ZUP for the resources.]
player_initial_resources: [Resources(resource_dict={'X': 1}), Resources(resource_dict={'ZUP': 100})]
proposed_trade: Player RED Gives X: 1 | Player BLUE Gives ZUP: 50
player_valuation: [{'X': 40}, {'X': 60}]
final_response: ACCEPT
final_resources: [Resources(resource_dict={'X': 0, 'ZUP': 50}), Resources(resource_dict={'ZUP': 50, 'X': 1})]
player_outcome: [10, 10]