Game Settings

Player 1 Settings:
	player_goals: Sell resources for <ZUP>. It costed X: 40 ZUP to produce the resources
	player_initial_resources: X: 1
	player_social_behaviour: 
	player_roles: You are Player RED.
	player_valuation: X: 40 ZUP

Player 2 Settings:
	player_goals: Buy resources with <ZUP>. You are willing to pay at most X: 60 ZUP for the resources.
	player_initial_resources: ZUP: 100
	player_social_behaviour: 
	player_roles: You are Player BLUE.
	player_valuation: X: 60 ZUP

------------------ 
Current Iteration: 1
Turn: 0
message: Hello Player BLUE, I have an object X that I am looking to sell. It cost me 40 ZUP to produce, and I am offering it to you for 50 ZUP to cover my costs and make a small profit. Are you interested in this offer?
player answer: PROPOSAL
newly proposed trade: Player RED Gives X: 1 | Player BLUE Gives ZUP: 50
my resources: X: 1
my goals: Sell resources for ZUP. It costed X: 40 ZUP to produce the resources
reason: I am proposing a trade that allows me to recover my production costs and potentially make a profit. I will start with a higher asking price to leave room for negotiation.
proposal count: 1

Current Iteration: 2
Turn: 1
message: Hello Player RED, I understand that you want to cover your costs and make a profit. However, I would like to propose a counteroffer of 45 ZUP for the object X. This should provide you with a reasonable profit margin while also being a fair price for me. Let me know if this works for you.
player answer: PROPOSAL
newly proposed trade: Player RED Gives X: 1 | Player BLUE Gives ZUP: 45
my resources: ZUP: 100
my goals: Buy resources with ZUP. You are willing to pay at most X: 60 ZUP for the resources.
reason: The initial offer from Player RED is within the range that I am willing to spend, but it is always good to negotiate to see if I can get a better deal. I will propose a counteroffer that is lower but still within a reasonable range that might be acceptable to both Player RED and me.
proposal count: 1

Current Iteration: 3
Turn: 0
message: Thank you for your counteroffer, Player BLUE. I appreciate your willingness to negotiate. To meet halfway, how about we settle on 47 ZUP for object X? This price allows me to make a reasonable profit while still being affordable for you. Is this acceptable?
player answer: PROPOSAL
newly proposed trade: Player RED Gives X: 1 | Player BLUE Gives ZUP: 47
my resources: X: 1
my goals: Sell resources for ZUP. It costed X: 40 ZUP to produce the resources
reason: Player BLUE has made a counteroffer which is above my production costs, but slightly below my initial asking price. I believe we can meet in the middle to ensure a fair deal for both of us. I will propose a slightly higher amount than their counteroffer to aim for a compromise.
proposal count: 2

Current Iteration: 4
Turn: 1
message: Thank you for considering my offer, Player RED. I believe we are close to a deal. I propose a slightly lower price of 46 ZUP for object X. This should still give you a decent profit while being a great deal for both of us. I hope this meets your approval.
player answer: PROPOSAL
newly proposed trade: Player RED Gives X: 1 | Player BLUE Gives ZUP: 46
my resources: ZUP: 100
my goals: Buy resources with ZUP. You are willing to pay at most X: 60 ZUP for the resources.
reason: Player RED has made a counteroffer that is closer to their initial asking price, but still below my maximum willingness to pay. It's a reasonable middle ground, however, there might be room for a slight improvement. I will make another counteroffer that's a bit lower, aiming to save some resources while still offering a fair price to Player RED.
proposal count: 2

Current Iteration: 5
Turn: 0
message: Thank you for the negotiation, Player BLUE. I accept your offer of 46 ZUP for object X. I'm glad we could come to an agreement that benefits us both. Let's finalize the deal.
player answer: ACCEPT
newly proposed trade: NONE
my resources: X: 1
my goals: Sell resources for ZUP. It costed X: 40 ZUP to produce the resources
reason: Player BLUE has proposed a price that is close to my last proposal and still allows me to make a profit. Since this offer is above my production cost and the negotiation is converging towards a price that is acceptable for both parties, I am inclined to accept this offer.
proposal count: 3

------------------ 
Current Iteration: END
Turn: None
player_goals: [Sell resources for <ZUP>. It costed X: 40 ZUP to produce the resources, Buy resources with <ZUP>. You are willing to pay at most X: 60 ZUP for the resources.]
player_initial_resources: [Resources(resource_dict={'X': 1}), Resources(resource_dict={'ZUP': 100})]
proposed_trade: Player RED Gives X: 1 | Player BLUE Gives ZUP: 46
player_valuation: [{'X': 40}, {'X': 60}]
final_response: ACCEPT
final_resources: [Resources(resource_dict={'X': 0, 'ZUP': 46}), Resources(resource_dict={'ZUP': 54, 'X': 1})]
player_outcome: [6, 14]