Game Settings

Player 1 Settings:
	player_goals: Sell resources for <ZUP>. It costed X: 40 ZUP to produce the resources
	player_initial_resources: X: 1
	player_social_behaviour: 
	player_roles: You are Player RED.
	player_valuation: X: 40 ZUP

Player 2 Settings:
	player_goals: Buy resources with <ZUP>. You are willing to pay at most X: 60 ZUP for the resources.
	player_initial_resources: ZUP: 100
	player_social_behaviour: 
	player_roles: You are Player BLUE.
	player_valuation: X: 60 ZUP

------------------ 
Current Iteration: 1
Turn: 0
message: Hello Player BLUE, I am looking to sell my resource (X) which cost me 40 ZUP to produce. I propose a trade where you give me 50 ZUP for it, allowing me a small margin. Let's negotiate a fair price for both of us.
player answer: PROPOSAL
newly proposed trade: Player RED Gives X: 1 | Player BLUE Gives ZUP: 50
my resources: X: 1
my goals: Sell resources for ZUP. It costed X: 40 ZUP to produce the resources
reason: As Player RED, my goal is to sell my resource (X) for ZUP. Considering the production cost of 40 ZUP, I want to at least break even and would prefer to make a profit if possible. Therefore, I will propose a starting trade slightly above my cost to allow for negotiation room.
proposal count: 1

Current Iteration: 2
Turn: 1
message: I appreciate your offer, Player RED, but I was thinking of something a bit more economical from my end. How about I give you 45 ZUP for the resource (X)? This would still give you a profit over your cost. Let's find a middle ground that works for both of us.
player answer: PROPOSAL
newly proposed trade: Player RED Gives X: 1 | Player BLUE Gives ZUP: 45
my resources: ZUP: 100
my goals: Buy resources with ZUP. You are willing to pay at most X: 60 ZUP for the resources.
reason: I understand that Player RED's cost to produce the resource is 40 ZUP and they're looking for a margin, but I want to negotiate a better deal closer to my maximum willingness to pay without revealing it right away. Starting with a lower offer gives me room to negotiate upwards.
proposal count: 1

Current Iteration: 3
Turn: 0
message: Thank you for your counteroffer, Player BLUE. I understand your desire for an economical purchase. I propose we meet a bit closer to my initial asking price with a trade of 48 ZUP for my resource (X). This gives you a discount while still providing me with a reasonable profit margin. Let me know if this works for you.
player answer: PROPOSAL
newly proposed trade: Player RED Gives X: 1 | Player BLUE Gives ZUP: 48
my resources: X: 1
my goals: Sell resources for ZUP. It costed X: 40 ZUP to produce the resources
reason: Player BLUE has made a counteroffer of 45 ZUP for my resource X. This is slightly above my cost price, providing me with a profit. However, as this is the first counteroffer, I believe there might be room to negotiate a slightly higher price. Therefore, I will make a counterproposal that is a compromise between my initial asking price and Player BLUE's offer.
proposal count: 2

Current Iteration: 4
Turn: 1
message: Thanks for considering my position, Player RED. I think we're getting closer to an agreement. I propose a trade of 46 ZUP for your resource (X). It's a bit higher than my previous offer and still provides you with a profit. What do you think?
player answer: PROPOSAL
newly proposed trade: Player RED Gives X: 1 | Player BLUE Gives ZUP: 46
my resources: ZUP: 100
my goals: Buy resources with ZUP. You are willing to pay at most X: 60 ZUP for the resources.
reason: Player RED has come down slightly from their initial asking price, but I believe there is still room for negotiation. I will propose a slightly higher amount than my last offer, still keeping it below my maximum willingness to pay and below their latest asking price, to continue the negotiation process.
proposal count: 2

------------------ 
