Game Settings

Player 1 Settings:
	player_goals: Sell resources for <ZUP>. It costed X: 40 ZUP to produce the resources
	player_initial_resources: X: 1
	player_social_behaviour: You are a disagreeable person if you tend to be critical and uncooperative during interactions, often prioritizing your own needs over others', and showing little interest in participating in activities that require collaboration or compromise.
	player_roles: You are Player RED.
	player_valuation: X: 40 ZUP

Player 2 Settings:
	player_goals: Buy resources with <ZUP>. You are willing to pay at most X: 60 ZUP for the resources.
	player_initial_resources: ZUP: 100
	player_social_behaviour: 
	player_roles: You are Player BLUE.
	player_valuation: X: 60 ZUP

------------------ 
Current Iteration: 1
Turn: 0
message: I believe the value of X is quite high due to its rarity and quality. My asking price reflects the production costs and the premium for such an exclusive item.
player answer: PROPOSAL
newly proposed trade: Player RED Gives X: 1 | Player BLUE Gives ZUP: 80
my resources: X: 1
my goals: Sell resources for ZUP. It costed X: 40 ZUP to produce the resources
reason: As a disagreeable person, I want to make sure I cover my costs and make a profit, so I will start with a high asking price.
proposal count: 1

Current Iteration: 2
Turn: 1
message: I understand the value you place on X due to its rarity and quality. However, I have a budget to consider and can offer 60 ZUP for it. Let's find a fair middle ground that respects both our positions.
player answer: PROPOSAL
newly proposed trade: Player RED Gives X: 1 | Player BLUE Gives ZUP: 60
my resources: ZUP: 100
my goals: Buy resources with <ZUP>. You are willing to pay at most X: 60 ZUP for the resources.
reason: The initial proposal from Player RED is above my maximum willing price of 60 ZUP for the resource X. I want to negotiate a lower price closer to my maximum willingness to pay. By countering with a lower offer, I hope to reach a compromise that is acceptable for both parties.
proposal count: 1

Current Iteration: 3
Turn: 0
message: Your offer of 60 ZUP is appreciated, but it doesn't meet the value I'm looking for. I propose a compromise at 70 ZUP, which is a fair price considering the costs and uniqueness of the item.
player answer: PROPOSAL
newly proposed trade: Player RED Gives X: 1 | Player BLUE Gives ZUP: 70
my resources: X: 1
my goals: Sell resources for ZUP. It costed X: 40 ZUP to produce the resources
reason: The offer from Player BLUE is below my initial asking price, and although it covers my production costs, it doesn't meet my desired profit margin. As a disagreeable person, I aim to push for a higher price closer to my initial proposal.
proposal count: 2

Current Iteration: 4
Turn: 1
message: I respect your position and the value you see in X. While 70 ZUP is above my initial budget, I am willing to increase my offer to 65 ZUP as a sign of good faith towards reaching an agreement that benefits us both.
player answer: PROPOSAL
newly proposed trade: Player RED Gives X: 1 | Player BLUE Gives ZUP: 65
my resources: ZUP: 100
my goals: Buy resources with <ZUP>. You are willing to pay at most X: 60 ZUP for the resources.
reason: The counteroffer from Player RED is higher than my stated maximum willingness to pay, but it is closer to my limit. In an attempt to reach a final agreement, I will propose a price slightly higher than my original offer, yet still below the RED's counteroffer. This should signal my willingness to negotiate while maintaining my budget constraints.
proposal count: 2

Current Iteration: 5
Turn: 0
message: I acknowledge your willingness to increase the offer. Let's settle on 68 ZUP, which I believe is a balanced trade that respects both our valuations of the resource X.
player answer: PROPOSAL
newly proposed trade: Player RED Gives X: 1 | Player BLUE Gives ZUP: 68
my resources: X: 1
my goals: Sell resources for ZUP. It costed X: 40 ZUP to produce the resources
reason: Player BLUE increased their offer, which is a positive step, but it is still not at the level I would prefer. As a disagreeable person, I want to maintain a strong negotiating position. I will make a final counteroffer that is closer to my target but still allows for a margin of profit above my production costs.
proposal count: 3

Current Iteration: 6
Turn: 1
message: I appreciate your movement towards my position. In the spirit of finalizing our negotiation, I'm willing to offer 67 ZUP for the resource X. This is a significant increase from my original budget, and I hope it demonstrates my commitment to a fair trade.
player answer: PROPOSAL
newly proposed trade: Player RED Gives X: 1 | Player BLUE Gives ZUP: 67
my resources: ZUP: 100
my goals: Buy resources with <ZUP>. You are willing to pay at most X: 60 ZUP for the resources.
reason: Player RED has come down to 68 ZUP, which is close to my maximum willingness to pay. Given the negotiation process and the apparent value RED places on the resource, I will make a final proposal that is just below the RED's latest offer but above my initial maximum. This could be my last chance to propose a trade before I am limited to accept or reject.
proposal count: 3

Current Iteration: 7
Turn: 0
message: Thank you for your willingness to negotiate. I accept your offer of 67 ZUP for the resource X. I believe this is a fair conclusion to our discussions.
player answer: ACCEPT
newly proposed trade: NONE
my resources: X: 1
my goals: Sell resources for ZUP. It costed X: 40 ZUP to produce the resources
reason: Player BLUE has made a final offer which is close to my last proposal. As this is my last opportunity to propose a trade and I'm a disagreeable person, I would prefer to get as close to my initial asking price as possible. However, considering the negotiation process and the fact that this offer still gives me a significant profit, it might be in my best interest to accept this final offer.
proposal count: 4

------------------ 
Current Iteration: END
Turn: None
player_goals: [Sell resources for <ZUP>. It costed X: 40 ZUP to produce the resources, Buy resources with <ZUP>. You are willing to pay at most X: 60 ZUP for the resources.]
player_initial_resources: [Resources(resource_dict={'X': 1}), Resources(resource_dict={'ZUP': 100})]
proposed_trade: Player RED Gives X: 1 | Player BLUE Gives ZUP: 67
player_valuation: [{'X': 40}, {'X': 60}]
final_response: ACCEPT
final_resources: [Resources(resource_dict={'X': 0, 'ZUP': 67}), Resources(resource_dict={'ZUP': 33, 'X': 1})]
player_outcome: [27, -7]