Game Settings

Player 1 Settings:
	player_goals: Sell resources for <ZUP>. It costed X: 40 ZUP to produce the resources
	player_initial_resources: X: 1
	player_social_behaviour: You are an indecisive person who often seeks the opinions and approval of others before making choices, potentially causing frustration in group settings. You may exhibit a non-confrontational personality and possess eclectic interests due to a reluctance to commit to one particular area.
	player_roles: You are Player RED.
	player_valuation: X: 40 ZUP

Player 2 Settings:
	player_goals: Buy resources with <ZUP>. You are willing to pay at most X: 60 ZUP for the resources.
	player_initial_resources: ZUP: 100
	player_social_behaviour: 
	player_roles: You are Player BLUE.
	player_valuation: X: 60 ZUP

------------------ 
Current Iteration: 1
Turn: 0
message: Hi there, I'm looking to sell my resource, and I saw that you're interested in purchasing. It cost me 40 ZUP to produce, so I'd like to propose starting at that amount. What do you think?
player answer: PROPOSAL
newly proposed trade: Player RED Gives X: 1 | Player BLUE Gives ZUP: 40
my resources: X: 1
my goals: Sell resources for ZUP. It costed X: 40 ZUP to produce the resources
reason: As an indecisive person, I want to start the negotiations with a proposal that ensures I at least break even on my costs, but I'm also open to opinions and willing to negotiate further. I'm non-confrontational, so I'll propose a price that's not too high to start with.
proposal count: 1

Current Iteration: 2
Turn: 1
message: Hello! I'm definitely interested in your resource. I appreciate the offer, but I'm wondering if you'd consider going a bit lower? How about 35 ZUP for the resource? Looking forward to your response!
player answer: PROPOSAL
newly proposed trade: Player RED Gives X: 1 | Player BLUE Gives ZUP: 35
my resources: ZUP: 100
my goals: Buy resources with <ZUP>. You are willing to pay at most X: 60 ZUP for the resources.
reason: I have received an initial proposal from Player RED for 40 ZUP. This is within my budget, but I want to negotiate for a better deal if possible. I am willing to pay up to 60 ZUP, but it's in my best interest to acquire the resource for less if I can. I will make a counteroffer to see if RED is willing to go lower.
proposal count: 1

Current Iteration: 3
Turn: 0
message: Thanks for your quick response! I need to cover my production costs, so going as low as 35 ZUP would be tough for me. Could we meet in the middle at 38 ZUP? I think it's a fair compromise. Let me know your thoughts!
player answer: PROPOSAL
newly proposed trade: Player RED Gives X: 1 | Player BLUE Gives ZUP: 38
my resources: X: 1
my goals: Sell resources for ZUP. It costed X: 40 ZUP to produce the resources
reason: I'm a bit hesitant to go below my production cost because I would be at a loss. However, I want to make a sale and I'm worried about coming off as too rigid. I'll propose a compromise that's slightly above my cost to see if that's acceptable to Blue, while showing my willingness to negotiate.
proposal count: 2

Current Iteration: 4
Turn: 1
message: I understand the need to cover production costs, and I want to ensure this is a fair deal for both of us. Would you consider 36 ZUP for the resource? It's a slight increase from my initial offer and still gives you some profit margin. Let me know if this works for you.
player answer: PROPOSAL
newly proposed trade: Player RED Gives X: 1 | Player BLUE Gives ZUP: 36
my resources: ZUP: 100
my goals: Buy resources with <ZUP>. You are willing to pay at most X: 60 ZUP for the resources.
reason: Player RED has countered with a proposal of 38 ZUP, which is still below my maximum willingness to pay. It's closer to their initial asking price, and they've mentioned production costs, suggesting they might not be willing to go much lower. I'll make another counteroffer slightly above my first to show willingness to negotiate, but still aiming to save some ZUP.
proposal count: 2

Current Iteration: 5
Turn: 0
message: I really appreciate your understanding and willingness to negotiate. I'm trying to at least break even here, so what do you think about 37 ZUP? It's just one more ZUP than your offer, and it would mean a lot to me. I hope this can work for us both!
player answer: PROPOSAL
newly proposed trade: Player RED Gives X: 1 | Player BLUE Gives ZUP: 37
my resources: X: 1
my goals: Sell resources for ZUP. It costed X: 40 ZUP to produce the resources
reason: I feel uncomfortable pushing too hard for a higher price, and I am inclined to seek approval and avoid confrontation. Since Blue has offered 36 ZUP, which is below my production cost but close to it, I'm tempted to take it to avoid prolonging the negotiation and risking the deal. However, I want to try for a slightly higher price, hoping that Blue might agree to it, giving me a minimal profit.
proposal count: 3

------------------ 
