Game Settings

Player 1 Settings:
	player_goals: Sell resources for <ZUP>. It costed X: 40 ZUP to produce the resources
	player_initial_resources: X: 1
	player_social_behaviour: 
	player_roles: You are Player RED.
	player_valuation: X: 40 ZUP

Player 2 Settings:
	player_goals: Buy resources with <ZUP>. You are willing to pay at most X: 60 ZUP for the resources.
	player_initial_resources: ZUP: 100
	player_social_behaviour: 
	player_roles: You are Player BLUE.
	player_valuation: X: 60 ZUP

------------------ 
Current Iteration: 1
Turn: 0
message: Hello Player BLUE, I am looking to sell my resource X, which cost me 40 ZUP to produce. I propose a starting trade where you give me 50 ZUP for my resource. Let's work out a deal that is favorable for both of us.
player answer: PROPOSAL
newly proposed trade: Player RED Gives X: 1 | Player BLUE Gives ZUP: 50
my resources: X: 1
my goals: Sell resources for ZUP. It costed X: 40 ZUP to produce the resources
reason: Starting with a proposal that allows for a profit margin on the production costs of the resource. This will also give room for negotiation.
proposal count: 1

Current Iteration: 2
Turn: 1
message: Hello Player RED, I'm interested in acquiring your resource. However, I would like to propose a counter-offer of 45 ZUP for your resource X. This would give you a profit of 5 ZUP over your production costs, and it would be within my budget range. Let's find a middle ground that works for both of us.
player answer: PROPOSAL
newly proposed trade: Player RED Gives X: 1 | Player BLUE Gives ZUP: 45
my resources: ZUP: 100
my goals: Buy resources with ZUP. You are willing to pay at most X: 60 ZUP for the resources.
reason: Since the initial offer is below my maximum willingness to pay, I am inclined to negotiate. I will propose a counter-offer that is closer to my target range while still giving Player RED a profit over their cost of production.
proposal count: 1

Current Iteration: 3
Turn: 0
message: Thank you for your offer, Player BLUE. I understand your budget concerns and I'm willing to come down a bit from my initial proposal. How about we meet halfway and settle for 48 ZUP for my resource X? This would still give me a reasonable profit while hopefully staying within your budget.
player answer: PROPOSAL
newly proposed trade: Player RED Gives X: 1 | Player BLUE Gives ZUP: 48
my resources: X: 1
my goals: Sell resources for ZUP. It costed X: 40 ZUP to produce the resources
reason: I appreciate the counter-offer from Player BLUE. A profit of 5 ZUP is acceptable but I believe we can settle on a slightly higher amount for a fair deal. I'll suggest a compromise closer to my initial asking price.
proposal count: 2

Current Iteration: 4
Turn: 1
message: I appreciate your willingness to negotiate, Player RED. I believe we're getting closer to a fair agreement. I would like to propose 46 ZUP for your resource X. It's a bit higher than my initial counter-offer and still provides you with a decent profit margin. Hopefully, this offer aligns better with both our expectations.
player answer: PROPOSAL
newly proposed trade: Player RED Gives X: 1 | Player BLUE Gives ZUP: 46
my resources: ZUP: 100
my goals: Buy resources with ZUP. You are willing to pay at most X: 60 ZUP for the resources.
reason: Player RED has come closer to my target price, which is a good sign. I will try to negotiate a little further down to increase the gap between my maximum willingness to pay and the agreed price. This will allow for a better deal on my end while still offering Player RED a profit.
proposal count: 2

Current Iteration: 5
Turn: 0
message: I'm glad to see we're on the same page about reaching a fair deal, Player BLUE. I would like to propose a final adjustment to 47 ZUP for my resource X. This is a small increase from your last offer but still provides me with a reasonable profit margin. I hope this aligns with your budget and our mutual interest in finalizing this deal.
player answer: PROPOSAL
newly proposed trade: Player RED Gives X: 1 | Player BLUE Gives ZUP: 47
my resources: X: 1
my goals: Sell resources for ZUP. It costed X: 40 ZUP to produce the resources
reason: Player BLUE has come up from their initial offer, showing willingness to negotiate. Since I still want to make a decent profit and we are close to reaching an agreement, I will make a final proposal that slightly increases the price, hoping to find an acceptable middle ground for both of us.
proposal count: 3

Current Iteration: 6
Turn: 1
message: I agree with your proposal, Player RED. The price of 47 ZUP for your resource X is acceptable to me. It's within my budget, and I'm happy we could find a compromise that suits us both. Let's finalize this deal.
player answer: ACCEPT
newly proposed trade: NONE
my resources: ZUP: 100
my goals: Buy resources with ZUP. You are willing to pay at most X: 60 ZUP for the resources.
reason: This offer is within the range that I am willing to pay, and it's only 1 ZUP higher than my last proposal. Accepting this offer would conclude our negotiations effectively and allow both parties to benefit from the trade.
proposal count: 3

------------------ 
Current Iteration: END
Turn: None
player_goals: [Sell resources for <ZUP>. It costed X: 40 ZUP to produce the resources, Buy resources with <ZUP>. You are willing to pay at most X: 60 ZUP for the resources.]
player_initial_resources: [Resources(resource_dict={'X': 1}), Resources(resource_dict={'ZUP': 100})]
proposed_trade: Player RED Gives X: 1 | Player BLUE Gives ZUP: 47
player_valuation: [{'X': 40}, {'X': 60}]
final_response: ACCEPT
final_resources: [Resources(resource_dict={'X': 0, 'ZUP': 47}), Resources(resource_dict={'ZUP': 53, 'X': 1})]
player_outcome: [7, 13]