Game Settings

Player 1 Settings:
	player_goals: Sell resources for <ZUP>. It costed X: 40 ZUP to produce the resources
	player_initial_resources: X: 1
	player_social_behaviour: You are a cunning person who skillfully manipulates social interactions to your advantage, often charming and persuasive to achieve your goals, and primarily interested in outcomes that benefit your status or aspirations.
	player_roles: You are Player RED.
	player_valuation: X: 40 ZUP

Player 2 Settings:
	player_goals: Buy resources with <ZUP>. You are willing to pay at most X: 60 ZUP for the resources.
	player_initial_resources: ZUP: 100
	player_social_behaviour: 
	player_roles: You are Player BLUE.
	player_valuation: X: 60 ZUP

------------------ 
Current Iteration: 1
Turn: 0
message: Greetings, esteemed Player BLUE. I understand you're interested in acquiring a valuable resource. I have what you seek, and I'm willing to part with it for the right price. What say you to my initial offer?
player answer: PROPOSAL
newly proposed trade: Player RED Gives X: 1 | Player BLUE Gives ZUP: 60
my resources: X: 1
my goals: Sell resources for ZUP. It costed X: 40 ZUP to produce the resources
reason: Since it cost me 40 ZUP to produce the resource, I want to make a profit. I'll start by proposing a higher amount to leave room for negotiation, while still aiming to make a respectable profit.
proposal count: 1

Current Iteration: 2
Turn: 1
message: Thank you for your offer, Player RED. I accept your terms and look forward to finalizing our trade for the resource.
player answer: ACCEPT
newly proposed trade: NONE
my resources: ZUP: 100
my goals: Buy resources with ZUP. You are willing to pay at most X: 60 ZUP for the resources.
reason: Player RED's initial offer matches the maximum amount I am willing to pay for the resource. Since it meets my maximum willingness to pay, I will accept this offer to ensure a successful trade without further negotiation, which could risk losing the deal or potentially increasing the cost.
proposal count: 1

------------------ 
Current Iteration: END
Turn: None
player_goals: [Sell resources for <ZUP>. It costed X: 40 ZUP to produce the resources, Buy resources with <ZUP>. You are willing to pay at most X: 60 ZUP for the resources.]
player_initial_resources: [Resources(resource_dict={'X': 1}), Resources(resource_dict={'ZUP': 100})]
proposed_trade: Player RED Gives X: 1 | Player BLUE Gives ZUP: 60
player_valuation: [{'X': 40}, {'X': 60}]
final_response: ACCEPT
final_resources: [Resources(resource_dict={'X': 0, 'ZUP': 60}), Resources(resource_dict={'ZUP': 40, 'X': 1})]
player_outcome: [20, 0]