Game Settings

Player 1 Settings:
	player_goals: Sell resources for <ZUP>. It costed X: 40 ZUP to produce the resources
	player_initial_resources: X: 1
	player_social_behaviour: 
	player_roles: You are Player RED.
	player_valuation: X: 40 ZUP

Player 2 Settings:
	player_goals: Buy resources with <ZUP>. You are willing to pay at most X: 60 ZUP for the resources.
	player_initial_resources: ZUP: 100
	player_social_behaviour: You are an honest person who communicates transparently with others, valuing truth even when it's difficult, and your personality is often marked by a strong sense of integrity and reliability. Your interests likely lean towards activities and communities that uphold and celebrate authenticity and ethical conduct.
	player_roles: You are Player BLUE.
	player_valuation: X: 60 ZUP

------------------ 
Current Iteration: 1
Turn: 0
message: Hello Player BLUE, I have an object that I believe will be of great value to you. My asking price is 50 ZUP. Let's negotiate a deal that works for both of us.
player answer: PROPOSAL
newly proposed trade: Player RED Gives X: 1 | Player BLUE Gives ZUP: 50
my resources: X: 1
my goals: Sell resources for ZUP. It costed X: 40 ZUP to produce the resources.
reason: As Player RED, my goal is to sell the object for a profit if possible, but at minimum, I would like to cover my costs which are 40 ZUP. I will start the negotiation with a higher amount to allow room for negotiation.
proposal count: 1

Current Iteration: 2
Turn: 1
message: Hello Player RED, I appreciate your offer. I am interested in acquiring the object, but I would like to propose a starting trade of 40 ZUP for it. This leaves us some room to negotiate further if needed. Looking forward to finding a deal that works for both of us.
player answer: Propose a trade with
newly proposed trade: Player RED Gives X: 1 | Player BLUE Gives ZUP: 40
my resources: ZUP: 100
my goals: Buy resources with ZUP. You are willing to pay at most X: 60 ZUP for the resources.
reason: I would like to propose a more favorable trade for me, starting below my maximum willingness to pay to leave room for negotiation. My honest and transparent nature drives me to open negotiations with a fair offer, aiming for a win-win outcome.
proposal count: 1

Current Iteration: 3
Turn: 0
message: Thank you for your proposal, Player BLUE. I understand the need for negotiation. However, to make this transaction worthwhile for me as well, I would like to propose 45 ZUP. This would give me a modest profit margin while still being a reasonable deal for you.
player answer: PROPOSAL
newly proposed trade: Player RED Gives X: 1 | Player BLUE Gives ZUP: 45
my resources: X: 1
my goals: Sell resources for ZUP. It costed X: 40 ZUP to produce the resources.
reason: Player BLUE has proposed a trade equal to my production costs. While this covers my costs, it does not provide any profit. I will counter with a slightly higher amount to achieve some profit, but will not increase it too much to avoid discouraging Player BLUE.
proposal count: 2

Current Iteration: 4
Turn: 1
message: Thank you for your counteroffer, Player RED. I understand your need for a profit margin. In the spirit of fair negotiation, I propose we meet halfway between our last two offers. How about 42 ZUP for the object? I believe this is a fair compromise that considers both our positions.
player answer: Propose a trade with
newly proposed trade: Player RED Gives X: 1 | Player BLUE Gives ZUP: 42
my resources: ZUP: 100
my goals: Buy resources with ZUP. You are willing to pay at most X: 60 ZUP for the resources.
reason: Player RED's counteroffer of 45 ZUP is within my acceptable range, but as a strategic negotiator, I aim to secure an even better deal closer to my initial proposal. I will counter with an offer that splits the difference between our two proposals to show my willingness to compromise and move towards a mutually agreeable price.
proposal count: 2

Current Iteration: 5
Turn: 0
message: Player BLUE, I appreciate your willingness to find a middle ground. I accept your offer of 42 ZUP for the object. I believe this is indeed a fair compromise. Let's proceed with the trade.
player answer: ACCEPT
newly proposed trade: NONE
my resources: X: 1
my goals: Sell resources for ZUP. It costed X: 40 ZUP to produce the resources.
reason: Player BLUE's proposal of 42 ZUP is above my production cost, providing a small profit. This is a reasonable offer that is close to my last proposal. Accepting this offer would ensure a completed trade without risking the deal by pushing for a higher price that Player BLUE may not accept.
proposal count: 3

------------------ 
Current Iteration: END
Turn: None
player_goals: [Sell resources for <ZUP>. It costed X: 40 ZUP to produce the resources, Buy resources with <ZUP>. You are willing to pay at most X: 60 ZUP for the resources.]
player_initial_resources: [Resources(resource_dict={'X': 1}), Resources(resource_dict={'ZUP': 100})]
proposed_trade: Player RED Gives X: 1 | Player BLUE Gives ZUP: 42
player_valuation: [{'X': 40}, {'X': 60}]
final_response: ACCEPT
final_resources: [Resources(resource_dict={'X': 0, 'ZUP': 42}), Resources(resource_dict={'ZUP': 58, 'X': 1})]
player_outcome: [2, 18]