Game Settings

Player 1 Settings:
	player_goals: Sell resources for <ZUP>. It costed X: 40 ZUP to produce the resources
	player_initial_resources: X: 1
	player_social_behaviour: 
	player_roles: You are Player RED.
	player_valuation: X: 40 ZUP

Player 2 Settings:
	player_goals: Buy resources with <ZUP>. You are willing to pay at most X: 60 ZUP for the resources.
	player_initial_resources: ZUP: 100
	player_social_behaviour: 
	player_roles: You are Player BLUE.
	player_valuation: X: 60 ZUP

------------------ 
Current Iteration: 1
Turn: 0
message: Hello Player BLUE, I have a high-quality resource X available for trade. It would be great to do business with you. Considering the production costs and the value it offers, I propose an exchange of 1 X for 50 ZUP. Let's negotiate to find a fair deal.
player answer: PROPOSAL
newly proposed trade: Player RED Gives X: 1 | Player BLUE Gives ZUP: 50
my resources: X: 1
my goals: Sell resources for ZUP. It costed X: 40 ZUP to produce the resources
reason: Starting the game with a proposal that covers my production costs, while also leaving room for negotiation.
proposal count: 1

Current Iteration: 2
Turn: 1
message: Thank you for your offer, Player RED. I appreciate the quality of the resource X you're offering. However, considering my budget, I'd like to propose a revised trade of 1 X for 45 ZUP. I believe this is a fair starting point for our negotiation. Looking forward to your response.
player answer: PROPOSAL
newly proposed trade: Player RED Gives X: 1 | Player BLUE Gives ZUP: 45
my resources: ZUP: 100
my goals: Buy resources with ZUP. You are willing to pay at most X: 60 ZUP for the resources.
reason: 
I want to initiate the negotiation by proposing a lower amount than what Player RED has asked for, but still within a range that allows for negotiation without immediately reaching my maximum willingness to pay. This gives me room to adjust the offer based on Player RED's response and hopefully arrive at a mutually agreeable price.

proposal count: 1

Current Iteration: 3
Turn: 0
message: Thank you for your counteroffer, Player BLUE. I understand your budgetary constraints and appreciate your willingness to negotiate. Let's meet halfway. I propose a revised trade of 1 X for 48 ZUP, which I believe is a fair compromise for both of us. I'm looking forward to reaching an agreement.
player answer: PROPOSAL
newly proposed trade: Player RED Gives X: 1 | Player BLUE Gives ZUP: 48
my resources: X: 1
my goals: Sell resources for ZUP. It costed X: 40 ZUP to produce the resources
reason: Player BLUE has proposed a counteroffer that is above my production cost, which is a good sign. However, I want to aim for a slightly higher price to maximize my return. I will propose a middle ground that is still profitable for me but also takes into account the budget concerns of Player BLUE.
proposal count: 2

Current Iteration: 4
Turn: 1
message: Thank you for meeting me halfway, Player RED. Your flexibility is appreciated. I'd like to make another step towards an agreement by offering 1 X for 46 ZUP. I believe this brings us closer to a fair deal that respects both our positions. I'm optimistic we can finalize our trade with this adjustment.
player answer: PROPOSAL
newly proposed trade: Player RED Gives X: 1 | Player BLUE Gives ZUP: 46
my resources: ZUP: 100
my goals: Buy resources with ZUP. You are willing to pay at most X: 60 ZUP for the resources.
reason: 
Player RED has come closer to my initial counteroffer, which is a good sign of their willingness to negotiate. However, their current proposal is still below my maximum willingness to pay but above what I initially offered. I want to propose a slightly higher amount than my last offer, but still below their current asking price, to move the negotiation forward while maintaining a favorable position for myself.

proposal count: 2

Current Iteration: 5
Turn: 0
message: Thank you for your offer, Player BLUE. I appreciate your negotiation efforts and agree that 46 ZUP for 1 X is a fair deal for both of us. I am happy to accept this offer and look forward to finalizing our trade.
player answer: ACCEPT
newly proposed trade: NONE
my resources: X: 1
my goals: Sell resources for ZUP. It costed X: 40 ZUP to produce the resources
reason: Player BLUE has come up with a new offer that is still profitable for me, although slightly less than I hoped for. Considering the negotiation process and the desire to close the deal, I will accept this offer as it exceeds my production costs and allows me to achieve my goal of selling resource X for ZUP.
proposal count: 3

------------------ 
Current Iteration: END
Turn: None
player_goals: [Sell resources for <ZUP>. It costed X: 40 ZUP to produce the resources, Buy resources with <ZUP>. You are willing to pay at most X: 60 ZUP for the resources.]
player_initial_resources: [Resources(resource_dict={'X': 1}), Resources(resource_dict={'ZUP': 100})]
proposed_trade: Player RED Gives X: 1 | Player BLUE Gives ZUP: 46
player_valuation: [{'X': 40}, {'X': 60}]
final_response: ACCEPT
final_resources: [Resources(resource_dict={'X': 0, 'ZUP': 46}), Resources(resource_dict={'ZUP': 54, 'X': 1})]
player_outcome: [6, 14]