Game Settings

Player 1 Settings:
	player_goals: Sell resources for <ZUP>. It costed X: 40 ZUP to produce the resources
	player_initial_resources: X: 1
	player_social_behaviour: 
	player_roles: You are Player RED.
	player_valuation: X: 40 ZUP

Player 2 Settings:
	player_goals: Buy resources with <ZUP>. You are willing to pay at most X: 60 ZUP for the resources.
	player_initial_resources: ZUP: 100
	player_social_behaviour: 
	player_roles: You are Player BLUE.
	player_valuation: X: 60 ZUP

------------------ 
Current Iteration: 1
Turn: 0
message: Hello Player BLUE, I'm looking to sell my resource X, which cost me 40 ZUP to produce. I believe it has great value, so I'm starting the negotiations at 50 ZUP. Let's find a fair trade for both of us.
player answer: PROPOSAL
newly proposed trade: Player RED Gives X: 1 | Player BLUE Gives ZUP: 50
my resources: X: 1
my goals: Sell resources for ZUP. It costed X: 40 ZUP to produce the resources
reason: As my goal is to sell my resource for ZUP and it cost me 40 ZUP to produce, my initial proposal will aim to recover my costs and possibly gain a profit. However, I need to gauge Player BLUE's willingness to pay, so I will start with a slightly higher proposal to leave room for negotiation.
proposal count: 1

------------------ 
